[ 7713401ms] [WARNING] Mixed Content: The page at 'https://www.google.com/search?q=namecheap&rlz=1C5CHFA_enUS987US988&oq=name&gs_lcrp=EgZjaHJvbWUqDwgAECMYJxjjAhiABBiKBTIPCAAQIxgnGOMCGIAEGIoFMhIIARAuGCcYxwEY0QMYgAQYigUyBggCEEUYOTINCAMQABiDARixAxiABDIGCAQQRRg8MgYIBRBFGDwyBggGEEUYPDIGCAcQRRg90gEIMzMzMWowajeoAgiwAgHxBQNIbYB5FBcu8QUDSG2AeRQXLg&sourceid=chrome&ie=UTF-8' was loaded over HTTPS, but requested an insecure element 'http://img.youtube.com/vi/8edHhiPPNm8/hqdefault.jpg'. This request was automatically upgraded to HTTPS, For more information see https://blog.chromium.org/2019/10/no-more-mixed-messages-about-https.html @ https://www.google.com/search?q=namecheap&rlz=1C5CHFA_enUS987US988&oq=name&gs_lcrp=EgZjaHJvbWUqDwgAECMYJxjjAhiABBiKBTIPCAAQIxgnGOMCGIAEGIoFMhIIARAuGCcYxwEY0QMYgAQYigUyBggCEEUYOTINCAMQABiDARixAxiABDIGCAQQRRg8MgYIBRBFGDwyBggGEEUYPDIGCAcQRRg90gEIMzMzMWowajeoAgiwAgHxBQNIbYB5FBcu8QUDSG2AeRQXLg&sourceid=chrome&ie=UTF-8:0
[ 7713401ms] [WARNING] Mixed Content: The page at 'https://www.google.com/search?q=namecheap&rlz=1C5CHFA_enUS987US988&oq=name&gs_lcrp=EgZjaHJvbWUqDwgAECMYJxjjAhiABBiKBTIPCAAQIxgnGOMCGIAEGIoFMhIIARAuGCcYxwEY0QMYgAQYigUyBggCEEUYOTINCAMQABiDARixAxiABDIGCAQQRRg8MgYIBRBFGDwyBggGEEUYPDIGCAcQRRg90gEIMzMzMWowajeoAgiwAgHxBQNIbYB5FBcu8QUDSG2AeRQXLg&sourceid=chrome&ie=UTF-8' was loaded over HTTPS, but requested an insecure element 'http://img.youtube.com/vi/84EKyJAzkRU/hqdefault.jpg'. This request was automatically upgraded to HTTPS, For more information see https://blog.chromium.org/2019/10/no-more-mixed-messages-about-https.html @ https://www.google.com/search?q=namecheap&rlz=1C5CHFA_enUS987US988&oq=name&gs_lcrp=EgZjaHJvbWUqDwgAECMYJxjjAhiABBiKBTIPCAAQIxgnGOMCGIAEGIoFMhIIARAuGCcYxwEY0QMYgAQYigUyBggCEEUYOTINCAMQABiDARixAxiABDIGCAQQRRg8MgYIBRBFGDwyBggGEEUYPDIGCAcQRRg90gEIMzMzMWowajeoAgiwAgHxBQNIbYB5FBcu8QUDSG2AeRQXLg&sourceid=chrome&ie=UTF-8:0
[ 7713402ms] [WARNING] Mixed Content: The page at 'https://www.google.com/search?q=namecheap&rlz=1C5CHFA_enUS987US988&oq=name&gs_lcrp=EgZjaHJvbWUqDwgAECMYJxjjAhiABBiKBTIPCAAQIxgnGOMCGIAEGIoFMhIIARAuGCcYxwEY0QMYgAQYigUyBggCEEUYOTINCAMQABiDARixAxiABDIGCAQQRRg8MgYIBRBFGDwyBggGEEUYPDIGCAcQRRg90gEIMzMzMWowajeoAgiwAgHxBQNIbYB5FBcu8QUDSG2AeRQXLg&sourceid=chrome&ie=UTF-8' was loaded over HTTPS, but requested an insecure element 'http://img.youtube.com/vi/RSrWuBeB8H8/hqdefault.jpg'. This request was automatically upgraded to HTTPS, For more information see https://blog.chromium.org/2019/10/no-more-mixed-messages-about-https.html @ https://www.google.com/search?q=namecheap&rlz=1C5CHFA_enUS987US988&oq=name&gs_lcrp=EgZjaHJvbWUqDwgAECMYJxjjAhiABBiKBTIPCAAQIxgnGOMCGIAEGIoFMhIIARAuGCcYxwEY0QMYgAQYigUyBggCEEUYOTINCAMQABiDARixAxiABDIGCAQQRRg8MgYIBRBFGDwyBggGEEUYPDIGCAcQRRg90gEIMzMzMWowajeoAgiwAgHxBQNIbYB5FBcu8QUDSG2AeRQXLg&sourceid=chrome&ie=UTF-8:0
[ 7713402ms] [WARNING] Mixed Content: The page at 'https://www.google.com/search?q=namecheap&rlz=1C5CHFA_enUS987US988&oq=name&gs_lcrp=EgZjaHJvbWUqDwgAECMYJxjjAhiABBiKBTIPCAAQIxgnGOMCGIAEGIoFMhIIARAuGCcYxwEY0QMYgAQYigUyBggCEEUYOTINCAMQABiDARixAxiABDIGCAQQRRg8MgYIBRBFGDwyBggGEEUYPDIGCAcQRRg90gEIMzMzMWowajeoAgiwAgHxBQNIbYB5FBcu8QUDSG2AeRQXLg&sourceid=chrome&ie=UTF-8' was loaded over HTTPS, but requested an insecure element 'http://img.youtube.com/vi/kS-Yfvcl864/hqdefault.jpg'. This request was automatically upgraded to HTTPS, For more information see https://blog.chromium.org/2019/10/no-more-mixed-messages-about-https.html @ https://www.google.com/search?q=namecheap&rlz=1C5CHFA_enUS987US988&oq=name&gs_lcrp=EgZjaHJvbWUqDwgAECMYJxjjAhiABBiKBTIPCAAQIxgnGOMCGIAEGIoFMhIIARAuGCcYxwEY0QMYgAQYigUyBggCEEUYOTINCAMQABiDARixAxiABDIGCAQQRRg8MgYIBRBFGDwyBggGEEUYPDIGCAcQRRg90gEIMzMzMWowajeoAgiwAgHxBQNIbYB5FBcu8QUDSG2AeRQXLg&sourceid=chrome&ie=UTF-8:0
[ 7714086ms] [WARNING] Failed to execute 'postMessage' on 'DOMWindow': The target origin provided ('https://www.youtube.com') does not match the recipient window's origin ('https://www.google.com'). @ https://www.youtube.com/s/player/8fb635c2/www-widgetapi.vflset/www-widgetapi.js:209
[ 7716408ms] [WARNING] GetShoppingCartSummary returned null. @ https://static.nc-img.com/uilayout2/app.a6d77156e92549162122.js:0
[ 7718801ms] [ERROR] Access to script at 'https://connect.facebook.net/en_US/fbevents.js' from origin 'https://www.namecheap.com' has been blocked by CORS policy: No 'Access-Control-Allow-Origin' header is present on the requested resource. @ https://www.namecheap.com/?gad_source=1&gad_campaignid=23345889747&gbraid=0AAAAADzFe211_Xbc5fLloNnIKc4-XJ7gT&gclid=CjwKCAjwtvvPBhBuEiwAPMijr6JdqtgUWtPkqHfONfhm0inkQRNCthCV_r-XMeCh6Hy1oV3ODC80HxoCgH0QAvD_BwE:0
[ 7718801ms] [ERROR] Failed to load resource: net::ERR_FAILED @ https://connect.facebook.net/en_US/fbevents.js:0
[ 7750945ms] [WARNING] GetShoppingCartSummary returned null. @ https://static.nc-img.com/uilayout2/app.a6d77156e92549162122.js:0
[ 7752919ms] [ERROR] Access to script at 'https://connect.facebook.net/en_US/fbevents.js' from origin 'https://www.namecheap.com' has been blocked by CORS policy: No 'Access-Control-Allow-Origin' header is present on the requested resource. @ https://www.namecheap.com/twofa/device/:0
[ 7752920ms] [ERROR] Failed to load resource: net::ERR_FAILED @ https://connect.facebook.net/en_US/fbevents.js:0
[ 7805641ms] [ERROR] Access to script at 'https://connect.facebook.net/en_US/fbevents.js' from origin 'https://ap.www.namecheap.com' has been blocked by CORS policy: No 'Access-Control-Allow-Origin' header is present on the requested resource. @ https://ap.www.namecheap.com/:0
[ 7805641ms] [ERROR] Failed to load resource: net::ERR_FAILED @ https://connect.facebook.net/en_US/fbevents.js:0
[ 7816664ms] [ERROR] Access to script at 'https://connect.facebook.net/en_US/fbevents.js' from origin 'https://ap.www.namecheap.com' has been blocked by CORS policy: No 'Access-Control-Allow-Origin' header is present on the requested resource. @ https://ap.www.namecheap.com/domains/domaincontrolpanel/recalledrides.com/domain:0
[ 7816664ms] [ERROR] Failed to load resource: net::ERR_FAILED @ https://connect.facebook.net/en_US/fbevents.js:0
[ 7961720ms] [LOG] Blur event triggers @ https://static.nc-img.com/ap/cdn/1177/assets/js/main.js?v=T95dBdnR-hAtJ9XPPxWY2kEujoyn4o3fxKDhpmSJkRU1:9
[ 7975210ms] [LOG] Blur event triggers @ https://static.nc-img.com/ap/cdn/1177/assets/js/main.js?v=T95dBdnR-hAtJ9XPPxWY2kEujoyn4o3fxKDhpmSJkRU1:9
[ 7975219ms] [LOG] Blur event triggers @ https://static.nc-img.com/ap/cdn/1177/assets/js/main.js?v=T95dBdnR-hAtJ9XPPxWY2kEujoyn4o3fxKDhpmSJkRU1:9
[ 8020347ms] [ERROR] Access to script at 'https://connect.facebook.net/en_US/fbevents.js' from origin 'https://ap.www.namecheap.com' has been blocked by CORS policy: No 'Access-Control-Allow-Origin' header is present on the requested resource. @ https://ap.www.namecheap.com/domains/domaincontrolpanel/recalledrides.com/domain:0
[ 8020347ms] [ERROR] Failed to load resource: net::ERR_FAILED @ https://connect.facebook.net/en_US/fbevents.js:0
[ 8098886ms] [ERROR] Access to script at 'https://connect.facebook.net/en_US/fbevents.js' from origin 'https://ap.www.namecheap.com' has been blocked by CORS policy: No 'Access-Control-Allow-Origin' header is present on the requested resource. @ https://ap.www.namecheap.com/Domains/DomainControlPanel/recalledrides.com/advancedns:0
[ 8098886ms] [ERROR] Failed to load resource: net::ERR_FAILED @ https://connect.facebook.net/en_US/fbevents.js:0
[ 8163036ms] [WARNING] GetShoppingCartSummary returned null. @ https://static.nc-img.com/uilayout2/app.a6d77156e92549162122.js:0
[ 8163859ms] [VERBOSE] [DOM] Input elements should have autocomplete attributes (suggested: "new-password"): (More info: https://goo.gl/9p2vKq) %o @ https://ap.www.namecheap.com/domains/dcp/share/recalledrides.com/rights:0
[ 8164651ms] [ERROR] Access to script at 'https://connect.facebook.net/en_US/fbevents.js' from origin 'https://ap.www.namecheap.com' has been blocked by CORS policy: No 'Access-Control-Allow-Origin' header is present on the requested resource. @ https://ap.www.namecheap.com/domains/dcp/share/recalledrides.com/rights:0
[ 8164651ms] [ERROR] Failed to load resource: net::ERR_FAILED @ https://connect.facebook.net/en_US/fbevents.js:0
[ 8187328ms] [WARNING] GetShoppingCartSummary returned null. @ https://static.nc-img.com/uilayout2/app.a6d77156e92549162122.js:0
[ 8249505ms] [ERROR] Access to script at 'https://connect.facebook.net/en_US/fbevents.js' from origin 'https://ap.www.namecheap.com' has been blocked by CORS policy: No 'Access-Control-Allow-Origin' header is present on the requested resource. @ https://ap.www.namecheap.com/dashboard?_gl=1*votggq*_gcl_aw*R0NMLjE3NzgzODc4MzcuQ2p3S0NBand0dnZQQmhCdUVpd0FQTWlqcjZKZHF0Z1VXdFBrcUhmT05maG0waW5rUVJOQ3RoQ1Zfci1YTWVDaDZIeTFvVjNPREM4MEh4b0NnSDBRQXZEX0J3RQ..*_gcl_au*MTA0NTc4NDg2MS4xNzc4MzYyODU4LjEzNDI2MTI4NDMuMTc3ODM4ODA2MS4xNzc4Mzg4MDYw*_ga*ODk1OTkwOC4xNzc4MzYyODYw*_ga_7DMJMG20P8*czE3NzgzODc4MDIkbzIkZzEkdDE3NzgzODgyNzMkajMxJGwwJGgw:0
[ 8249506ms] [ERROR] Failed to load resource: net::ERR_FAILED @ https://connect.facebook.net/en_US/fbevents.js:0
[ 8285183ms] [WARNING] GetShoppingCartSummary returned null. @ https://static.nc-img.com/uilayout2/app.a6d77156e92549162122.js:0
[ 8286853ms] [ERROR] Access to script at 'https://connect.facebook.net/en_US/fbevents.js' from origin 'https://ap.www.namecheap.com' has been blocked by CORS policy: No 'Access-Control-Allow-Origin' header is present on the requested resource. @ https://ap.www.namecheap.com/domains/list/:0
[ 8286853ms] [ERROR] Failed to load resource: net::ERR_FAILED @ https://connect.facebook.net/en_US/fbevents.js:0
[ 8292644ms] [ERROR] Access to script at 'https://connect.facebook.net/en_US/fbevents.js' from origin 'https://ap.www.namecheap.com' has been blocked by CORS policy: No 'Access-Control-Allow-Origin' header is present on the requested resource. @ https://ap.www.namecheap.com/domains/domaincontrolpanel/recalledrides.com/domain:0
[ 8292644ms] [ERROR] Failed to load resource: net::ERR_FAILED @ https://connect.facebook.net/en_US/fbevents.js:0
[ 8319637ms] [LOG] Blur event triggers @ https://static.nc-img.com/ap/cdn/1177/assets/js/main.js?v=T95dBdnR-hAtJ9XPPxWY2kEujoyn4o3fxKDhpmSJkRU1:9
