[     159ms] [LOG] [ Federation Runtime ] Version 18.2.0 from dashboard of shared singleton module react does not satisfy the requirement of dashboard which needs catalog:react18) @ https://dash.cloudflare.com/runtime.ec83df9a0baa7a7d.js:3
[     162ms] [LOG] [ Federation Runtime ] Version 11.7.0 from dashboard of shared singleton module react-fela does not satisfy the requirement of dashboard which needs 11.6.1) @ https://dash.cloudflare.com/runtime.ec83df9a0baa7a7d.js:3
[     163ms] [LOG] [ Federation Runtime ] Version 18.2.0 from dashboard of shared singleton module react-dom does not satisfy the requirement of dashboard which needs catalog:react18) @ https://dash.cloudflare.com/runtime.ec83df9a0baa7a7d.js:3
[     163ms] [LOG] [ Federation Runtime ] Version 1.12.9 from dashboard of shared singleton module @cloudflare/intl-react does not satisfy the requirement of dashboard which needs workspace:^) @ https://dash.cloudflare.com/runtime.ec83df9a0baa7a7d.js:3
[     164ms] [LOG] [ Federation Runtime ] Version 1.12.9 from dashboard of shared singleton module @cloudflare/intl-react does not satisfy the requirement of dashboard which needs workspace:^) @ https://dash.cloudflare.com/runtime.ec83df9a0baa7a7d.js:3
[     164ms] [LOG] [ Federation Runtime ] Version 1.12.9 from dashboard of shared singleton module @cloudflare/intl-react does not satisfy the requirement of dashboard which needs workspace:^) @ https://dash.cloudflare.com/runtime.ec83df9a0baa7a7d.js:3
[     164ms] [LOG] [ Federation Runtime ] Version 1.12.9 from dashboard of shared singleton module @cloudflare/intl-react does not satisfy the requirement of dashboard which needs workspace:^) @ https://dash.cloudflare.com/runtime.ec83df9a0baa7a7d.js:3
[     165ms] [LOG] [ Federation Runtime ] Version 1.12.9 from dashboard of shared singleton module @cloudflare/intl-react does not satisfy the requirement of dashboard which needs workspace:^) @ https://dash.cloudflare.com/runtime.ec83df9a0baa7a7d.js:3
[     204ms] [LOG] [ Federation Runtime ] Version 18.2.0 from dashboard of shared singleton module react does not satisfy the requirement of dashboard which needs catalog:react18) @ https://dash.cloudflare.com/runtime.ec83df9a0baa7a7d.js:3
[     204ms] [LOG] [ Federation Runtime ] Version 18.2.0 from dashboard of shared singleton module react-dom does not satisfy the requirement of dashboard which needs catalog:react18) @ https://dash.cloudflare.com/runtime.ec83df9a0baa7a7d.js:3
[     274ms] [LOG] [ Federation Runtime ] Version 11.7.0 from dashboard of shared singleton module react-fela does not satisfy the requirement of dashboard which needs 11.6.1) @ https://dash.cloudflare.com/runtime.ec83df9a0baa7a7d.js:3
[     275ms] [LOG] [ Federation Runtime ] Version 1.12.9 from dashboard of shared singleton module @cloudflare/intl-react does not satisfy the requirement of dashboard which needs workspace:^) @ https://dash.cloudflare.com/runtime.ec83df9a0baa7a7d.js:3
[    1076ms] [LOG] [ Federation Runtime ] Version 1.12.9 from dashboard of shared singleton module @cloudflare/intl-react does not satisfy the requirement of dashboard which needs workspace:^) @ https://dash.cloudflare.com/cf-6534f657bf45a8f6.js:2
[    1078ms] [LOG] [ Federation Runtime ] Version 1.12.9 from dashboard of shared singleton module @cloudflare/intl-react does not satisfy the requirement of dashboard which needs workspace:^) @ https://dash.cloudflare.com/cf-6534f657bf45a8f6.js:2
[    1080ms] [LOG] [ Federation Runtime ] Version 1.12.9 from dashboard of shared singleton module @cloudflare/intl-react does not satisfy the requirement of dashboard which needs workspace:^) @ https://dash.cloudflare.com/cf-6534f657bf45a8f6.js:2
[    1081ms] [LOG] [ Federation Runtime ] Version 1.12.9 from dashboard of shared singleton module @cloudflare/intl-react does not satisfy the requirement of dashboard which needs workspace:^) @ https://dash.cloudflare.com/cf-6534f657bf45a8f6.js:2
[    1081ms] [LOG] [ Federation Runtime ] Version 1.12.9 from dashboard of shared singleton module @cloudflare/intl-react does not satisfy the requirement of dashboard which needs workspace:^) @ https://dash.cloudflare.com/cf-6534f657bf45a8f6.js:2
[    1081ms] [LOG] [ Federation Runtime ] Version 1.12.9 from dashboard of shared singleton module @cloudflare/intl-react does not satisfy the requirement of dashboard which needs workspace:^) @ https://dash.cloudflare.com/cf-6534f657bf45a8f6.js:2
[    1081ms] [LOG] [ Federation Runtime ] Version 1.12.9 from dashboard of shared singleton module @cloudflare/intl-react does not satisfy the requirement of dashboard which needs workspace:^) @ https://dash.cloudflare.com/cf-6534f657bf45a8f6.js:2
[    1081ms] [LOG] [ Federation Runtime ] Version 1.12.9 from dashboard of shared singleton module @cloudflare/intl-react does not satisfy the requirement of dashboard which needs workspace:^) @ https://dash.cloudflare.com/cf-6534f657bf45a8f6.js:2
[    1081ms] [LOG] [ Federation Runtime ] Version 1.12.9 from dashboard of shared singleton module @cloudflare/intl-react does not satisfy the requirement of dashboard which needs workspace:^) @ https://dash.cloudflare.com/cf-6534f657bf45a8f6.js:2
[    1081ms] [LOG] [ Federation Runtime ] Version 1.12.9 from dashboard of shared singleton module @cloudflare/intl-react does not satisfy the requirement of dashboard which needs workspace:^) @ https://dash.cloudflare.com/cf-6534f657bf45a8f6.js:2
[    1081ms] [LOG] [ Federation Runtime ] Version 1.12.9 from dashboard of shared singleton module @cloudflare/intl-react does not satisfy the requirement of dashboard which needs workspace:^) @ https://dash.cloudflare.com/cf-6534f657bf45a8f6.js:2
[    1081ms] [LOG] [ Federation Runtime ] Version 1.12.9 from dashboard of shared singleton module @cloudflare/intl-react does not satisfy the requirement of dashboard which needs workspace:^) @ https://dash.cloudflare.com/cf-6534f657bf45a8f6.js:2
[    1081ms] [LOG] [ Federation Runtime ] Version 1.12.9 from dashboard of shared singleton module @cloudflare/intl-react does not satisfy the requirement of dashboard which needs workspace:^) @ https://dash.cloudflare.com/cf-6534f657bf45a8f6.js:2
[    1082ms] [LOG] [ Federation Runtime ] Version 1.12.9 from dashboard of shared singleton module @cloudflare/intl-react does not satisfy the requirement of dashboard which needs workspace:^) @ https://dash.cloudflare.com/cf-6534f657bf45a8f6.js:2
[    1082ms] [LOG] [ Federation Runtime ] Version 1.12.9 from dashboard of shared singleton module @cloudflare/intl-react does not satisfy the requirement of dashboard which needs workspace:^) @ https://dash.cloudflare.com/cf-6534f657bf45a8f6.js:2
[    1082ms] [LOG] [ Federation Runtime ] Version 1.12.9 from dashboard of shared singleton module @cloudflare/intl-react does not satisfy the requirement of dashboard which needs workspace:^) @ https://dash.cloudflare.com/cf-6534f657bf45a8f6.js:2
[    1082ms] [LOG] [ Federation Runtime ] Version 1.12.9 from dashboard of shared singleton module @cloudflare/intl-react does not satisfy the requirement of dashboard which needs workspace:^) @ https://dash.cloudflare.com/cf-6534f657bf45a8f6.js:2
[    1082ms] [LOG] [ Federation Runtime ] Version 1.12.9 from dashboard of shared singleton module @cloudflare/intl-react does not satisfy the requirement of dashboard which needs workspace:^) @ https://dash.cloudflare.com/cf-6534f657bf45a8f6.js:2
[    1082ms] [LOG] [ Federation Runtime ] Version 1.12.9 from dashboard of shared singleton module @cloudflare/intl-react does not satisfy the requirement of dashboard which needs workspace:^) @ https://dash.cloudflare.com/cf-6534f657bf45a8f6.js:2
[    1082ms] [LOG] [ Federation Runtime ] Version 1.12.9 from dashboard of shared singleton module @cloudflare/intl-react does not satisfy the requirement of dashboard which needs workspace:^) @ https://dash.cloudflare.com/cf-6534f657bf45a8f6.js:2
[    1082ms] [LOG] [ Federation Runtime ] Version 1.12.9 from dashboard of shared singleton module @cloudflare/intl-react does not satisfy the requirement of dashboard which needs workspace:^) @ https://dash.cloudflare.com/cf-6534f657bf45a8f6.js:2
[  601166ms] [ERROR] Failed to load resource: the server responded with a status of 403 () @ https://dash.cloudflare.com/api/gates/api/v1/runtime/assignments:0
[  601465ms] [ERROR] Failed to load resource: the server responded with a status of 403 () @ https://dash.cloudflare.com/api/gates/api/v1/runtime/assignments:0
[  601765ms] [ERROR] Failed to load resource: the server responded with a status of 403 () @ https://dash.cloudflare.com/api/gates/api/v1/runtime/assignments:0
[  719467ms] [ERROR] Failed to load resource: the server responded with a status of 403 () @ https://dash.cloudflare.com/system/bootstrap:0
[ 1209568ms] [ERROR] Failed to load resource: the server responded with a status of 403 () @ https://dash.cloudflare.com/system/bootstrap:0
