[     542ms] [LOG] runPoptinNow @ https://cdn.popt.in/pixel.js?id=86a8a3e8a4c93:14
[     543ms] [LOG] poptinInit loading @ https://cdn.popt.in/pixel.js?id=86a8a3e8a4c93:3
[     793ms] [LOG] initiatePullPoptinsRequest() @ https://cdn.popt.in/pixel.js?id=86a8a3e8a4c93:3
[    1612ms] [ERROR] Failed to load resource: the server responded with a status of 404 () @ https://clydearmory.com/agency-trade-in-m590a1-12ga/.js:0
[    1920ms] [ERROR] Failed to load resource: the server responded with a status of 404 () @ https://clydearmory.com/agency-trade-in-m590a1-12ga/.js:0
[    2463ms] [ERROR] Failed to load resource: the server responded with a status of 404 () @ https://clydearmory.com/agency-trade-in-m590a1-12ga/.js:0
[    2808ms] [ERROR] Failed to load resource: the server responded with a status of 404 () @ https://clydearmory.com/agency-trade-in-m590a1-12ga/.js:0
[    3438ms] [ERROR] Failed to load resource: the server responded with a status of 404 () @ https://clydearmory.com/agency-trade-in-m590a1-12ga/.js:0
[    3835ms] [ERROR] Failed to load resource: the server responded with a status of 404 () @ https://clydearmory.com/agency-trade-in-m590a1-12ga/.js:0
[    4228ms] [ERROR] Failed to load resource: the server responded with a status of 404 () @ https://clydearmory.com/agency-trade-in-m590a1-12ga/.js:0
[    4552ms] [ERROR] Failed to load resource: the server responded with a status of 404 () @ https://clydearmory.com/agency-trade-in-m590a1-12ga/.js:0
[    4896ms] [ERROR] Failed to load resource: the server responded with a status of 404 () @ https://clydearmory.com/agency-trade-in-m590a1-12ga/.js:0
[    7898ms] [WARNING] The resource https://widget.privy.com/assets/widget.js was preloaded using link preload but not used within a few seconds from the window's load event. Please make sure it has an appropriate `as` value and it is preloaded intentionally. @ https://clydearmory.com/agency-trade-in-m590a1-12ga/:0
[   11722ms] [ERROR] Failed to load resource: the server responded with a status of 404 () @ https://clydearmory.com/agency-trade-in-m590a1-12ga/.js:0
[   12048ms] [ERROR] Failed to load resource: the server responded with a status of 404 () @ https://clydearmory.com/agency-trade-in-m590a1-12ga/.js:0
[   12396ms] [ERROR] Failed to load resource: the server responded with a status of 404 () @ https://clydearmory.com/agency-trade-in-m590a1-12ga/.js:0
[   12847ms] [ERROR] Failed to load resource: the server responded with a status of 404 () @ https://clydearmory.com/agency-trade-in-m590a1-12ga/.js:0
[   13138ms] [ERROR] Failed to load resource: the server responded with a status of 404 () @ https://clydearmory.com/agency-trade-in-m590a1-12ga/.js:0
[   13452ms] [ERROR] Failed to load resource: the server responded with a status of 404 () @ https://clydearmory.com/agency-trade-in-m590a1-12ga/.js:0
[   13768ms] [ERROR] Failed to load resource: the server responded with a status of 404 () @ https://clydearmory.com/agency-trade-in-m590a1-12ga/.js:0
[   14181ms] [ERROR] Failed to load resource: the server responded with a status of 404 () @ https://clydearmory.com/agency-trade-in-m590a1-12ga/.js:0
[   14486ms] [ERROR] Failed to load resource: the server responded with a status of 404 () @ https://clydearmory.com/agency-trade-in-m590a1-12ga/.js:0
[   14790ms] [ERROR] Failed to load resource: the server responded with a status of 404 () @ https://clydearmory.com/agency-trade-in-m590a1-12ga/.js:0
[   15199ms] [ERROR] Failed to load resource: the server responded with a status of 404 () @ https://clydearmory.com/agency-trade-in-m590a1-12ga/.js:0
[   15570ms] [ERROR] Failed to load resource: the server responded with a status of 404 () @ https://clydearmory.com/agency-trade-in-m590a1-12ga/.js:0
[   16045ms] [ERROR] Failed to load resource: the server responded with a status of 404 () @ https://clydearmory.com/agency-trade-in-m590a1-12ga/.js:0
[   16432ms] [ERROR] Failed to load resource: the server responded with a status of 404 () @ https://clydearmory.com/agency-trade-in-m590a1-12ga/.js:0
[   16804ms] [ERROR] Failed to load resource: the server responded with a status of 404 () @ https://clydearmory.com/agency-trade-in-m590a1-12ga/.js:0
[   17147ms] [ERROR] Failed to load resource: the server responded with a status of 404 () @ https://clydearmory.com/agency-trade-in-m590a1-12ga/.js:0
[   17454ms] [ERROR] Failed to load resource: the server responded with a status of 404 () @ https://clydearmory.com/agency-trade-in-m590a1-12ga/.js:0
[   17864ms] [ERROR] Failed to load resource: the server responded with a status of 404 () @ https://clydearmory.com/agency-trade-in-m590a1-12ga/.js:0
[   18172ms] [ERROR] Failed to load resource: the server responded with a status of 404 () @ https://clydearmory.com/agency-trade-in-m590a1-12ga/.js:0
[   18586ms] [ERROR] Failed to load resource: the server responded with a status of 404 () @ https://clydearmory.com/agency-trade-in-m590a1-12ga/.js:0
[   18902ms] [ERROR] Failed to load resource: the server responded with a status of 404 () @ https://clydearmory.com/agency-trade-in-m590a1-12ga/.js:0
[   19195ms] [ERROR] Failed to load resource: the server responded with a status of 404 () @ https://clydearmory.com/agency-trade-in-m590a1-12ga/.js:0
[   19492ms] [ERROR] Failed to load resource: the server responded with a status of 404 () @ https://clydearmory.com/agency-trade-in-m590a1-12ga/.js:0
[   19793ms] [ERROR] Failed to load resource: the server responded with a status of 404 () @ https://clydearmory.com/agency-trade-in-m590a1-12ga/.js:0
[   20223ms] [ERROR] Failed to load resource: the server responded with a status of 404 () @ https://clydearmory.com/agency-trade-in-m590a1-12ga/.js:0
[   20505ms] [ERROR] Failed to load resource: the server responded with a status of 404 () @ https://clydearmory.com/agency-trade-in-m590a1-12ga/.js:0
[   20833ms] [ERROR] Failed to load resource: the server responded with a status of 404 () @ https://clydearmory.com/agency-trade-in-m590a1-12ga/.js:0
[   21130ms] [ERROR] Failed to load resource: the server responded with a status of 404 () @ https://clydearmory.com/agency-trade-in-m590a1-12ga/.js:0
[   21486ms] [ERROR] Failed to load resource: the server responded with a status of 404 () @ https://clydearmory.com/agency-trade-in-m590a1-12ga/.js:0
[   21813ms] [ERROR] Failed to load resource: the server responded with a status of 404 () @ https://clydearmory.com/agency-trade-in-m590a1-12ga/.js:0
[   22112ms] [ERROR] Failed to load resource: the server responded with a status of 404 () @ https://clydearmory.com/agency-trade-in-m590a1-12ga/.js:0
[   22574ms] [ERROR] Failed to load resource: the server responded with a status of 404 () @ https://clydearmory.com/agency-trade-in-m590a1-12ga/.js:0
[   22883ms] [ERROR] Failed to load resource: the server responded with a status of 404 () @ https://clydearmory.com/agency-trade-in-m590a1-12ga/.js:0
[   25884ms] [WARNING] The resource https://widget.privy.com/assets/widget.js was preloaded using link preload but not used within a few seconds from the window's load event. Please make sure it has an appropriate `as` value and it is preloaded intentionally. @ https://clydearmory.com/agency-trade-in-m590a1-12ga/:0
[   61334ms] [LOG] runPoptinNow @ https://cdn.popt.in/pixel.js?id=86a8a3e8a4c93:14
[   61334ms] [LOG] poptinInit loading @ https://cdn.popt.in/pixel.js?id=86a8a3e8a4c93:3
[   61340ms] [LOG] initiatePullPoptinsRequest() @ https://cdn.popt.in/pixel.js?id=86a8a3e8a4c93:3
[   62382ms] [ERROR] Failed to load resource: the server responded with a status of 404 () @ https://clydearmory.com/agency-trade-in/.js:0
[   62753ms] [ERROR] Failed to load resource: the server responded with a status of 404 () @ https://clydearmory.com/agency-trade-in/.js:0
[   63129ms] [ERROR] Failed to load resource: the server responded with a status of 404 () @ https://clydearmory.com/agency-trade-in/.js:0
[   63446ms] [ERROR] Failed to load resource: the server responded with a status of 404 () @ https://clydearmory.com/agency-trade-in/.js:0
[   63820ms] [ERROR] Failed to load resource: the server responded with a status of 404 () @ https://clydearmory.com/agency-trade-in/.js:0
[   64084ms] [ERROR] Failed to load resource: the server responded with a status of 404 () @ https://clydearmory.com/agency-trade-in/.js:0
[   64480ms] [ERROR] Failed to load resource: the server responded with a status of 404 () @ https://clydearmory.com/agency-trade-in/.js:0
[   64780ms] [ERROR] Failed to load resource: the server responded with a status of 404 () @ https://clydearmory.com/agency-trade-in/.js:0
[   65186ms] [ERROR] Failed to load resource: the server responded with a status of 404 () @ https://clydearmory.com/agency-trade-in/.js:0
[   66160ms] [LOG] runPoptinNow @ https://cdn.popt.in/pixel.js?id=86a8a3e8a4c93:14
[   66160ms] [LOG] poptinInit loading @ https://cdn.popt.in/pixel.js?id=86a8a3e8a4c93:3
[   66164ms] [LOG] initiatePullPoptinsRequest() @ https://cdn.popt.in/pixel.js?id=86a8a3e8a4c93:3
[   67188ms] [ERROR] Failed to load resource: the server responded with a status of 404 () @ https://clydearmory.com/used-m-11/.js:0
[   67623ms] [ERROR] Failed to load resource: the server responded with a status of 404 () @ https://clydearmory.com/used-m-11/.js:0
[   67967ms] [ERROR] Failed to load resource: the server responded with a status of 404 () @ https://clydearmory.com/used-m-11/.js:0
[   68264ms] [ERROR] Failed to load resource: the server responded with a status of 404 () @ https://clydearmory.com/used-m-11/.js:0
[   68568ms] [ERROR] Failed to load resource: the server responded with a status of 404 () @ https://clydearmory.com/used-m-11/.js:0
[   68897ms] [ERROR] Failed to load resource: the server responded with a status of 404 () @ https://clydearmory.com/used-m-11/.js:0
[   69262ms] [ERROR] Failed to load resource: the server responded with a status of 404 () @ https://clydearmory.com/used-m-11/.js:0
[   69781ms] [ERROR] Failed to load resource: the server responded with a status of 404 () @ https://clydearmory.com/used-m-11/.js:0
[   70280ms] [ERROR] Failed to load resource: the server responded with a status of 404 () @ https://clydearmory.com/used-m-11/.js:0
[   73282ms] [WARNING] The resource https://widget.privy.com/assets/widget.js was preloaded using link preload but not used within a few seconds from the window's load event. Please make sure it has an appropriate `as` value and it is preloaded intentionally. @ https://clydearmory.com/used-m-11/:0
[   74462ms] [LOG] runPoptinNow @ https://cdn.popt.in/pixel.js?id=86a8a3e8a4c93:14
[   74462ms] [LOG] poptinInit loading @ https://cdn.popt.in/pixel.js?id=86a8a3e8a4c93:3
[   74464ms] [LOG] initiatePullPoptinsRequest() @ https://cdn.popt.in/pixel.js?id=86a8a3e8a4c93:3
[   75280ms] [ERROR] Failed to load resource: the server responded with a status of 404 () @ https://clydearmory.com/agency-trade-in/.js:0
[   75549ms] [ERROR] Failed to load resource: the server responded with a status of 404 () @ https://clydearmory.com/agency-trade-in/.js:0
[   75869ms] [ERROR] Failed to load resource: the server responded with a status of 404 () @ https://clydearmory.com/agency-trade-in/.js:0
[   76203ms] [ERROR] Failed to load resource: the server responded with a status of 404 () @ https://clydearmory.com/agency-trade-in/.js:0
[   76538ms] [ERROR] Failed to load resource: the server responded with a status of 404 () @ https://clydearmory.com/agency-trade-in/.js:0
[   76858ms] [ERROR] Failed to load resource: the server responded with a status of 404 () @ https://clydearmory.com/agency-trade-in/.js:0
[   77257ms] [ERROR] Failed to load resource: the server responded with a status of 404 () @ https://clydearmory.com/agency-trade-in/.js:0
[   77666ms] [ERROR] Failed to load resource: the server responded with a status of 404 () @ https://clydearmory.com/agency-trade-in/.js:0
[   78178ms] [ERROR] Failed to load resource: the server responded with a status of 404 () @ https://clydearmory.com/agency-trade-in/.js:0
[   78478ms] [ERROR] Failed to load resource: the server responded with a status of 404 () @ https://clydearmory.com/agency-trade-in/.js:0
[   78813ms] [ERROR] Failed to load resource: the server responded with a status of 404 () @ https://clydearmory.com/agency-trade-in/.js:0
[   79267ms] [ERROR] Failed to load resource: the server responded with a status of 404 () @ https://clydearmory.com/agency-trade-in/.js:0
[   79715ms] [ERROR] Failed to load resource: the server responded with a status of 404 () @ https://clydearmory.com/agency-trade-in/.js:0
[   80057ms] [ERROR] Failed to load resource: the server responded with a status of 404 () @ https://clydearmory.com/agency-trade-in/.js:0
[   80637ms] [ERROR] Failed to load resource: the server responded with a status of 404 () @ https://clydearmory.com/agency-trade-in/.js:0
[   81052ms] [ERROR] Failed to load resource: the server responded with a status of 404 () @ https://clydearmory.com/agency-trade-in/.js:0
[   81390ms] [ERROR] Failed to load resource: the server responded with a status of 404 () @ https://clydearmory.com/agency-trade-in/.js:0
[   81781ms] [ERROR] Failed to load resource: the server responded with a status of 404 () @ https://clydearmory.com/agency-trade-in/.js:0
[   87514ms] [WARNING] The resource https://widget.privy.com/assets/widget.js was preloaded using link preload but not used within a few seconds from the window's load event. Please make sure it has an appropriate `as` value and it is preloaded intentionally. @ https://clydearmory.com/agency-trade-in/:0
[   99657ms] [WARNING] The resource https://widget.privy.com/assets/widget.js was preloaded using link preload but not used within a few seconds from the window's load event. Please make sure it has an appropriate `as` value and it is preloaded intentionally. @ https://clydearmory.com/agency-trade-in/:0
[  106500ms] [WARNING] The resource https://widget.privy.com/assets/widget.js was preloaded using link preload but not used within a few seconds from the window's load event. Please make sure it has an appropriate `as` value and it is preloaded intentionally. @ https://clydearmory.com/agency-trade-in/:0
[  117878ms] [LOG] runPoptinNow @ https://cdn.popt.in/pixel.js?id=86a8a3e8a4c93:14
[  117878ms] [LOG] poptinInit loading @ https://cdn.popt.in/pixel.js?id=86a8a3e8a4c93:3
[  117881ms] [LOG] initiatePullPoptinsRequest() @ https://cdn.popt.in/pixel.js?id=86a8a3e8a4c93:3
[  119019ms] [ERROR] Failed to load resource: the server responded with a status of 404 () @ https://clydearmory.com/agency-trade-in-colt-ar6721/.js:0
[  119363ms] [ERROR] Failed to load resource: the server responded with a status of 404 () @ https://clydearmory.com/agency-trade-in-colt-ar6721/.js:0
[  119662ms] [ERROR] Failed to load resource: the server responded with a status of 404 () @ https://clydearmory.com/agency-trade-in-colt-ar6721/.js:0
[  120056ms] [ERROR] Failed to load resource: the server responded with a status of 404 () @ https://clydearmory.com/agency-trade-in-colt-ar6721/.js:0
[  120381ms] [ERROR] Failed to load resource: the server responded with a status of 404 () @ https://clydearmory.com/agency-trade-in-colt-ar6721/.js:0
[  120731ms] [ERROR] Failed to load resource: the server responded with a status of 404 () @ https://clydearmory.com/agency-trade-in-colt-ar6721/.js:0
[  121186ms] [ERROR] Failed to load resource: the server responded with a status of 404 () @ https://clydearmory.com/agency-trade-in-colt-ar6721/.js:0
[  121631ms] [ERROR] Failed to load resource: the server responded with a status of 404 () @ https://clydearmory.com/agency-trade-in-colt-ar6721/.js:0
[  121957ms] [ERROR] Failed to load resource: the server responded with a status of 404 () @ https://clydearmory.com/agency-trade-in-colt-ar6721/.js:0
[  122883ms] [LOG] runPoptinNow @ https://cdn.popt.in/pixel.js?id=86a8a3e8a4c93:14
[  122883ms] [LOG] poptinInit loading @ https://cdn.popt.in/pixel.js?id=86a8a3e8a4c93:3
[  122886ms] [LOG] initiatePullPoptinsRequest() @ https://cdn.popt.in/pixel.js?id=86a8a3e8a4c93:3
[  123728ms] [ERROR] Failed to load resource: the server responded with a status of 404 () @ https://clydearmory.com/agency-trade-in/.js:0
[  124046ms] [ERROR] Failed to load resource: the server responded with a status of 404 () @ https://clydearmory.com/agency-trade-in/.js:0
[  124378ms] [ERROR] Failed to load resource: the server responded with a status of 404 () @ https://clydearmory.com/agency-trade-in/.js:0
[  124774ms] [ERROR] Failed to load resource: the server responded with a status of 404 () @ https://clydearmory.com/agency-trade-in/.js:0
[  125079ms] [ERROR] Failed to load resource: the server responded with a status of 404 () @ https://clydearmory.com/agency-trade-in/.js:0
[  125400ms] [ERROR] Failed to load resource: the server responded with a status of 404 () @ https://clydearmory.com/agency-trade-in/.js:0
[  125723ms] [ERROR] Failed to load resource: the server responded with a status of 404 () @ https://clydearmory.com/agency-trade-in/.js:0
[  126013ms] [ERROR] Failed to load resource: the server responded with a status of 404 () @ https://clydearmory.com/agency-trade-in/.js:0
[  126368ms] [ERROR] Failed to load resource: the server responded with a status of 404 () @ https://clydearmory.com/agency-trade-in/.js:0
[  131509ms] [WARNING] The resource https://widget.privy.com/assets/widget.js was preloaded using link preload but not used within a few seconds from the window's load event. Please make sure it has an appropriate `as` value and it is preloaded intentionally. @ https://clydearmory.com/agency-trade-in/:0
