[   11472ms] [LOG] [ Federation Runtime ] Version 18.2.0 from dashboard of shared singleton module react does not satisfy the requirement of dashboard which needs catalog:react18) @ https://dash.cloudflare.com/runtime.ec83df9a0baa7a7d.js:3
[   11475ms] [LOG] [ Federation Runtime ] Version 11.7.0 from dashboard of shared singleton module react-fela does not satisfy the requirement of dashboard which needs 11.6.1) @ https://dash.cloudflare.com/runtime.ec83df9a0baa7a7d.js:3
[   11477ms] [LOG] [ Federation Runtime ] Version 18.2.0 from dashboard of shared singleton module react-dom does not satisfy the requirement of dashboard which needs catalog:react18) @ https://dash.cloudflare.com/runtime.ec83df9a0baa7a7d.js:3
[   11477ms] [LOG] [ Federation Runtime ] Version 1.12.9 from dashboard of shared singleton module @cloudflare/intl-react does not satisfy the requirement of dashboard which needs workspace:^) @ https://dash.cloudflare.com/runtime.ec83df9a0baa7a7d.js:3
[   11477ms] [LOG] [ Federation Runtime ] Version 1.12.9 from dashboard of shared singleton module @cloudflare/intl-react does not satisfy the requirement of dashboard which needs workspace:^) @ https://dash.cloudflare.com/runtime.ec83df9a0baa7a7d.js:3
[   11478ms] [LOG] [ Federation Runtime ] Version 1.12.9 from dashboard of shared singleton module @cloudflare/intl-react does not satisfy the requirement of dashboard which needs workspace:^) @ https://dash.cloudflare.com/runtime.ec83df9a0baa7a7d.js:3
[   11478ms] [LOG] [ Federation Runtime ] Version 1.12.9 from dashboard of shared singleton module @cloudflare/intl-react does not satisfy the requirement of dashboard which needs workspace:^) @ https://dash.cloudflare.com/runtime.ec83df9a0baa7a7d.js:3
[   11479ms] [LOG] [ Federation Runtime ] Version 1.12.9 from dashboard of shared singleton module @cloudflare/intl-react does not satisfy the requirement of dashboard which needs workspace:^) @ https://dash.cloudflare.com/runtime.ec83df9a0baa7a7d.js:3
[   14953ms] [LOG] [ Federation Runtime ] Version 18.2.0 from dashboard of shared singleton module react does not satisfy the requirement of dashboard which needs catalog:react18) @ https://dash.cloudflare.com/runtime.ec83df9a0baa7a7d.js:3
[   14954ms] [LOG] [ Federation Runtime ] Version 18.2.0 from dashboard of shared singleton module react-dom does not satisfy the requirement of dashboard which needs catalog:react18) @ https://dash.cloudflare.com/runtime.ec83df9a0baa7a7d.js:3
[   14979ms] [LOG] [ Federation Runtime ] Version 1.12.9 from dashboard of shared singleton module @cloudflare/intl-react does not satisfy the requirement of dashboard which needs workspace:^) @ https://dash.cloudflare.com/runtime.ec83df9a0baa7a7d.js:3
[   14980ms] [LOG] [ Federation Runtime ] Version 11.7.0 from dashboard of shared singleton module react-fela does not satisfy the requirement of dashboard which needs 11.6.1) @ https://dash.cloudflare.com/runtime.ec83df9a0baa7a7d.js:3
[   16027ms] [LOG] [ Federation Runtime ] Version 1.12.9 from dashboard of shared singleton module @cloudflare/intl-react does not satisfy the requirement of dashboard which needs workspace:^) @ https://dash.cloudflare.com/cf-6534f657bf45a8f6.js:2
[   16028ms] [LOG] [ Federation Runtime ] Version 1.12.9 from dashboard of shared singleton module @cloudflare/intl-react does not satisfy the requirement of dashboard which needs workspace:^) @ https://dash.cloudflare.com/cf-6534f657bf45a8f6.js:2
[   16029ms] [LOG] [ Federation Runtime ] Version 1.12.9 from dashboard of shared singleton module @cloudflare/intl-react does not satisfy the requirement of dashboard which needs workspace:^) @ https://dash.cloudflare.com/cf-6534f657bf45a8f6.js:2
[   16029ms] [LOG] [ Federation Runtime ] Version 1.12.9 from dashboard of shared singleton module @cloudflare/intl-react does not satisfy the requirement of dashboard which needs workspace:^) @ https://dash.cloudflare.com/cf-6534f657bf45a8f6.js:2
[   16029ms] [LOG] [ Federation Runtime ] Version 1.12.9 from dashboard of shared singleton module @cloudflare/intl-react does not satisfy the requirement of dashboard which needs workspace:^) @ https://dash.cloudflare.com/cf-6534f657bf45a8f6.js:2
[   16029ms] [LOG] [ Federation Runtime ] Version 1.12.9 from dashboard of shared singleton module @cloudflare/intl-react does not satisfy the requirement of dashboard which needs workspace:^) @ https://dash.cloudflare.com/cf-6534f657bf45a8f6.js:2
[   16029ms] [LOG] [ Federation Runtime ] Version 1.12.9 from dashboard of shared singleton module @cloudflare/intl-react does not satisfy the requirement of dashboard which needs workspace:^) @ https://dash.cloudflare.com/cf-6534f657bf45a8f6.js:2
[   16029ms] [LOG] [ Federation Runtime ] Version 1.12.9 from dashboard of shared singleton module @cloudflare/intl-react does not satisfy the requirement of dashboard which needs workspace:^) @ https://dash.cloudflare.com/cf-6534f657bf45a8f6.js:2
[   16030ms] [LOG] [ Federation Runtime ] Version 1.12.9 from dashboard of shared singleton module @cloudflare/intl-react does not satisfy the requirement of dashboard which needs workspace:^) @ https://dash.cloudflare.com/cf-6534f657bf45a8f6.js:2
[   16030ms] [LOG] [ Federation Runtime ] Version 1.12.9 from dashboard of shared singleton module @cloudflare/intl-react does not satisfy the requirement of dashboard which needs workspace:^) @ https://dash.cloudflare.com/cf-6534f657bf45a8f6.js:2
[   16030ms] [LOG] [ Federation Runtime ] Version 1.12.9 from dashboard of shared singleton module @cloudflare/intl-react does not satisfy the requirement of dashboard which needs workspace:^) @ https://dash.cloudflare.com/cf-6534f657bf45a8f6.js:2
[   16030ms] [LOG] [ Federation Runtime ] Version 1.12.9 from dashboard of shared singleton module @cloudflare/intl-react does not satisfy the requirement of dashboard which needs workspace:^) @ https://dash.cloudflare.com/cf-6534f657bf45a8f6.js:2
[   16030ms] [LOG] [ Federation Runtime ] Version 1.12.9 from dashboard of shared singleton module @cloudflare/intl-react does not satisfy the requirement of dashboard which needs workspace:^) @ https://dash.cloudflare.com/cf-6534f657bf45a8f6.js:2
[   16030ms] [LOG] [ Federation Runtime ] Version 1.12.9 from dashboard of shared singleton module @cloudflare/intl-react does not satisfy the requirement of dashboard which needs workspace:^) @ https://dash.cloudflare.com/cf-6534f657bf45a8f6.js:2
[   16030ms] [LOG] [ Federation Runtime ] Version 1.12.9 from dashboard of shared singleton module @cloudflare/intl-react does not satisfy the requirement of dashboard which needs workspace:^) @ https://dash.cloudflare.com/cf-6534f657bf45a8f6.js:2
[   16030ms] [LOG] [ Federation Runtime ] Version 1.12.9 from dashboard of shared singleton module @cloudflare/intl-react does not satisfy the requirement of dashboard which needs workspace:^) @ https://dash.cloudflare.com/cf-6534f657bf45a8f6.js:2
[   16030ms] [LOG] [ Federation Runtime ] Version 1.12.9 from dashboard of shared singleton module @cloudflare/intl-react does not satisfy the requirement of dashboard which needs workspace:^) @ https://dash.cloudflare.com/cf-6534f657bf45a8f6.js:2
[   16030ms] [LOG] [ Federation Runtime ] Version 1.12.9 from dashboard of shared singleton module @cloudflare/intl-react does not satisfy the requirement of dashboard which needs workspace:^) @ https://dash.cloudflare.com/cf-6534f657bf45a8f6.js:2
[   16030ms] [LOG] [ Federation Runtime ] Version 1.12.9 from dashboard of shared singleton module @cloudflare/intl-react does not satisfy the requirement of dashboard which needs workspace:^) @ https://dash.cloudflare.com/cf-6534f657bf45a8f6.js:2
[   16030ms] [LOG] [ Federation Runtime ] Version 1.12.9 from dashboard of shared singleton module @cloudflare/intl-react does not satisfy the requirement of dashboard which needs workspace:^) @ https://dash.cloudflare.com/cf-6534f657bf45a8f6.js:2
[   16139ms] [ERROR] Failed to load resource: the server responded with a status of 403 () @ https://dash.cloudflare.com/api/v4/organizations?per_page=100:0
[   17248ms] [ERROR] Failed to load resource: the server responded with a status of 403 () @ https://dash.cloudflare.com/api/v4/organizations?per_page=100:0
[   19099ms] [ERROR] Permissions policy violation: xr-spatial-tracking is not allowed in this document. @ https://challenges.cloudflare.com/cdn-cgi/challenge-platform/h/g/turnstile/f/ov2/av0/rch/npmvd/0x4AAAAAAAJel0iaAR3mgkjp/light/fbE/new/flexible?lang=auto:0
[   19100ms] [ERROR] Permissions policy violation: xr-spatial-tracking is not allowed in this document. @ https://challenges.cloudflare.com/cdn-cgi/challenge-platform/h/g/turnstile/f/ov2/av0/rch/npmvd/0x4AAAAAAAJel0iaAR3mgkjp/light/fbE/new/flexible?lang=auto:0
[   19343ms] [ERROR] Failed to load resource: the server responded with a status of 403 () @ https://dash.cloudflare.com/api/v4/organizations?per_page=100:0
[   20169ms] [WARNING] Failed to parse audio contentType: audio/mp4; codecs=ac-3 @ https://challenges.cloudflare.com/cdn-cgi/challenge-platform/h/g/turnstile/f/ov2/av0/rch/npmvd/0x4AAAAAAAJel0iaAR3mgkjp/light/fbE/new/flexible?lang=auto:0
[   20169ms] [WARNING] Failed to parse audio contentType: audio/mp4; codecs=ec-3 @ https://challenges.cloudflare.com/cdn-cgi/challenge-platform/h/g/turnstile/f/ov2/av0/rch/npmvd/0x4AAAAAAAJel0iaAR3mgkjp/light/fbE/new/flexible?lang=auto:0
[   20171ms] [WARNING] Invalid (ambiguous) video codec string: video/webm; codecs=vp9 @ https://challenges.cloudflare.com/cdn-cgi/challenge-platform/h/g/turnstile/f/ov2/av0/rch/npmvd/0x4AAAAAAAJel0iaAR3mgkjp/light/fbE/new/flexible?lang=auto:0
[   20171ms] [WARNING] Failed to parse video contentType: video/ogg; codecs=theora @ https://challenges.cloudflare.com/cdn-cgi/challenge-platform/h/g/turnstile/f/ov2/av0/rch/npmvd/0x4AAAAAAAJel0iaAR3mgkjp/light/fbE/new/flexible?lang=auto:0
[   20432ms] [ERROR] This document requires 'TrustedHTML' assignment. The action has been blocked. @ https://challenges.cloudflare.com/cdn-cgi/challenge-platform/h/g/turnstile/f/ov2/av0/rch/npmvd/0x4AAAAAAAJel0iaAR3mgkjp/light/fbE/new/flexible?lang=auto:0
[   20433ms] [ERROR] This document requires 'TrustedHTML' assignment. The action has been blocked. @ https://challenges.cloudflare.com/cdn-cgi/challenge-platform/h/g/turnstile/f/ov2/av0/rch/npmvd/0x4AAAAAAAJel0iaAR3mgkjp/light/fbE/new/flexible?lang=auto:0
[   20434ms] [ERROR] This document requires 'TrustedScript' assignment. The action has been blocked. @ https://challenges.cloudflare.com/cdn-cgi/challenge-platform/h/g/turnstile/f/ov2/av0/rch/npmvd/0x4AAAAAAAJel0iaAR3mgkjp/light/fbE/new/flexible?lang=auto:0
[   20435ms] [ERROR] This document requires 'TrustedScript' assignment. The action has been blocked. @ https://challenges.cloudflare.com/cdn-cgi/challenge-platform/h/g/turnstile/f/ov2/av0/rch/npmvd/0x4AAAAAAAJel0iaAR3mgkjp/light/fbE/new/flexible?lang=auto:0
[   20435ms] [ERROR] This document requires 'TrustedScriptURL' assignment. The action has been blocked. @ https://challenges.cloudflare.com/cdn-cgi/challenge-platform/h/g/turnstile/f/ov2/av0/rch/npmvd/0x4AAAAAAAJel0iaAR3mgkjp/light/fbE/new/flexible?lang=auto:0
[   20435ms] [ERROR] This document requires 'TrustedScriptURL' assignment. The action has been blocked. @ https://challenges.cloudflare.com/cdn-cgi/challenge-platform/h/g/turnstile/f/ov2/av0/rch/npmvd/0x4AAAAAAAJel0iaAR3mgkjp/light/fbE/new/flexible?lang=auto:0
[   20448ms] [ERROR] Executing inline script violates the following Content Security Policy directive 'script-src 'nonce-XH8GyODi4Do6WLIMKIoASG' 'unsafe-eval''. Either the 'unsafe-inline' keyword, a hash ('sha256-eJGI0Ik4oYe/PKLDOt4wcN76wYs8h+Ew05pMzdY6xG8='), or a nonce ('nonce-...') is required to enable inline execution. The action has been blocked. @ about:srcdoc:0
[   20448ms] [ERROR] Executing inline script violates the following Content Security Policy directive 'script-src 'nonce-XH8GyODi4Do6WLIMKIoASG' 'unsafe-eval''. Either the 'unsafe-inline' keyword, a hash ('sha256-eJGI0Ik4oYe/PKLDOt4wcN76wYs8h+Ew05pMzdY6xG8='), or a nonce ('nonce-...') is required to enable inline execution. The action has been blocked. @ about:srcdoc:0
[   20449ms] [ERROR] This document requires 'TrustedScript' assignment. The action has been blocked. @ https://challenges.cloudflare.com/cdn-cgi/challenge-platform/h/g/turnstile/f/ov2/av0/rch/npmvd/0x4AAAAAAAJel0iaAR3mgkjp/light/fbE/new/flexible?lang=auto:0
[   20449ms] [ERROR] This document requires 'TrustedScript' assignment. The action has been blocked. @ https://challenges.cloudflare.com/cdn-cgi/challenge-platform/h/g/turnstile/f/ov2/av0/rch/npmvd/0x4AAAAAAAJel0iaAR3mgkjp/light/fbE/new/flexible?lang=auto:0
[   20542ms] [LOG] /.*.*=.*/ @ https://challenges.cloudflare.com/cdn-cgi/challenge-platform/h/g/turnstile/f/ov2/av0/rch/npmvd/0x4AAAAAAAJel0iaAR3mgkjp/light/fbE/new/flexible?lang=auto:0
[   20543ms] [LOG] /.*.*=.*/ @ https://challenges.cloudflare.com/cdn-cgi/challenge-platform/h/g/turnstile/f/ov2/av0/rch/npmvd/0x4AAAAAAAJel0iaAR3mgkjp/light/fbE/new/flexible?lang=auto:0
[   20543ms] [LOG] function () { [native code] } @ https://challenges.cloudflare.com/cdn-cgi/challenge-platform/h/g/turnstile/f/ov2/av0/rch/npmvd/0x4AAAAAAAJel0iaAR3mgkjp/light/fbE/new/flexible?lang=auto:0
[   20543ms] [LOG] function () { [native code] } @ https://challenges.cloudflare.com/cdn-cgi/challenge-platform/h/g/turnstile/f/ov2/av0/rch/npmvd/0x4AAAAAAAJel0iaAR3mgkjp/light/fbE/new/flexible?lang=auto:0
[   20543ms] [LOG] JSHandle@node @ https://challenges.cloudflare.com/cdn-cgi/challenge-platform/h/g/turnstile/f/ov2/av0/rch/npmvd/0x4AAAAAAAJel0iaAR3mgkjp/light/fbE/new/flexible?lang=auto:0
[   20544ms] [LOG] JSHandle@node @ https://challenges.cloudflare.com/cdn-cgi/challenge-platform/h/g/turnstile/f/ov2/av0/rch/npmvd/0x4AAAAAAAJel0iaAR3mgkjp/light/fbE/new/flexible?lang=auto:0
[   20544ms] [COUNT]  : 1 @ https://challenges.cloudflare.com/cdn-cgi/challenge-platform/h/g/turnstile/f/ov2/av0/rch/npmvd/0x4AAAAAAAJel0iaAR3mgkjp/light/fbE/new/flexible?lang=auto:0
[   20544ms] [COUNT]  : 1 @ https://challenges.cloudflare.com/cdn-cgi/challenge-platform/h/g/turnstile/f/ov2/av0/rch/npmvd/0x4AAAAAAAJel0iaAR3mgkjp/light/fbE/new/flexible?lang=auto:0
[   20545ms] [DIR]  Error @ https://challenges.cloudflare.com/cdn-cgi/challenge-platform/h/g/turnstile/f/ov2/av0/rch/npmvd/0x4AAAAAAAJel0iaAR3mgkjp/light/fbE/new/flexible?lang=auto:0
[   20546ms] [DIR]  Error @ https://challenges.cloudflare.com/cdn-cgi/challenge-platform/h/g/turnstile/f/ov2/av0/rch/npmvd/0x4AAAAAAAJel0iaAR3mgkjp/light/fbE/new/flexible?lang=auto:0
[   20546ms] [DIRXML] %c%d font-size:0;color:transparent Error @ https://challenges.cloudflare.com/cdn-cgi/challenge-platform/h/g/turnstile/f/ov2/av0/rch/npmvd/0x4AAAAAAAJel0iaAR3mgkjp/light/fbE/new/flexible?lang=auto:0
[   20546ms] [DIRXML] %c%d font-size:0;color:transparent Error @ https://challenges.cloudflare.com/cdn-cgi/challenge-platform/h/g/turnstile/f/ov2/av0/rch/npmvd/0x4AAAAAAAJel0iaAR3mgkjp/light/fbE/new/flexible?lang=auto:0
[   20547ms] [ERROR] %c%d font-size:0;color:transparent NaN @ https://challenges.cloudflare.com/cdn-cgi/challenge-platform/h/g/turnstile/f/ov2/av0/rch/npmvd/0x4AAAAAAAJel0iaAR3mgkjp/light/fbE/new/flexible?lang=auto:0
[   20547ms] [ERROR] %c%d font-size:0;color:transparent NaN @ https://challenges.cloudflare.com/cdn-cgi/challenge-platform/h/g/turnstile/f/ov2/av0/rch/npmvd/0x4AAAAAAAJel0iaAR3mgkjp/light/fbE/new/flexible?lang=auto:0
[   20547ms] [INFO] %c%d font-size:0;color:transparent NaN @ https://challenges.cloudflare.com/cdn-cgi/challenge-platform/h/g/turnstile/f/ov2/av0/rch/npmvd/0x4AAAAAAAJel0iaAR3mgkjp/light/fbE/new/flexible?lang=auto:0
[   20547ms] [INFO] %c%d font-size:0;color:transparent NaN @ https://challenges.cloudflare.com/cdn-cgi/challenge-platform/h/g/turnstile/f/ov2/av0/rch/npmvd/0x4AAAAAAAJel0iaAR3mgkjp/light/fbE/new/flexible?lang=auto:0
[   20548ms] [LOG] %c%d font-size:0;color:transparent NaN @ https://challenges.cloudflare.com/cdn-cgi/challenge-platform/h/g/turnstile/f/ov2/av0/rch/npmvd/0x4AAAAAAAJel0iaAR3mgkjp/light/fbE/new/flexible?lang=auto:0
[   20548ms] [LOG] %c%d font-size:0;color:transparent NaN @ https://challenges.cloudflare.com/cdn-cgi/challenge-platform/h/g/turnstile/f/ov2/av0/rch/npmvd/0x4AAAAAAAJel0iaAR3mgkjp/light/fbE/new/flexible?lang=auto:0
[   20548ms] [TABLE] %c%d font-size:0;color:transparent Error @ https://challenges.cloudflare.com/cdn-cgi/challenge-platform/h/g/turnstile/f/ov2/av0/rch/npmvd/0x4AAAAAAAJel0iaAR3mgkjp/light/fbE/new/flexible?lang=auto:0
[   20548ms] [TABLE] %c%d font-size:0;color:transparent Error @ https://challenges.cloudflare.com/cdn-cgi/challenge-platform/h/g/turnstile/f/ov2/av0/rch/npmvd/0x4AAAAAAAJel0iaAR3mgkjp/light/fbE/new/flexible?lang=auto:0
[   20549ms] [WARNING] %c%d font-size:0;color:transparent NaN @ https://challenges.cloudflare.com/cdn-cgi/challenge-platform/h/g/turnstile/f/ov2/av0/rch/npmvd/0x4AAAAAAAJel0iaAR3mgkjp/light/fbE/new/flexible?lang=auto:0
[   20549ms] [WARNING] %c%d font-size:0;color:transparent NaN @ https://challenges.cloudflare.com/cdn-cgi/challenge-platform/h/g/turnstile/f/ov2/av0/rch/npmvd/0x4AAAAAAAJel0iaAR3mgkjp/light/fbE/new/flexible?lang=auto:0
[   20630ms] [LOG] The next request for the Private Access Token challenge may return a 401 and show a warning in console. @ https://challenges.cloudflare.com/cdn-cgi/challenge-platform/h/g/turnstile/f/ov2/av0/rch/npmvd/0x4AAAAAAAJel0iaAR3mgkjp/light/fbE/new/flexible?lang=auto:0
[   20663ms] [ERROR] Failed to load resource: the server responded with a status of 401 () @ https://challenges.cloudflare.com/cdn-cgi/challenge-platform/h/g/pat/9f93da6eaaf4ca18/1778362729018/bf985989a84011a72036cc700993b41c44f22345635216db16c08ea6cf8be6f7/qkf6w-FDqdfLntH:0
[   21186ms] [WARNING] Form submission canceled because the form is not connected @ https://challenges.cloudflare.com/cdn-cgi/challenge-platform/h/g/turnstile/f/ov2/av0/rch/npmvd/0x4AAAAAAAJel0iaAR3mgkjp/light/fbE/new/flexible?lang=auto:0
[   23438ms] [ERROR] Failed to load resource: the server responded with a status of 403 () @ https://dash.cloudflare.com/api/v4/organizations?per_page=100:0
[   25584ms] [WARNING] The resource https://challenges.cloudflare.com/cdn-cgi/challenge-platform/h/g/cmg/1 was preloaded using link preload but not used within a few seconds from the window's load event. Please make sure it has an appropriate `as` value and it is preloaded intentionally. @ https://challenges.cloudflare.com/cdn-cgi/challenge-platform/h/g/turnstile/f/ov2/av0/rch/npmvd/0x4AAAAAAAJel0iaAR3mgkjp/light/fbE/new/flexible?lang=auto:0
[   78795ms] [ERROR] Failed to load resource: the server responded with a status of 400 () @ https://dash.cloudflare.com/api/v4/sso/connector?domain=michaelcolenso.com:0
[   93989ms] [ERROR] Failed to load resource: the server responded with a status of 400 () @ https://dash.cloudflare.com/api/v4/sso/connector?domain=michaelcolenso.com:0
[  101794ms] [WARNING] The resource https://challenges.cloudflare.com/cdn-cgi/challenge-platform/h/g/cmg/1 was preloaded using link preload but not used within a few seconds from the window's load event. Please make sure it has an appropriate `as` value and it is preloaded intentionally. @ https://challenges.cloudflare.com/cdn-cgi/challenge-platform/h/g/turnstile/f/ov2/av0/rch/npmvd/0x4AAAAAAAJel0iaAR3mgkjp/light/fbE/new/flexible?lang=auto:0
[  101983ms] [LOG] TypeError: Failed to fetch
    at https://dash.cloudflare.com/cf-b6847ef163b27e5c.js:3:105018
    at async e (https://dash.cloudflare.com/cf-e50826a797ab6ed4.js:3:580609) @ https://dash.cloudflare.com/cf-6534f657bf45a8f6.js:2
[  102148ms] [LOG] [ Federation Runtime ] Version 18.2.0 from dashboard of shared singleton module react does not satisfy the requirement of dashboard which needs catalog:react18) @ https://dash.cloudflare.com/runtime.ec83df9a0baa7a7d.js:3
[  102150ms] [LOG] [ Federation Runtime ] Version 11.7.0 from dashboard of shared singleton module react-fela does not satisfy the requirement of dashboard which needs 11.6.1) @ https://dash.cloudflare.com/runtime.ec83df9a0baa7a7d.js:3
[  102153ms] [LOG] [ Federation Runtime ] Version 18.2.0 from dashboard of shared singleton module react-dom does not satisfy the requirement of dashboard which needs catalog:react18) @ https://dash.cloudflare.com/runtime.ec83df9a0baa7a7d.js:3
[  102153ms] [LOG] [ Federation Runtime ] Version 1.12.9 from dashboard of shared singleton module @cloudflare/intl-react does not satisfy the requirement of dashboard which needs workspace:^) @ https://dash.cloudflare.com/runtime.ec83df9a0baa7a7d.js:3
[  102154ms] [LOG] [ Federation Runtime ] Version 1.12.9 from dashboard of shared singleton module @cloudflare/intl-react does not satisfy the requirement of dashboard which needs workspace:^) @ https://dash.cloudflare.com/runtime.ec83df9a0baa7a7d.js:3
[  102155ms] [LOG] [ Federation Runtime ] Version 1.12.9 from dashboard of shared singleton module @cloudflare/intl-react does not satisfy the requirement of dashboard which needs workspace:^) @ https://dash.cloudflare.com/runtime.ec83df9a0baa7a7d.js:3
[  102155ms] [LOG] [ Federation Runtime ] Version 1.12.9 from dashboard of shared singleton module @cloudflare/intl-react does not satisfy the requirement of dashboard which needs workspace:^) @ https://dash.cloudflare.com/runtime.ec83df9a0baa7a7d.js:3
[  102156ms] [LOG] [ Federation Runtime ] Version 1.12.9 from dashboard of shared singleton module @cloudflare/intl-react does not satisfy the requirement of dashboard which needs workspace:^) @ https://dash.cloudflare.com/runtime.ec83df9a0baa7a7d.js:3
[  102180ms] [LOG] [ Federation Runtime ] Version 18.2.0 from dashboard of shared singleton module react does not satisfy the requirement of dashboard which needs catalog:react18) @ https://dash.cloudflare.com/runtime.ec83df9a0baa7a7d.js:3
[  102180ms] [LOG] [ Federation Runtime ] Version 18.2.0 from dashboard of shared singleton module react-dom does not satisfy the requirement of dashboard which needs catalog:react18) @ https://dash.cloudflare.com/runtime.ec83df9a0baa7a7d.js:3
[  102271ms] [LOG] [ Federation Runtime ] Version 11.7.0 from dashboard of shared singleton module react-fela does not satisfy the requirement of dashboard which needs 11.6.1) @ https://dash.cloudflare.com/runtime.ec83df9a0baa7a7d.js:3
[  102272ms] [LOG] [ Federation Runtime ] Version 1.12.9 from dashboard of shared singleton module @cloudflare/intl-react does not satisfy the requirement of dashboard which needs workspace:^) @ https://dash.cloudflare.com/runtime.ec83df9a0baa7a7d.js:3
[  103563ms] [LOG] [ Federation Runtime ] Version 1.12.9 from dashboard of shared singleton module @cloudflare/intl-react does not satisfy the requirement of dashboard which needs workspace:^) @ https://dash.cloudflare.com/cf-6534f657bf45a8f6.js:2
[  103565ms] [LOG] [ Federation Runtime ] Version 1.12.9 from dashboard of shared singleton module @cloudflare/intl-react does not satisfy the requirement of dashboard which needs workspace:^) @ https://dash.cloudflare.com/cf-6534f657bf45a8f6.js:2
[  103567ms] [LOG] [ Federation Runtime ] Version 1.12.9 from dashboard of shared singleton module @cloudflare/intl-react does not satisfy the requirement of dashboard which needs workspace:^) @ https://dash.cloudflare.com/cf-6534f657bf45a8f6.js:2
[  103567ms] [LOG] [ Federation Runtime ] Version 1.12.9 from dashboard of shared singleton module @cloudflare/intl-react does not satisfy the requirement of dashboard which needs workspace:^) @ https://dash.cloudflare.com/cf-6534f657bf45a8f6.js:2
[  103567ms] [LOG] [ Federation Runtime ] Version 1.12.9 from dashboard of shared singleton module @cloudflare/intl-react does not satisfy the requirement of dashboard which needs workspace:^) @ https://dash.cloudflare.com/cf-6534f657bf45a8f6.js:2
[  103567ms] [LOG] [ Federation Runtime ] Version 1.12.9 from dashboard of shared singleton module @cloudflare/intl-react does not satisfy the requirement of dashboard which needs workspace:^) @ https://dash.cloudflare.com/cf-6534f657bf45a8f6.js:2
[  103567ms] [LOG] [ Federation Runtime ] Version 1.12.9 from dashboard of shared singleton module @cloudflare/intl-react does not satisfy the requirement of dashboard which needs workspace:^) @ https://dash.cloudflare.com/cf-6534f657bf45a8f6.js:2
[  103568ms] [LOG] [ Federation Runtime ] Version 1.12.9 from dashboard of shared singleton module @cloudflare/intl-react does not satisfy the requirement of dashboard which needs workspace:^) @ https://dash.cloudflare.com/cf-6534f657bf45a8f6.js:2
[  103568ms] [LOG] [ Federation Runtime ] Version 1.12.9 from dashboard of shared singleton module @cloudflare/intl-react does not satisfy the requirement of dashboard which needs workspace:^) @ https://dash.cloudflare.com/cf-6534f657bf45a8f6.js:2
[  103568ms] [LOG] [ Federation Runtime ] Version 1.12.9 from dashboard of shared singleton module @cloudflare/intl-react does not satisfy the requirement of dashboard which needs workspace:^) @ https://dash.cloudflare.com/cf-6534f657bf45a8f6.js:2
[  103568ms] [LOG] [ Federation Runtime ] Version 1.12.9 from dashboard of shared singleton module @cloudflare/intl-react does not satisfy the requirement of dashboard which needs workspace:^) @ https://dash.cloudflare.com/cf-6534f657bf45a8f6.js:2
[  103568ms] [LOG] [ Federation Runtime ] Version 1.12.9 from dashboard of shared singleton module @cloudflare/intl-react does not satisfy the requirement of dashboard which needs workspace:^) @ https://dash.cloudflare.com/cf-6534f657bf45a8f6.js:2
[  103568ms] [LOG] [ Federation Runtime ] Version 1.12.9 from dashboard of shared singleton module @cloudflare/intl-react does not satisfy the requirement of dashboard which needs workspace:^) @ https://dash.cloudflare.com/cf-6534f657bf45a8f6.js:2
[  103568ms] [LOG] [ Federation Runtime ] Version 1.12.9 from dashboard of shared singleton module @cloudflare/intl-react does not satisfy the requirement of dashboard which needs workspace:^) @ https://dash.cloudflare.com/cf-6534f657bf45a8f6.js:2
[  103569ms] [LOG] [ Federation Runtime ] Version 1.12.9 from dashboard of shared singleton module @cloudflare/intl-react does not satisfy the requirement of dashboard which needs workspace:^) @ https://dash.cloudflare.com/cf-6534f657bf45a8f6.js:2
[  103569ms] [LOG] [ Federation Runtime ] Version 1.12.9 from dashboard of shared singleton module @cloudflare/intl-react does not satisfy the requirement of dashboard which needs workspace:^) @ https://dash.cloudflare.com/cf-6534f657bf45a8f6.js:2
[  103569ms] [LOG] [ Federation Runtime ] Version 1.12.9 from dashboard of shared singleton module @cloudflare/intl-react does not satisfy the requirement of dashboard which needs workspace:^) @ https://dash.cloudflare.com/cf-6534f657bf45a8f6.js:2
[  103569ms] [LOG] [ Federation Runtime ] Version 1.12.9 from dashboard of shared singleton module @cloudflare/intl-react does not satisfy the requirement of dashboard which needs workspace:^) @ https://dash.cloudflare.com/cf-6534f657bf45a8f6.js:2
[  103569ms] [LOG] [ Federation Runtime ] Version 1.12.9 from dashboard of shared singleton module @cloudflare/intl-react does not satisfy the requirement of dashboard which needs workspace:^) @ https://dash.cloudflare.com/cf-6534f657bf45a8f6.js:2
[  103569ms] [LOG] [ Federation Runtime ] Version 1.12.9 from dashboard of shared singleton module @cloudflare/intl-react does not satisfy the requirement of dashboard which needs workspace:^) @ https://dash.cloudflare.com/cf-6534f657bf45a8f6.js:2
[  103569ms] [LOG] [ Federation Runtime ] Version 1.12.9 from dashboard of shared singleton module @cloudflare/intl-react does not satisfy the requirement of dashboard which needs workspace:^) @ https://dash.cloudflare.com/cf-6534f657bf45a8f6.js:2
[  111780ms] [LOG] [ Federation Runtime ] Version 1.12.9 from dashboard of shared singleton module @cloudflare/intl-react does not satisfy the requirement of dashboard which needs workspace:^) @ https://dash.cloudflare.com/cf-6534f657bf45a8f6.js:2
[  116198ms] [INFO] Creating a worker from 'blob:https://dash.cloudflare.com/35e711ac-2800-4d73-9add-f45be387729b' violates the following Content Security Policy directive: "script-src cloudflare.com *.cloudflare.com 'unsafe-eval' 'unsafe-inline' static.cloudflareinsights.com js.stripe.com accounts.google.com www.paypal.com c.paypal.com embed.cloudflarestream.com". Note that 'worker-src' was not explicitly set, so 'script-src' is used as a fallback. The policy is report-only, so the violation has been logged but no further action has been taken. @ https://dash.cloudflare.com/cf-lib-e5eff893.97315a7151154f64.js:2
[  116199ms] [INFO] Creating a worker from 'blob:https://dash.cloudflare.com/35e711ac-2800-4d73-9add-f45be387729b' violates the following Content Security Policy directive: "script-src cloudflare.com *.cloudflare.com 'unsafe-eval' 'unsafe-inline' static.cloudflareinsights.com js.stripe.com accounts.google.com www.paypal.com c.paypal.com embed.cloudflarestream.com". Note that 'worker-src' was not explicitly set, so 'script-src' is used as a fallback. The policy is report-only, so the violation has been logged but no further action has been taken. @ https://dash.cloudflare.com/cf-lib-e5eff893.97315a7151154f64.js:2
[  116199ms] [INFO] Creating a worker from 'blob:https://dash.cloudflare.com/35e711ac-2800-4d73-9add-f45be387729b' violates the following Content Security Policy directive: "script-src cloudflare.com *.cloudflare.com 'unsafe-eval' 'unsafe-inline' static.cloudflareinsights.com js.stripe.com accounts.google.com www.paypal.com c.paypal.com embed.cloudflarestream.com". Note that 'worker-src' was not explicitly set, so 'script-src' is used as a fallback. The policy is report-only, so the violation has been logged but no further action has been taken. @ https://dash.cloudflare.com/cf-lib-e5eff893.97315a7151154f64.js:2
[  116199ms] [INFO] Creating a worker from 'blob:https://dash.cloudflare.com/35e711ac-2800-4d73-9add-f45be387729b' violates the following Content Security Policy directive: "script-src cloudflare.com *.cloudflare.com 'unsafe-eval' 'unsafe-inline' static.cloudflareinsights.com js.stripe.com accounts.google.com www.paypal.com c.paypal.com embed.cloudflarestream.com". Note that 'worker-src' was not explicitly set, so 'script-src' is used as a fallback. The policy is report-only, so the violation has been logged but no further action has been taken. @ https://dash.cloudflare.com/cf-lib-e5eff893.97315a7151154f64.js:2
[  186143ms] [INFO] Creating a worker from 'blob:https://dash.cloudflare.com/35e711ac-2800-4d73-9add-f45be387729b' violates the following Content Security Policy directive: "script-src cloudflare.com *.cloudflare.com 'unsafe-eval' 'unsafe-inline' static.cloudflareinsights.com js.stripe.com accounts.google.com www.paypal.com c.paypal.com embed.cloudflarestream.com". Note that 'worker-src' was not explicitly set, so 'script-src' is used as a fallback. The policy is report-only, so the violation has been logged but no further action has been taken. @ https://dash.cloudflare.com/cf-lib-e5eff893.97315a7151154f64.js:2
[  186143ms] [INFO] Creating a worker from 'blob:https://dash.cloudflare.com/35e711ac-2800-4d73-9add-f45be387729b' violates the following Content Security Policy directive: "script-src cloudflare.com *.cloudflare.com 'unsafe-eval' 'unsafe-inline' static.cloudflareinsights.com js.stripe.com accounts.google.com www.paypal.com c.paypal.com embed.cloudflarestream.com". Note that 'worker-src' was not explicitly set, so 'script-src' is used as a fallback. The policy is report-only, so the violation has been logged but no further action has been taken. @ https://dash.cloudflare.com/cf-lib-e5eff893.97315a7151154f64.js:2
[  186143ms] [INFO] Creating a worker from 'blob:https://dash.cloudflare.com/35e711ac-2800-4d73-9add-f45be387729b' violates the following Content Security Policy directive: "script-src cloudflare.com *.cloudflare.com 'unsafe-eval' 'unsafe-inline' static.cloudflareinsights.com js.stripe.com accounts.google.com www.paypal.com c.paypal.com embed.cloudflarestream.com". Note that 'worker-src' was not explicitly set, so 'script-src' is used as a fallback. The policy is report-only, so the violation has been logged but no further action has been taken. @ https://dash.cloudflare.com/cf-lib-e5eff893.97315a7151154f64.js:2
[  186143ms] [INFO] Creating a worker from 'blob:https://dash.cloudflare.com/35e711ac-2800-4d73-9add-f45be387729b' violates the following Content Security Policy directive: "script-src cloudflare.com *.cloudflare.com 'unsafe-eval' 'unsafe-inline' static.cloudflareinsights.com js.stripe.com accounts.google.com www.paypal.com c.paypal.com embed.cloudflarestream.com". Note that 'worker-src' was not explicitly set, so 'script-src' is used as a fallback. The policy is report-only, so the violation has been logged but no further action has been taken. @ https://dash.cloudflare.com/cf-lib-e5eff893.97315a7151154f64.js:2
[  703586ms] [ERROR] Failed to load resource: the server responded with a status of 403 () @ https://dash.cloudflare.com/api/gates/api/v1/runtime/assignments:0
[  703951ms] [ERROR] Failed to load resource: the server responded with a status of 403 () @ https://dash.cloudflare.com/api/gates/api/v1/runtime/assignments:0
[  704306ms] [ERROR] Failed to load resource: the server responded with a status of 403 () @ https://dash.cloudflare.com/api/gates/api/v1/runtime/assignments:0
[  856186ms] [ERROR] Failed to load resource: the server responded with a status of 403 () @ https://dash.cloudflare.com/accounts/4e921a01da1f55b0ddb32bb38a5524ce/entitlements:0
[ 1516276ms] [ERROR] Failed to load resource: the server responded with a status of 403 () @ https://dash.cloudflare.com/accounts/4e921a01da1f55b0ddb32bb38a5524ce/entitlements:0
[11871620ms] [INFO] Creating a worker from 'blob:https://dash.cloudflare.com/35e711ac-2800-4d73-9add-f45be387729b' violates the following Content Security Policy directive: "script-src cloudflare.com *.cloudflare.com 'unsafe-eval' 'unsafe-inline' static.cloudflareinsights.com js.stripe.com accounts.google.com www.paypal.com c.paypal.com embed.cloudflarestream.com". Note that 'worker-src' was not explicitly set, so 'script-src' is used as a fallback. The policy is report-only, so the violation has been logged but no further action has been taken. @ https://dash.cloudflare.com/cf-lib-e5eff893.97315a7151154f64.js:2
[11871620ms] [INFO] Creating a worker from 'blob:https://dash.cloudflare.com/35e711ac-2800-4d73-9add-f45be387729b' violates the following Content Security Policy directive: "script-src cloudflare.com *.cloudflare.com 'unsafe-eval' 'unsafe-inline' static.cloudflareinsights.com js.stripe.com accounts.google.com www.paypal.com c.paypal.com embed.cloudflarestream.com". Note that 'worker-src' was not explicitly set, so 'script-src' is used as a fallback. The policy is report-only, so the violation has been logged but no further action has been taken. @ https://dash.cloudflare.com/cf-lib-e5eff893.97315a7151154f64.js:2
[11871620ms] [INFO] Creating a worker from 'blob:https://dash.cloudflare.com/35e711ac-2800-4d73-9add-f45be387729b' violates the following Content Security Policy directive: "script-src cloudflare.com *.cloudflare.com 'unsafe-eval' 'unsafe-inline' static.cloudflareinsights.com js.stripe.com accounts.google.com www.paypal.com c.paypal.com embed.cloudflarestream.com". Note that 'worker-src' was not explicitly set, so 'script-src' is used as a fallback. The policy is report-only, so the violation has been logged but no further action has been taken. @ https://dash.cloudflare.com/cf-lib-e5eff893.97315a7151154f64.js:2
[11871621ms] [INFO] Creating a worker from 'blob:https://dash.cloudflare.com/35e711ac-2800-4d73-9add-f45be387729b' violates the following Content Security Policy directive: "script-src cloudflare.com *.cloudflare.com 'unsafe-eval' 'unsafe-inline' static.cloudflareinsights.com js.stripe.com accounts.google.com www.paypal.com c.paypal.com embed.cloudflarestream.com". Note that 'worker-src' was not explicitly set, so 'script-src' is used as a fallback. The policy is report-only, so the violation has been logged but no further action has been taken. @ https://dash.cloudflare.com/cf-lib-e5eff893.97315a7151154f64.js:2
[11872366ms] [ERROR] Failed to load resource: the server responded with a status of 403 () @ https://dash.cloudflare.com/cdn-cgi/zaraz/t:0
[11872372ms] undefined
[11872371ms] [ERROR] Failed to load resource: the server responded with a status of 403 () @ https://dash.cloudflare.com/cdn-cgi/zaraz/t:0
[11872375ms] Unexpected token '<', "<!DOCTYPE "... is not valid JSON
[11872375ms] Unexpected token '<', "<!DOCTYPE "... is not valid JSON
[11874352ms] [ERROR] Failed to load resource: the server responded with a status of 403 () @ https://dash.cloudflare.com/cdn-cgi/zaraz/t:0
[11874361ms] Unexpected token '<', "<!DOCTYPE "... is not valid JSON
[12055785ms] [ERROR] Failed to load resource: the server responded with a status of 403 () @ https://dash.cloudflare.com/cdn-cgi/zaraz/t:0
[12055876ms] undefined
[12055880ms] Unexpected token '<', "<!DOCTYPE "... is not valid JSON
[20664321ms] [ERROR] Failed to load resource: the server responded with a status of 502 () @ https://dash.cloudflare.com/api/v4/accounts/4e921a01da1f55b0ddb32bb38a5524ce/builds/builds/latest?external_script_ids=6ad728b9a0ef48be9567bfc661f104f1:0
[25236733ms] [ERROR] Failed to load resource: the server responded with a status of 404 () @ https://dash.cloudflare.com/api/v4/zones/fbbe286e70f828744c6829e544508d27/subscription:0
[25515699ms] [LOG] [ Federation Runtime ] Version 1.12.9 from dashboard of shared singleton module @cloudflare/intl-react does not satisfy the requirement of dashboard which needs workspace:^) @ https://dash.cloudflare.com/cf-6534f657bf45a8f6.js:2
[25729382ms] [INFO] Creating a worker from 'blob:https://dash.cloudflare.com/35e711ac-2800-4d73-9add-f45be387729b' violates the following Content Security Policy directive: "script-src cloudflare.com *.cloudflare.com 'unsafe-eval' 'unsafe-inline' static.cloudflareinsights.com js.stripe.com accounts.google.com www.paypal.com c.paypal.com embed.cloudflarestream.com". Note that 'worker-src' was not explicitly set, so 'script-src' is used as a fallback. The policy is report-only, so the violation has been logged but no further action has been taken. @ https://dash.cloudflare.com/cf-lib-e5eff893.97315a7151154f64.js:2
[25729382ms] [INFO] Creating a worker from 'blob:https://dash.cloudflare.com/35e711ac-2800-4d73-9add-f45be387729b' violates the following Content Security Policy directive: "script-src cloudflare.com *.cloudflare.com 'unsafe-eval' 'unsafe-inline' static.cloudflareinsights.com js.stripe.com accounts.google.com www.paypal.com c.paypal.com embed.cloudflarestream.com". Note that 'worker-src' was not explicitly set, so 'script-src' is used as a fallback. The policy is report-only, so the violation has been logged but no further action has been taken. @ https://dash.cloudflare.com/cf-lib-e5eff893.97315a7151154f64.js:2
[25729382ms] [INFO] Creating a worker from 'blob:https://dash.cloudflare.com/35e711ac-2800-4d73-9add-f45be387729b' violates the following Content Security Policy directive: "script-src cloudflare.com *.cloudflare.com 'unsafe-eval' 'unsafe-inline' static.cloudflareinsights.com js.stripe.com accounts.google.com www.paypal.com c.paypal.com embed.cloudflarestream.com". Note that 'worker-src' was not explicitly set, so 'script-src' is used as a fallback. The policy is report-only, so the violation has been logged but no further action has been taken. @ https://dash.cloudflare.com/cf-lib-e5eff893.97315a7151154f64.js:2
[25729382ms] [INFO] Creating a worker from 'blob:https://dash.cloudflare.com/35e711ac-2800-4d73-9add-f45be387729b' violates the following Content Security Policy directive: "script-src cloudflare.com *.cloudflare.com 'unsafe-eval' 'unsafe-inline' static.cloudflareinsights.com js.stripe.com accounts.google.com www.paypal.com c.paypal.com embed.cloudflarestream.com". Note that 'worker-src' was not explicitly set, so 'script-src' is used as a fallback. The policy is report-only, so the violation has been logged but no further action has been taken. @ https://dash.cloudflare.com/cf-lib-e5eff893.97315a7151154f64.js:2
[25748870ms] [INFO] Creating a worker from 'blob:https://dash.cloudflare.com/35e711ac-2800-4d73-9add-f45be387729b' violates the following Content Security Policy directive: "script-src cloudflare.com *.cloudflare.com 'unsafe-eval' 'unsafe-inline' static.cloudflareinsights.com js.stripe.com accounts.google.com www.paypal.com c.paypal.com embed.cloudflarestream.com". Note that 'worker-src' was not explicitly set, so 'script-src' is used as a fallback. The policy is report-only, so the violation has been logged but no further action has been taken. @ https://dash.cloudflare.com/cf-lib-e5eff893.97315a7151154f64.js:2
[25748871ms] [INFO] Creating a worker from 'blob:https://dash.cloudflare.com/35e711ac-2800-4d73-9add-f45be387729b' violates the following Content Security Policy directive: "script-src cloudflare.com *.cloudflare.com 'unsafe-eval' 'unsafe-inline' static.cloudflareinsights.com js.stripe.com accounts.google.com www.paypal.com c.paypal.com embed.cloudflarestream.com". Note that 'worker-src' was not explicitly set, so 'script-src' is used as a fallback. The policy is report-only, so the violation has been logged but no further action has been taken. @ https://dash.cloudflare.com/cf-lib-e5eff893.97315a7151154f64.js:2
[25748871ms] [INFO] Creating a worker from 'blob:https://dash.cloudflare.com/35e711ac-2800-4d73-9add-f45be387729b' violates the following Content Security Policy directive: "script-src cloudflare.com *.cloudflare.com 'unsafe-eval' 'unsafe-inline' static.cloudflareinsights.com js.stripe.com accounts.google.com www.paypal.com c.paypal.com embed.cloudflarestream.com". Note that 'worker-src' was not explicitly set, so 'script-src' is used as a fallback. The policy is report-only, so the violation has been logged but no further action has been taken. @ https://dash.cloudflare.com/cf-lib-e5eff893.97315a7151154f64.js:2
[25748871ms] [INFO] Creating a worker from 'blob:https://dash.cloudflare.com/35e711ac-2800-4d73-9add-f45be387729b' violates the following Content Security Policy directive: "script-src cloudflare.com *.cloudflare.com 'unsafe-eval' 'unsafe-inline' static.cloudflareinsights.com js.stripe.com accounts.google.com www.paypal.com c.paypal.com embed.cloudflarestream.com". Note that 'worker-src' was not explicitly set, so 'script-src' is used as a fallback. The policy is report-only, so the violation has been logged but no further action has been taken. @ https://dash.cloudflare.com/cf-lib-e5eff893.97315a7151154f64.js:2
[27564620ms] [ERROR] Failed to load resource: net::ERR_NETWORK_CHANGED @ https://dash.cloudflare.com/api/v4/accounts/4e921a01da1f55b0ddb32bb38a5524ce/builds/builds/latest?external_script_ids=6ad728b9a0ef48be9567bfc661f104f1:0
[27564679ms] [ERROR] Failed to load resource: net::ERR_NETWORK_CHANGED @ https://dash.cloudflare.com/api/v4/memberships?account.id=4e921a01da1f55b0ddb32bb38a5524ce:0
[27564838ms] [ERROR] Failed to load resource: net::ERR_NETWORK_CHANGED @ https://dash.cloudflare.com/cdn-cgi/zaraz/t:0
[27564839ms] [ERROR] Failed to load resource: net::ERR_NETWORK_CHANGED @ https://sparrow.cloudflare.com/api/v1/event:0
[27564913ms] [ERROR] Failed to load resource: net::ERR_NETWORK_CHANGED @ https://dash.cloudflare.com/cdn-cgi/zaraz/t:0
[27564922ms] TypeError: Failed to fetch
    at https://dash.cloudflare.com/cf-b6847ef163b27e5c.js:3:105018
[29132843ms] [ERROR] Failed to load resource: net::ERR_NETWORK_CHANGED @ https://dash.cloudflare.com/api/v4/accounts/4e921a01da1f55b0ddb32bb38a5524ce/builds/builds/latest?external_script_ids=6ad728b9a0ef48be9567bfc661f104f1:0
[29204590ms] [ERROR] Failed to load resource: net::ERR_NETWORK_CHANGED @ https://dash.cloudflare.com/api/v4/accounts/4e921a01da1f55b0ddb32bb38a5524ce/builds/builds/latest?external_script_ids=6ad728b9a0ef48be9567bfc661f104f1:0
[31700838ms] [ERROR] Failed to load resource: net::ERR_NETWORK_CHANGED @ https://dash.cloudflare.com/api/v4/accounts/4e921a01da1f55b0ddb32bb38a5524ce/builds/builds/latest?external_script_ids=6ad728b9a0ef48be9567bfc661f104f1:0
[32007086ms] [ERROR] Failed to load resource: net::ERR_NETWORK_CHANGED @ https://dash.cloudflare.com/api/v4/accounts/4e921a01da1f55b0ddb32bb38a5524ce/builds/builds/latest?external_script_ids=6ad728b9a0ef48be9567bfc661f104f1:0
[32007600ms] [ERROR] Failed to load resource: net::ERR_NETWORK_CHANGED @ https://dash.cloudflare.com/api/v4/memberships?account.id=4e921a01da1f55b0ddb32bb38a5524ce:0
[32007711ms] [ERROR] Failed to load resource: net::ERR_NETWORK_CHANGED @ https://dash.cloudflare.com/cdn-cgi/zaraz/t:0
[33478047ms] [ERROR] Failed to load resource: net::ERR_NETWORK_CHANGED @ https://dash.cloudflare.com/api/v4/accounts/4e921a01da1f55b0ddb32bb38a5524ce/builds/builds/latest?external_script_ids=6ad728b9a0ef48be9567bfc661f104f1:0
