[     346ms] [WARNING] Reflect is already polyfilled. @ https://lf16-tiktok-web.tiktokcdn-us.com/obj/tiktok-web-tx/tiktok/webapp/main/react-v18/webapp-desktop/static/js/webapp-desktop.3bc76ec8.js:0
[     418ms] [WARNING] AppContext will be overwritten @ https://lf16-tiktok-web.tiktokcdn-us.com/obj/tiktok-web-tx/tiktok/webapp/main/react-v18/webapp-desktop/static/js/webapp-desktop.3bc76ec8.js:0
[     418ms] [WARNING] AppContext will be overwritten @ https://lf16-tiktok-web.tiktokcdn-us.com/obj/tiktok-web-tx/tiktok/webapp/main/react-v18/webapp-desktop/static/js/webapp-desktop.3bc76ec8.js:0
[     418ms] [WARNING] AppContext will be overwritten @ https://lf16-tiktok-web.tiktokcdn-us.com/obj/tiktok-web-tx/tiktok/webapp/main/react-v18/webapp-desktop/static/js/webapp-desktop.3bc76ec8.js:0
[     418ms] [WARNING] AppContext will be overwritten @ https://lf16-tiktok-web.tiktokcdn-us.com/obj/tiktok-web-tx/tiktok/webapp/main/react-v18/webapp-desktop/static/js/webapp-desktop.3bc76ec8.js:0
[     418ms] [WARNING] AppContext will be overwritten @ https://lf16-tiktok-web.tiktokcdn-us.com/obj/tiktok-web-tx/tiktok/webapp/main/react-v18/webapp-desktop/static/js/webapp-desktop.3bc76ec8.js:0
[     419ms] [WARNING] AppContext will be overwritten @ https://lf16-tiktok-web.tiktokcdn-us.com/obj/tiktok-web-tx/tiktok/webapp/main/react-v18/webapp-desktop/static/js/webapp-desktop.3bc76ec8.js:0
[     419ms] [WARNING] AppContext will be overwritten @ https://lf16-tiktok-web.tiktokcdn-us.com/obj/tiktok-web-tx/tiktok/webapp/main/react-v18/webapp-desktop/static/js/webapp-desktop.3bc76ec8.js:0
[     419ms] [WARNING] AppContext will be overwritten @ https://lf16-tiktok-web.tiktokcdn-us.com/obj/tiktok-web-tx/tiktok/webapp/main/react-v18/webapp-desktop/static/js/webapp-desktop.3bc76ec8.js:0
[     419ms] [WARNING] AppContext will be overwritten @ https://lf16-tiktok-web.tiktokcdn-us.com/obj/tiktok-web-tx/tiktok/webapp/main/react-v18/webapp-desktop/static/js/webapp-desktop.3bc76ec8.js:0
[     445ms] [WARNING] AppContext will be overwritten @ https://lf16-tiktok-web.tiktokcdn-us.com/obj/tiktok-web-tx/tiktok/webapp/main/react-v18/webapp-desktop/static/js/webapp-desktop.3bc76ec8.js:0
[     448ms] [WARNING] AppContext will be overwritten @ https://lf16-tiktok-web.tiktokcdn-us.com/obj/tiktok-web-tx/tiktok/webapp/main/react-v18/webapp-desktop/static/js/webapp-desktop.3bc76ec8.js:0
[     448ms] [WARNING] loadable: `loadableReady()` requires state, please use `getScriptTags` or `getScriptElements` server-side @ https://lf16-tiktok-web.tiktokcdn-us.com/obj/tiktok-web-tx/tiktok/webapp/main/react-v18/webapp-desktop/static/js/80699.ff5f21df.js:1
[     643ms] [INFO] . @ https://lf16-tiktok-web.tiktokcdn-us.com/obj/tiktok-web-tx/webmssdk/2.0.0.485/webmssdk.js:0
[    1473ms] [LOG] ws.opened @ https://lf16-tiktok-web.tiktokcdn-us.com/obj/tiktok-web-tx/tiktok/webapp/main/react-v18/webapp-desktop/static/js/async/64887.aa44c2fe.js:1
[    1473ms] [WARNING] [SDK] 1778380091690        0 already inited @ https://lf16-cdn-tos.tiktokcdn-us.com/obj/static-tx/slardar/fe/sdk-web/browser.oci.js?bid=tiktok_webapp&globalName=SlardarClient:0
[    2517ms] [WARNING] [00:03.126][warn][controller](1) NotAllowedError: play() failed because the user didn't interact with the document first. https://goo.gl/xX8pDD @ https://lf16-tiktok-web.tiktokcdn-us.com/obj/tiktok-web-tx/tiktok/webapp/main/react-v18/webapp-desktop/static/js/async/85754.4f9cd826.js:0
[    2525ms] [WARNING] Unmuting failed and the element was paused instead because the user didn't interact with the document before. https://goo.gl/xX8pDD @ https://lf16-tiktok-web.tiktokcdn-us.com/obj/tiktok-web-tx/tiktok/webapp/main/react-v18/webapp-desktop/static/js/async/85754.4f9cd826.js:0
[    2531ms] [WARNING] [00:03.141][warn][controller](1) AbortError: The play() request was interrupted by a call to pause(). https://goo.gl/LdLk22 @ https://lf16-tiktok-web.tiktokcdn-us.com/obj/tiktok-web-tx/tiktok/webapp/main/react-v18/webapp-desktop/static/js/async/85754.4f9cd826.js:0
[    2531ms] [WARNING] [00:03.141][warn][controller](1) AbortError: The play() request was interrupted by a call to pause(). https://goo.gl/LdLk22 @ https://lf16-tiktok-web.tiktokcdn-us.com/obj/tiktok-web-tx/tiktok/webapp/main/react-v18/webapp-desktop/static/js/async/85754.4f9cd826.js:0
[    2964ms] [WARNING] [TikTok desktop app SDK Monitor]:   WARN:[printFirstFeedShow]The current environment is not inside the client. @ https://lf16-tiktok-web.tiktokcdn-us.com/obj/tiktok-web-tx/tiktok/webapp/main/react-v18/webapp-desktop/static/js/webapp-desktop.3bc76ec8.js:0
[    3947ms] [ERROR] Failed to load resource: the server responded with a status of 400 () @ https://www.tiktok.com/api/inbox/notice_count/?WebIdLastTime=1778380090&aid=1988&app_language=en&app_name=tiktok_web&browser_language=en-US&browser_name=Mozilla&browser_online=true&browser_platform=MacIntel&browser_version=5.0%20%28Macintosh%3B%20Intel%20Mac%20OS%20X%2010_15_7%29%20AppleWebKit%2F537.36%20%28KHTML%2C%20like%20Gecko%29%20Chrome%2F147.0.0.0%20Safari%2F537.36&channel=tiktok_web&cookie_enabled=true&data_collection_enabled=false&device_id=7638084315318076959&device_platform=web_pc&focus_state=true&from_page=fyp&history_len=1&is_fullscreen=false&is_page_visible=true&odinId=7638084300416893982&os=mac&priority_region=&referer=&region=US&screen_height=1080&screen_width=1920&tz_name=America%2FLos_Angeles&user_is_login=false&webcast_language=en&msToken=4l6t0PmKffcAnHZIsb88yJEQH3Iz6JlEDhsItVuZQf9lhk1G_eZKDQPoPWhEdsdwF49a3fJhn0UXOipXTrHoCYYt2faickNTtzXr4704qUkyB1DvkwVGWzNkwr6oIIDcFx_z5-vx96RG2g==&X-Bogus=DFSzsIVYZI2ANtELCLuT6TVxWZ9L&X-Gnarly=Mcz2WOt0dL5wTtnQgTXuOkrP2wwWaOqUthTWFIjv0MNJggS4xokgdsXVjSyhPGO/Ogvuca9ndDYMjaPgwn1ErIzBXQDyNiQVR-knLpjyOssNc0eu11dXq5lCeJV-l3En/ulQEVBKZ5aOGSYX3ezbt3y//FbxPZyuWf6K/xaXYOR5EvAxDQX1U-jbh/yIQfM-yayZlsybMdLra4BHOVrYw8PGSVwP0ewpvItNRKG8hz88VSCwiwdLPAIP6AiHl9Y8ogRXs3CXIynTdwY9u8H4Gri6oV/GuyhveGnfEDOTr3akofi8F1WxWZ-r8jpcDddDOuyB8s10eZ==:0
[    3955ms] [WARNING] [00:04.565][warn][multiplex](2) demux waterlevel change to full, abort request @ https://lf16-tiktok-web.tiktokcdn-us.com/obj/tiktok-web-tx/tiktok/webapp/main/react-v18/webapp-desktop/static/js/async/85754.4f9cd826.js:0
[    3955ms] [WARNING] [00:04.565][warn][multiplex](1) demux waterlevel change to full, abort request @ https://lf16-tiktok-web.tiktokcdn-us.com/obj/tiktok-web-tx/tiktok/webapp/main/react-v18/webapp-desktop/static/js/async/85754.4f9cd826.js:0
[    4328ms] [LOG] [browser check] %s, os:  Chrome Mac OS @ https://lf16-tiktok-web.tiktokcdn-us.com/obj/tiktok-web-tx/tiktok/webapp/main/react-v18/webapp-desktop/static/js/async/30382.177323cd.js:0
[    4331ms] [WARNING] [i18n] missing key [en] WebApp_Login webapp_login_removeAccount_title Remove saved login information? @ https://lf16-tiktok-web.tiktokcdn-us.com/obj/tiktok-web-tx/tiktok/webapp/main/react-v18/webapp-desktop/static/js/biz.common.lib.2b700986.js:0
[    4331ms] [WARNING] [i18n] missing key [en] WebApp_Login webapp_login_removeAccount_desc You'll need to enter your username and password the next time you log in. @ https://lf16-tiktok-web.tiktokcdn-us.com/obj/tiktok-web-tx/tiktok/webapp/main/react-v18/webapp-desktop/static/js/biz.common.lib.2b700986.js:0
[    4331ms] [WARNING] [i18n] missing key [en] WebApp_Login webapp_login_removeAccount_btn2 Cancel @ https://lf16-tiktok-web.tiktokcdn-us.com/obj/tiktok-web-tx/tiktok/webapp/main/react-v18/webapp-desktop/static/js/biz.common.lib.2b700986.js:0
[    4332ms] [WARNING] [i18n] missing key [en] WebApp_Login webapp_login_removeAccount_btn1 Remove @ https://lf16-tiktok-web.tiktokcdn-us.com/obj/tiktok-web-tx/tiktok/webapp/main/react-v18/webapp-desktop/static/js/biz.common.lib.2b700986.js:0
[    4340ms] [WARNING] InvalidCharacterError: Failed to execute 'atob' on 'Window': The string to be decoded is not correctly encoded.
    at i (https://lf16-tiktok-web.tiktokcdn-us.com/obj/tiktok-web-tx/tiktok/webapp/main/react-v18/webapp-desktop/static/js/async/24640.fe5b8c3d.js:1:125542)
    at t.getLoginContext (https://lf16-tiktok-web.tiktokcdn-us.com/obj/tiktok-web-tx/tiktok/webapp/main/react-v18/webapp-desktop/static/js/async/24640.fe5b8c3d.js:1:43339)
    at https://lf16-tiktok-web.tiktokcdn-us.com/obj/tiktok-web-tx/tiktok/webapp/main/react-v18/webapp-desktop/static/js/async/24640.fe5b8c3d.js:1:39317
    at v (https://lf16-tiktok-web.tiktokcdn-us.com/obj/tiktok-web-tx/tiktok/webapp/main/react-v18/webapp-desktop/static/js/npm-rxjs.142286d3.js:1:26341)
    at d (https://lf16-tiktok-web.tiktokcdn-us.com/obj/tiktok-web-tx/tiktok/webapp/main/react-v18/webapp-desktop/static/js/npm-rxjs.142286d3.js:1:26289)
    at c._next (https://lf16-tiktok-web.tiktokcdn-us.com/obj/tiktok-web-tx/tiktok/webapp/main/react-v18/webapp-desktop/static/js/npm-rxjs.142286d3.js:1:19650)
    at r.next (https://lf16-tiktok-web.tiktokcdn-us.com/obj/tiktok-web-tx/tiktok/webapp/main/react-v18/webapp-desktop/static/js/npm-rxjs.142286d3.js:1:7391)
    at https://lf16-tiktok-web.tiktokcdn-us.com/obj/tiktok-web-tx/tiktok/webapp/main/react-v18/webapp-desktop/static/js/npm-rxjs.142286d3.js:1:25643
    at c._next (https://lf16-tiktok-web.tiktokcdn-us.com/obj/tiktok-web-tx/tiktok/webapp/main/react-v18/webapp-desktop/static/js/npm-rxjs.142286d3.js:1:19650)
    at r.next (https://lf16-tiktok-web.tiktokcdn-us.com/obj/tiktok-web-tx/tiktok/webapp/main/react-v18/webapp-desktop/static/js/npm-rxjs.142286d3.js:1:7391) @ https://lf16-tiktok-web.tiktokcdn-us.com/obj/tiktok-web-tx/tiktok/webapp/main/react-v18/webapp-desktop/static/js/async/24640.fe5b8c3d.js:0
[    4598ms] [WARNING] [GSI_LOGGER]: Your client application uses one of the Google One Tap prompt UI status methods that may stop functioning when FedCM becomes mandatory. Refer to the migration guide to update your code accordingly and opt-in to FedCM to test your changes. Learn more: https://developers.google.com/identity/gsi/web/guides/fedcm-migration?s=dc#display_moment and https://developers.google.com/identity/gsi/web/guides/fedcm-migration?s=dc#skipped_moment @ https://accounts.google.com/gsi/client:84
[   16106ms] [ERROR] User declined or dismissed prompt. API exponential cool down triggered. @ https://www.tiktok.com/:0
[   16107ms] [ERROR] [GSI_LOGGER]: FedCM get() rejects with NetworkError: Error retrieving a token. @ https://lf16-tiktok-web.tiktokcdn-us.com/obj/tiktok-web-tx/tiktok/webapp/main/react-v18/webapp-desktop/static/js/webapp-desktop.3bc76ec8.js:0
[   35207ms] [WARNING] InvalidCharacterError: Failed to execute 'atob' on 'Window': The string to be decoded is not correctly encoded.
    at i (https://lf16-tiktok-web.tiktokcdn-us.com/obj/tiktok-web-tx/tiktok/webapp/main/react-v18/webapp-desktop/static/js/async/24640.fe5b8c3d.js:1:125542)
    at Object.init (https://lf16-tiktok-web.tiktokcdn-us.com/obj/tiktok-web-tx/tiktok/webapp/main/react-v18/webapp-desktop/static/js/async/login-modal.2846b24c.js:1:563656)
    at dL (https://lf16-tiktok-web.tiktokcdn-us.com/obj/tiktok-web-tx/tiktok/webapp/main/react-v18/webapp-desktop/static/js/async/login-modal.2846b24c.js:1:564566)
    at https://lf16-tiktok-web.tiktokcdn-us.com/obj/tiktok-web-tx/tiktok/webapp/main/react-v18/webapp-desktop/static/js/async/login-modal.2846b24c.js:1:814521
    at od (https://lf16-tiktok-web.tiktokcdn-us.com/obj/tiktok-web-tx/tiktok/webapp/main/react-v18/webapp-desktop/static/js/npm-react.c4ee0173.js:2:140073)
    at ld (https://lf16-tiktok-web.tiktokcdn-us.com/obj/tiktok-web-tx/tiktok/webapp/main/react-v18/webapp-desktop/static/js/npm-react.c4ee0173.js:2:154368)
    at ls (https://lf16-tiktok-web.tiktokcdn-us.com/obj/tiktok-web-tx/tiktok/webapp/main/react-v18/webapp-desktop/static/js/npm-react.c4ee0173.js:2:153576)
    at lu (https://lf16-tiktok-web.tiktokcdn-us.com/obj/tiktok-web-tx/tiktok/webapp/main/react-v18/webapp-desktop/static/js/npm-react.c4ee0173.js:2:153178)
    at u (https://lf16-tiktok-web.tiktokcdn-us.com/obj/tiktok-web-tx/tiktok/webapp/main/react-v18/webapp-desktop/static/js/npm-react.c4ee0173.js:2:204289)
    at iI (https://lf16-tiktok-web.tiktokcdn-us.com/obj/tiktok-web-tx/tiktok/webapp/main/react-v18/webapp-desktop/static/js/npm-react.c4ee0173.js:2:180610) @ https://lf16-tiktok-web.tiktokcdn-us.com/obj/tiktok-web-tx/tiktok/webapp/main/react-v18/webapp-desktop/static/js/async/24640.fe5b8c3d.js:0
[   35210ms] [WARNING] [i18n] missing key [en] WebApp_Login Log in or sign up for an account on TikTok. Start watching to discover real people and real videos that will make your day. Log in or sign up for an account on TikTok. Start watching to discover real people and real videos that will make your day. @ https://lf16-tiktok-web.tiktokcdn-us.com/obj/tiktok-web-tx/tiktok/webapp/main/react-v18/webapp-desktop/static/js/biz.common.lib.2b700986.js:0
[   35233ms] [WARNING] InvalidCharacterError: Failed to execute 'atob' on 'Window': The string to be decoded is not correctly encoded.
    at i (https://lf16-tiktok-web.tiktokcdn-us.com/obj/tiktok-web-tx/tiktok/webapp/main/react-v18/webapp-desktop/static/js/async/24640.fe5b8c3d.js:1:125542)
    at t.getLoginContext (https://lf16-tiktok-web.tiktokcdn-us.com/obj/tiktok-web-tx/tiktok/webapp/main/react-v18/webapp-desktop/static/js/async/24640.fe5b8c3d.js:1:43339)
    at https://lf16-tiktok-web.tiktokcdn-us.com/obj/tiktok-web-tx/tiktok/webapp/main/react-v18/webapp-desktop/static/js/async/24640.fe5b8c3d.js:1:39317
    at v (https://lf16-tiktok-web.tiktokcdn-us.com/obj/tiktok-web-tx/tiktok/webapp/main/react-v18/webapp-desktop/static/js/npm-rxjs.142286d3.js:1:26341)
    at d (https://lf16-tiktok-web.tiktokcdn-us.com/obj/tiktok-web-tx/tiktok/webapp/main/react-v18/webapp-desktop/static/js/npm-rxjs.142286d3.js:1:26289)
    at c._next (https://lf16-tiktok-web.tiktokcdn-us.com/obj/tiktok-web-tx/tiktok/webapp/main/react-v18/webapp-desktop/static/js/npm-rxjs.142286d3.js:1:19650)
    at r.next (https://lf16-tiktok-web.tiktokcdn-us.com/obj/tiktok-web-tx/tiktok/webapp/main/react-v18/webapp-desktop/static/js/npm-rxjs.142286d3.js:1:7391)
    at https://lf16-tiktok-web.tiktokcdn-us.com/obj/tiktok-web-tx/tiktok/webapp/main/react-v18/webapp-desktop/static/js/npm-rxjs.142286d3.js:1:25643
    at c._next (https://lf16-tiktok-web.tiktokcdn-us.com/obj/tiktok-web-tx/tiktok/webapp/main/react-v18/webapp-desktop/static/js/npm-rxjs.142286d3.js:1:19650)
    at r.next (https://lf16-tiktok-web.tiktokcdn-us.com/obj/tiktok-web-tx/tiktok/webapp/main/react-v18/webapp-desktop/static/js/npm-rxjs.142286d3.js:1:7391) @ https://lf16-tiktok-web.tiktokcdn-us.com/obj/tiktok-web-tx/tiktok/webapp/main/react-v18/webapp-desktop/static/js/async/24640.fe5b8c3d.js:0
[   44840ms] [WARNING] InvalidCharacterError: Failed to execute 'atob' on 'Window': The string to be decoded is not correctly encoded.
    at i (https://lf16-tiktok-web.tiktokcdn-us.com/obj/tiktok-web-tx/tiktok/webapp/main/react-v18/webapp-desktop/static/js/async/24640.fe5b8c3d.js:1:125542)
    at t.getLoginContext (https://lf16-tiktok-web.tiktokcdn-us.com/obj/tiktok-web-tx/tiktok/webapp/main/react-v18/webapp-desktop/static/js/async/24640.fe5b8c3d.js:1:43339)
    at https://lf16-tiktok-web.tiktokcdn-us.com/obj/tiktok-web-tx/tiktok/webapp/main/react-v18/webapp-desktop/static/js/async/24640.fe5b8c3d.js:1:39317
    at v (https://lf16-tiktok-web.tiktokcdn-us.com/obj/tiktok-web-tx/tiktok/webapp/main/react-v18/webapp-desktop/static/js/npm-rxjs.142286d3.js:1:26341)
    at d (https://lf16-tiktok-web.tiktokcdn-us.com/obj/tiktok-web-tx/tiktok/webapp/main/react-v18/webapp-desktop/static/js/npm-rxjs.142286d3.js:1:26289)
    at c._next (https://lf16-tiktok-web.tiktokcdn-us.com/obj/tiktok-web-tx/tiktok/webapp/main/react-v18/webapp-desktop/static/js/npm-rxjs.142286d3.js:1:19650)
    at r.next (https://lf16-tiktok-web.tiktokcdn-us.com/obj/tiktok-web-tx/tiktok/webapp/main/react-v18/webapp-desktop/static/js/npm-rxjs.142286d3.js:1:7391)
    at https://lf16-tiktok-web.tiktokcdn-us.com/obj/tiktok-web-tx/tiktok/webapp/main/react-v18/webapp-desktop/static/js/npm-rxjs.142286d3.js:1:25643
    at c._next (https://lf16-tiktok-web.tiktokcdn-us.com/obj/tiktok-web-tx/tiktok/webapp/main/react-v18/webapp-desktop/static/js/npm-rxjs.142286d3.js:1:19650)
    at r.next (https://lf16-tiktok-web.tiktokcdn-us.com/obj/tiktok-web-tx/tiktok/webapp/main/react-v18/webapp-desktop/static/js/npm-rxjs.142286d3.js:1:7391) @ https://lf16-tiktok-web.tiktokcdn-us.com/obj/tiktok-web-tx/tiktok/webapp/main/react-v18/webapp-desktop/static/js/async/24640.fe5b8c3d.js:0
[   45539ms] [LOG] Error @ https://lf16-tiktok-web.tiktokcdn-us.com/obj/tiktok-web-tx/tiktok/webapp/main/react-v18/webapp-desktop/static/js/async/72039.3fff157a.js:1
[  185317ms] [LOG] %cAccountApi Version >>>>%O background: #222; color: #bada55 2.1.11-tiktokbeta.3 @ https://lf16-tiktok-web.tiktokcdn-us.com/obj/tiktok-web-tx/tiktok/webapp/main/react-v18/webapp-desktop/static/js/async/9462.481d1e45.js:0
[  185319ms] [LOG] >> lang en @ https://lf16-tiktok-web.tiktokcdn-us.com/obj/tiktok-web-tx/tiktok/webapp/main/react-v18/webapp-desktop/static/js/async/9462.481d1e45.js:0
[  185319ms] [LOG] >>> twv I18n isInitialized true @ https://lf16-tiktok-web.tiktokcdn-us.com/obj/tiktok-web-tx/tiktok/webapp/main/react-v18/webapp-desktop/static/js/async/9462.481d1e45.js:0
[  185323ms] [LOG] ===> verify_moz5p6qb_sQlBIDp2_iiMM_4TKv_8SdS_alNsCKNgk5tK @ https://lf16-tiktok-web.tiktokcdn-us.com/obj/tiktok-web-tx/tiktok/webapp/main/react-v18/webapp-desktop/static/js/async/9462.481d1e45.js:0
[  187802ms] [ERROR] Login: account-api error: [7] Maximum number of attempts reached. Try again later.. @ https://lf16-tiktok-web.tiktokcdn-us.com/obj/tiktok-web-tx/tiktok/webapp/main/react-v18/webapp-desktop/static/js/webapp-desktop.3bc76ec8.js:0
[  188051ms] [ERROR] Login: account-api error: [7] Maximum number of attempts reached. Try again later.. @ https://lf16-tiktok-web.tiktokcdn-us.com/obj/tiktok-web-tx/tiktok/webapp/main/react-v18/webapp-desktop/static/js/webapp-desktop.3bc76ec8.js:0
[  189534ms] [ERROR] Login: account-api error: [7] Maximum number of attempts reached. Try again later.. @ https://lf16-tiktok-web.tiktokcdn-us.com/obj/tiktok-web-tx/tiktok/webapp/main/react-v18/webapp-desktop/static/js/webapp-desktop.3bc76ec8.js:0
[  190947ms] [ERROR] Login: account-api error: [7] Maximum number of attempts reached. Try again later.. @ https://lf16-tiktok-web.tiktokcdn-us.com/obj/tiktok-web-tx/tiktok/webapp/main/react-v18/webapp-desktop/static/js/webapp-desktop.3bc76ec8.js:0
[  191371ms] [ERROR] Login: account-api error: [7] Maximum number of attempts reached. Try again later.. @ https://lf16-tiktok-web.tiktokcdn-us.com/obj/tiktok-web-tx/tiktok/webapp/main/react-v18/webapp-desktop/static/js/webapp-desktop.3bc76ec8.js:0
[  192820ms] [ERROR] Login: account-api error: [7] Maximum number of attempts reached. Try again later.. @ https://lf16-tiktok-web.tiktokcdn-us.com/obj/tiktok-web-tx/tiktok/webapp/main/react-v18/webapp-desktop/static/js/webapp-desktop.3bc76ec8.js:0
[  192931ms] [ERROR] Login: account-api error: [7] Maximum number of attempts reached. Try again later.. @ https://lf16-tiktok-web.tiktokcdn-us.com/obj/tiktok-web-tx/tiktok/webapp/main/react-v18/webapp-desktop/static/js/webapp-desktop.3bc76ec8.js:0
[  195141ms] [ERROR] Login: account-api error: [7] Maximum number of attempts reached. Try again later.. @ https://lf16-tiktok-web.tiktokcdn-us.com/obj/tiktok-web-tx/tiktok/webapp/main/react-v18/webapp-desktop/static/js/webapp-desktop.3bc76ec8.js:0
[  195143ms] [ERROR] Login: account-api error: [7] Maximum number of attempts reached. Try again later.. @ https://lf16-tiktok-web.tiktokcdn-us.com/obj/tiktok-web-tx/tiktok/webapp/main/react-v18/webapp-desktop/static/js/webapp-desktop.3bc76ec8.js:0
[  196557ms] [ERROR] Login: account-api error: [7] Maximum number of attempts reached. Try again later.. @ https://lf16-tiktok-web.tiktokcdn-us.com/obj/tiktok-web-tx/tiktok/webapp/main/react-v18/webapp-desktop/static/js/webapp-desktop.3bc76ec8.js:0
[  196715ms] [ERROR] Login: account-api error: [7] Maximum number of attempts reached. Try again later.. @ https://lf16-tiktok-web.tiktokcdn-us.com/obj/tiktok-web-tx/tiktok/webapp/main/react-v18/webapp-desktop/static/js/webapp-desktop.3bc76ec8.js:0
[  198133ms] [ERROR] Login: account-api error: [7] Maximum number of attempts reached. Try again later.. @ https://lf16-tiktok-web.tiktokcdn-us.com/obj/tiktok-web-tx/tiktok/webapp/main/react-v18/webapp-desktop/static/js/webapp-desktop.3bc76ec8.js:0
[  198184ms] [ERROR] Login: account-api error: [7] Maximum number of attempts reached. Try again later.. @ https://lf16-tiktok-web.tiktokcdn-us.com/obj/tiktok-web-tx/tiktok/webapp/main/react-v18/webapp-desktop/static/js/webapp-desktop.3bc76ec8.js:0
[  199644ms] [ERROR] Login: account-api error: [7] Maximum number of attempts reached. Try again later.. @ https://lf16-tiktok-web.tiktokcdn-us.com/obj/tiktok-web-tx/tiktok/webapp/main/react-v18/webapp-desktop/static/js/webapp-desktop.3bc76ec8.js:0
[  199708ms] [ERROR] Login: account-api error: [7] Maximum number of attempts reached. Try again later.. @ https://lf16-tiktok-web.tiktokcdn-us.com/obj/tiktok-web-tx/tiktok/webapp/main/react-v18/webapp-desktop/static/js/webapp-desktop.3bc76ec8.js:0
[  201180ms] [ERROR] Login: account-api error: [7] Maximum number of attempts reached. Try again later.. @ https://lf16-tiktok-web.tiktokcdn-us.com/obj/tiktok-web-tx/tiktok/webapp/main/react-v18/webapp-desktop/static/js/webapp-desktop.3bc76ec8.js:0
[  201500ms] [ERROR] Login: account-api error: [7] Maximum number of attempts reached. Try again later.. @ https://lf16-tiktok-web.tiktokcdn-us.com/obj/tiktok-web-tx/tiktok/webapp/main/react-v18/webapp-desktop/static/js/webapp-desktop.3bc76ec8.js:0
[  202872ms] [ERROR] Login: account-api error: [7] Maximum number of attempts reached. Try again later.. @ https://lf16-tiktok-web.tiktokcdn-us.com/obj/tiktok-web-tx/tiktok/webapp/main/react-v18/webapp-desktop/static/js/webapp-desktop.3bc76ec8.js:0
[  203396ms] [ERROR] Login: account-api error: [7] Maximum number of attempts reached. Try again later.. @ https://lf16-tiktok-web.tiktokcdn-us.com/obj/tiktok-web-tx/tiktok/webapp/main/react-v18/webapp-desktop/static/js/webapp-desktop.3bc76ec8.js:0
[  204755ms] [ERROR] Login: account-api error: [7] Maximum number of attempts reached. Try again later.. @ https://lf16-tiktok-web.tiktokcdn-us.com/obj/tiktok-web-tx/tiktok/webapp/main/react-v18/webapp-desktop/static/js/webapp-desktop.3bc76ec8.js:0
[  205107ms] [ERROR] Login: account-api error: [7] Maximum number of attempts reached. Try again later.. @ https://lf16-tiktok-web.tiktokcdn-us.com/obj/tiktok-web-tx/tiktok/webapp/main/react-v18/webapp-desktop/static/js/webapp-desktop.3bc76ec8.js:0
[  206474ms] [ERROR] Login: account-api error: [7] Maximum number of attempts reached. Try again later.. @ https://lf16-tiktok-web.tiktokcdn-us.com/obj/tiktok-web-tx/tiktok/webapp/main/react-v18/webapp-desktop/static/js/webapp-desktop.3bc76ec8.js:0
[  206675ms] [ERROR] Login: account-api error: [7] Maximum number of attempts reached. Try again later.. @ https://lf16-tiktok-web.tiktokcdn-us.com/obj/tiktok-web-tx/tiktok/webapp/main/react-v18/webapp-desktop/static/js/webapp-desktop.3bc76ec8.js:0
[  208089ms] [ERROR] Login: account-api error: [7] Maximum number of attempts reached. Try again later.. @ https://lf16-tiktok-web.tiktokcdn-us.com/obj/tiktok-web-tx/tiktok/webapp/main/react-v18/webapp-desktop/static/js/webapp-desktop.3bc76ec8.js:0
[  208450ms] [ERROR] Login: account-api error: [7] Maximum number of attempts reached. Try again later.. @ https://lf16-tiktok-web.tiktokcdn-us.com/obj/tiktok-web-tx/tiktok/webapp/main/react-v18/webapp-desktop/static/js/webapp-desktop.3bc76ec8.js:0
[  209951ms] [ERROR] Login: account-api error: [7] Maximum number of attempts reached. Try again later.. @ https://lf16-tiktok-web.tiktokcdn-us.com/obj/tiktok-web-tx/tiktok/webapp/main/react-v18/webapp-desktop/static/js/webapp-desktop.3bc76ec8.js:0
[  209968ms] [ERROR] Login: account-api error: [7] Maximum number of attempts reached. Try again later.. @ https://lf16-tiktok-web.tiktokcdn-us.com/obj/tiktok-web-tx/tiktok/webapp/main/react-v18/webapp-desktop/static/js/webapp-desktop.3bc76ec8.js:0
[  211417ms] [ERROR] Login: account-api error: [7] Maximum number of attempts reached. Try again later.. @ https://lf16-tiktok-web.tiktokcdn-us.com/obj/tiktok-web-tx/tiktok/webapp/main/react-v18/webapp-desktop/static/js/webapp-desktop.3bc76ec8.js:0
[  211460ms] [ERROR] Login: account-api error: [7] Maximum number of attempts reached. Try again later.. @ https://lf16-tiktok-web.tiktokcdn-us.com/obj/tiktok-web-tx/tiktok/webapp/main/react-v18/webapp-desktop/static/js/webapp-desktop.3bc76ec8.js:0
[  213162ms] [ERROR] Login: account-api error: [7] Maximum number of attempts reached. Try again later.. @ https://lf16-tiktok-web.tiktokcdn-us.com/obj/tiktok-web-tx/tiktok/webapp/main/react-v18/webapp-desktop/static/js/webapp-desktop.3bc76ec8.js:0
[  213164ms] [ERROR] Login: account-api error: [7] Maximum number of attempts reached. Try again later.. @ https://lf16-tiktok-web.tiktokcdn-us.com/obj/tiktok-web-tx/tiktok/webapp/main/react-v18/webapp-desktop/static/js/webapp-desktop.3bc76ec8.js:0
[  214637ms] [ERROR] Login: account-api error: [7] Maximum number of attempts reached. Try again later.. @ https://lf16-tiktok-web.tiktokcdn-us.com/obj/tiktok-web-tx/tiktok/webapp/main/react-v18/webapp-desktop/static/js/webapp-desktop.3bc76ec8.js:0
[  214782ms] [ERROR] Login: account-api error: [7] Maximum number of attempts reached. Try again later.. @ https://lf16-tiktok-web.tiktokcdn-us.com/obj/tiktok-web-tx/tiktok/webapp/main/react-v18/webapp-desktop/static/js/webapp-desktop.3bc76ec8.js:0
[  216124ms] [ERROR] Login: account-api error: [7] Maximum number of attempts reached. Try again later.. @ https://lf16-tiktok-web.tiktokcdn-us.com/obj/tiktok-web-tx/tiktok/webapp/main/react-v18/webapp-desktop/static/js/webapp-desktop.3bc76ec8.js:0
[  216308ms] [ERROR] Login: account-api error: [7] Maximum number of attempts reached. Try again later.. @ https://lf16-tiktok-web.tiktokcdn-us.com/obj/tiktok-web-tx/tiktok/webapp/main/react-v18/webapp-desktop/static/js/webapp-desktop.3bc76ec8.js:0
[  218233ms] [ERROR] Login: account-api error: [7] Maximum number of attempts reached. Try again later.. @ https://lf16-tiktok-web.tiktokcdn-us.com/obj/tiktok-web-tx/tiktok/webapp/main/react-v18/webapp-desktop/static/js/webapp-desktop.3bc76ec8.js:0
[  218311ms] [ERROR] Login: account-api error: [7] Maximum number of attempts reached. Try again later.. @ https://lf16-tiktok-web.tiktokcdn-us.com/obj/tiktok-web-tx/tiktok/webapp/main/react-v18/webapp-desktop/static/js/webapp-desktop.3bc76ec8.js:0
[  219787ms] [ERROR] Login: account-api error: [7] Maximum number of attempts reached. Try again later.. @ https://lf16-tiktok-web.tiktokcdn-us.com/obj/tiktok-web-tx/tiktok/webapp/main/react-v18/webapp-desktop/static/js/webapp-desktop.3bc76ec8.js:0
[  219853ms] [ERROR] Login: account-api error: [7] Maximum number of attempts reached. Try again later.. @ https://lf16-tiktok-web.tiktokcdn-us.com/obj/tiktok-web-tx/tiktok/webapp/main/react-v18/webapp-desktop/static/js/webapp-desktop.3bc76ec8.js:0
[  221699ms] [ERROR] Login: account-api error: [7] Maximum number of attempts reached. Try again later.. @ https://lf16-tiktok-web.tiktokcdn-us.com/obj/tiktok-web-tx/tiktok/webapp/main/react-v18/webapp-desktop/static/js/webapp-desktop.3bc76ec8.js:0
[  222072ms] [ERROR] Login: account-api error: [7] Maximum number of attempts reached. Try again later.. @ https://lf16-tiktok-web.tiktokcdn-us.com/obj/tiktok-web-tx/tiktok/webapp/main/react-v18/webapp-desktop/static/js/webapp-desktop.3bc76ec8.js:0
[  223477ms] [ERROR] Login: account-api error: [7] Maximum number of attempts reached. Try again later.. @ https://lf16-tiktok-web.tiktokcdn-us.com/obj/tiktok-web-tx/tiktok/webapp/main/react-v18/webapp-desktop/static/js/webapp-desktop.3bc76ec8.js:0
[  223647ms] [ERROR] Login: account-api error: [7] Maximum number of attempts reached. Try again later.. @ https://lf16-tiktok-web.tiktokcdn-us.com/obj/tiktok-web-tx/tiktok/webapp/main/react-v18/webapp-desktop/static/js/webapp-desktop.3bc76ec8.js:0
[  225057ms] [ERROR] Login: account-api error: [7] Maximum number of attempts reached. Try again later.. @ https://lf16-tiktok-web.tiktokcdn-us.com/obj/tiktok-web-tx/tiktok/webapp/main/react-v18/webapp-desktop/static/js/webapp-desktop.3bc76ec8.js:0
[  225334ms] [ERROR] Login: account-api error: [7] Maximum number of attempts reached. Try again later.. @ https://lf16-tiktok-web.tiktokcdn-us.com/obj/tiktok-web-tx/tiktok/webapp/main/react-v18/webapp-desktop/static/js/webapp-desktop.3bc76ec8.js:0
[  226680ms] [ERROR] Login: account-api error: [7] Maximum number of attempts reached. Try again later.. @ https://lf16-tiktok-web.tiktokcdn-us.com/obj/tiktok-web-tx/tiktok/webapp/main/react-v18/webapp-desktop/static/js/webapp-desktop.3bc76ec8.js:0
[  226941ms] [ERROR] Login: account-api error: [7] Maximum number of attempts reached. Try again later.. @ https://lf16-tiktok-web.tiktokcdn-us.com/obj/tiktok-web-tx/tiktok/webapp/main/react-v18/webapp-desktop/static/js/webapp-desktop.3bc76ec8.js:0
[  228366ms] [ERROR] Login: account-api error: [7] Maximum number of attempts reached. Try again later.. @ https://lf16-tiktok-web.tiktokcdn-us.com/obj/tiktok-web-tx/tiktok/webapp/main/react-v18/webapp-desktop/static/js/webapp-desktop.3bc76ec8.js:0
[  228534ms] [ERROR] Login: account-api error: [7] Maximum number of attempts reached. Try again later.. @ https://lf16-tiktok-web.tiktokcdn-us.com/obj/tiktok-web-tx/tiktok/webapp/main/react-v18/webapp-desktop/static/js/webapp-desktop.3bc76ec8.js:0
[  230001ms] [ERROR] Login: account-api error: [7] Maximum number of attempts reached. Try again later.. @ https://lf16-tiktok-web.tiktokcdn-us.com/obj/tiktok-web-tx/tiktok/webapp/main/react-v18/webapp-desktop/static/js/webapp-desktop.3bc76ec8.js:0
[  230072ms] [ERROR] Login: account-api error: [7] Maximum number of attempts reached. Try again later.. @ https://lf16-tiktok-web.tiktokcdn-us.com/obj/tiktok-web-tx/tiktok/webapp/main/react-v18/webapp-desktop/static/js/webapp-desktop.3bc76ec8.js:0
[  231508ms] [ERROR] Login: account-api error: [7] Maximum number of attempts reached. Try again later.. @ https://lf16-tiktok-web.tiktokcdn-us.com/obj/tiktok-web-tx/tiktok/webapp/main/react-v18/webapp-desktop/static/js/webapp-desktop.3bc76ec8.js:0
[  231663ms] [ERROR] Login: account-api error: [7] Maximum number of attempts reached. Try again later.. @ https://lf16-tiktok-web.tiktokcdn-us.com/obj/tiktok-web-tx/tiktok/webapp/main/react-v18/webapp-desktop/static/js/webapp-desktop.3bc76ec8.js:0
[  233193ms] [ERROR] Login: account-api error: [7] Maximum number of attempts reached. Try again later.. @ https://lf16-tiktok-web.tiktokcdn-us.com/obj/tiktok-web-tx/tiktok/webapp/main/react-v18/webapp-desktop/static/js/webapp-desktop.3bc76ec8.js:0
[  233417ms] [ERROR] Login: account-api error: [7] Maximum number of attempts reached. Try again later.. @ https://lf16-tiktok-web.tiktokcdn-us.com/obj/tiktok-web-tx/tiktok/webapp/main/react-v18/webapp-desktop/static/js/webapp-desktop.3bc76ec8.js:0
[  234788ms] [ERROR] Login: account-api error: [7] Maximum number of attempts reached. Try again later.. @ https://lf16-tiktok-web.tiktokcdn-us.com/obj/tiktok-web-tx/tiktok/webapp/main/react-v18/webapp-desktop/static/js/webapp-desktop.3bc76ec8.js:0
[  235068ms] [ERROR] Login: account-api error: [7] Maximum number of attempts reached. Try again later.. @ https://lf16-tiktok-web.tiktokcdn-us.com/obj/tiktok-web-tx/tiktok/webapp/main/react-v18/webapp-desktop/static/js/webapp-desktop.3bc76ec8.js:0
[  236412ms] [ERROR] Login: account-api error: [7] Maximum number of attempts reached. Try again later.. @ https://lf16-tiktok-web.tiktokcdn-us.com/obj/tiktok-web-tx/tiktok/webapp/main/react-v18/webapp-desktop/static/js/webapp-desktop.3bc76ec8.js:0
[  236644ms] [ERROR] Login: account-api error: [7] Maximum number of attempts reached. Try again later.. @ https://lf16-tiktok-web.tiktokcdn-us.com/obj/tiktok-web-tx/tiktok/webapp/main/react-v18/webapp-desktop/static/js/webapp-desktop.3bc76ec8.js:0
[  238139ms] [ERROR] Login: account-api error: [7] Maximum number of attempts reached. Try again later.. @ https://lf16-tiktok-web.tiktokcdn-us.com/obj/tiktok-web-tx/tiktok/webapp/main/react-v18/webapp-desktop/static/js/webapp-desktop.3bc76ec8.js:0
[  238173ms] [ERROR] Login: account-api error: [7] Maximum number of attempts reached. Try again later.. @ https://lf16-tiktok-web.tiktokcdn-us.com/obj/tiktok-web-tx/tiktok/webapp/main/react-v18/webapp-desktop/static/js/webapp-desktop.3bc76ec8.js:0
[  239713ms] [ERROR] Login: account-api error: [7] Maximum number of attempts reached. Try again later.. @ https://lf16-tiktok-web.tiktokcdn-us.com/obj/tiktok-web-tx/tiktok/webapp/main/react-v18/webapp-desktop/static/js/webapp-desktop.3bc76ec8.js:0
[  239786ms] [ERROR] Login: account-api error: [7] Maximum number of attempts reached. Try again later.. @ https://lf16-tiktok-web.tiktokcdn-us.com/obj/tiktok-web-tx/tiktok/webapp/main/react-v18/webapp-desktop/static/js/webapp-desktop.3bc76ec8.js:0
[  241294ms] [ERROR] Login: account-api error: [7] Maximum number of attempts reached. Try again later.. @ https://lf16-tiktok-web.tiktokcdn-us.com/obj/tiktok-web-tx/tiktok/webapp/main/react-v18/webapp-desktop/static/js/webapp-desktop.3bc76ec8.js:0
[  241475ms] [ERROR] Login: account-api error: [7] Maximum number of attempts reached. Try again later.. @ https://lf16-tiktok-web.tiktokcdn-us.com/obj/tiktok-web-tx/tiktok/webapp/main/react-v18/webapp-desktop/static/js/webapp-desktop.3bc76ec8.js:0
[  242858ms] [ERROR] Login: account-api error: [7] Maximum number of attempts reached. Try again later.. @ https://lf16-tiktok-web.tiktokcdn-us.com/obj/tiktok-web-tx/tiktok/webapp/main/react-v18/webapp-desktop/static/js/webapp-desktop.3bc76ec8.js:0
[  243094ms] [ERROR] Login: account-api error: [7] Maximum number of attempts reached. Try again later.. @ https://lf16-tiktok-web.tiktokcdn-us.com/obj/tiktok-web-tx/tiktok/webapp/main/react-v18/webapp-desktop/static/js/webapp-desktop.3bc76ec8.js:0
[  244486ms] [ERROR] Login: account-api error: [7] Maximum number of attempts reached. Try again later.. @ https://lf16-tiktok-web.tiktokcdn-us.com/obj/tiktok-web-tx/tiktok/webapp/main/react-v18/webapp-desktop/static/js/webapp-desktop.3bc76ec8.js:0
[  244646ms] [ERROR] Login: account-api error: [7] Maximum number of attempts reached. Try again later.. @ https://lf16-tiktok-web.tiktokcdn-us.com/obj/tiktok-web-tx/tiktok/webapp/main/react-v18/webapp-desktop/static/js/webapp-desktop.3bc76ec8.js:0
[  246047ms] [ERROR] Login: account-api error: [7] Maximum number of attempts reached. Try again later.. @ https://lf16-tiktok-web.tiktokcdn-us.com/obj/tiktok-web-tx/tiktok/webapp/main/react-v18/webapp-desktop/static/js/webapp-desktop.3bc76ec8.js:0
[  246194ms] [ERROR] Login: account-api error: [7] Maximum number of attempts reached. Try again later.. @ https://lf16-tiktok-web.tiktokcdn-us.com/obj/tiktok-web-tx/tiktok/webapp/main/react-v18/webapp-desktop/static/js/webapp-desktop.3bc76ec8.js:0
[  247633ms] [ERROR] Login: account-api error: [7] Maximum number of attempts reached. Try again later.. @ https://lf16-tiktok-web.tiktokcdn-us.com/obj/tiktok-web-tx/tiktok/webapp/main/react-v18/webapp-desktop/static/js/webapp-desktop.3bc76ec8.js:0
[  247765ms] [ERROR] Login: account-api error: [7] Maximum number of attempts reached. Try again later.. @ https://lf16-tiktok-web.tiktokcdn-us.com/obj/tiktok-web-tx/tiktok/webapp/main/react-v18/webapp-desktop/static/js/webapp-desktop.3bc76ec8.js:0
[  249147ms] [ERROR] Login: account-api error: [7] Maximum number of attempts reached. Try again later.. @ https://lf16-tiktok-web.tiktokcdn-us.com/obj/tiktok-web-tx/tiktok/webapp/main/react-v18/webapp-desktop/static/js/webapp-desktop.3bc76ec8.js:0
[  249689ms] [ERROR] Login: account-api error: [7] Maximum number of attempts reached. Try again later.. @ https://lf16-tiktok-web.tiktokcdn-us.com/obj/tiktok-web-tx/tiktok/webapp/main/react-v18/webapp-desktop/static/js/webapp-desktop.3bc76ec8.js:0
[  251279ms] [ERROR] Login: account-api error: [7] Maximum number of attempts reached. Try again later.. @ https://lf16-tiktok-web.tiktokcdn-us.com/obj/tiktok-web-tx/tiktok/webapp/main/react-v18/webapp-desktop/static/js/webapp-desktop.3bc76ec8.js:0
[  251437ms] [ERROR] Login: account-api error: [7] Maximum number of attempts reached. Try again later.. @ https://lf16-tiktok-web.tiktokcdn-us.com/obj/tiktok-web-tx/tiktok/webapp/main/react-v18/webapp-desktop/static/js/webapp-desktop.3bc76ec8.js:0
[  252883ms] [ERROR] Login: account-api error: [7] Maximum number of attempts reached. Try again later.. @ https://lf16-tiktok-web.tiktokcdn-us.com/obj/tiktok-web-tx/tiktok/webapp/main/react-v18/webapp-desktop/static/js/webapp-desktop.3bc76ec8.js:0
[  253364ms] [ERROR] Login: account-api error: [7] Maximum number of attempts reached. Try again later.. @ https://lf16-tiktok-web.tiktokcdn-us.com/obj/tiktok-web-tx/tiktok/webapp/main/react-v18/webapp-desktop/static/js/webapp-desktop.3bc76ec8.js:0
[  254698ms] [ERROR] Login: account-api error: [7] Maximum number of attempts reached. Try again later.. @ https://lf16-tiktok-web.tiktokcdn-us.com/obj/tiktok-web-tx/tiktok/webapp/main/react-v18/webapp-desktop/static/js/webapp-desktop.3bc76ec8.js:0
[  255106ms] [ERROR] Login: account-api error: [7] Maximum number of attempts reached. Try again later.. @ https://lf16-tiktok-web.tiktokcdn-us.com/obj/tiktok-web-tx/tiktok/webapp/main/react-v18/webapp-desktop/static/js/webapp-desktop.3bc76ec8.js:0
[  256526ms] [ERROR] Login: account-api error: [7] Maximum number of attempts reached. Try again later.. @ https://lf16-tiktok-web.tiktokcdn-us.com/obj/tiktok-web-tx/tiktok/webapp/main/react-v18/webapp-desktop/static/js/webapp-desktop.3bc76ec8.js:0
[  256681ms] [ERROR] Login: account-api error: [7] Maximum number of attempts reached. Try again later.. @ https://lf16-tiktok-web.tiktokcdn-us.com/obj/tiktok-web-tx/tiktok/webapp/main/react-v18/webapp-desktop/static/js/webapp-desktop.3bc76ec8.js:0
[  258060ms] [ERROR] Login: account-api error: [7] Maximum number of attempts reached. Try again later.. @ https://lf16-tiktok-web.tiktokcdn-us.com/obj/tiktok-web-tx/tiktok/webapp/main/react-v18/webapp-desktop/static/js/webapp-desktop.3bc76ec8.js:0
[  258583ms] [ERROR] Login: account-api error: [7] Maximum number of attempts reached. Try again later.. @ https://lf16-tiktok-web.tiktokcdn-us.com/obj/tiktok-web-tx/tiktok/webapp/main/react-v18/webapp-desktop/static/js/webapp-desktop.3bc76ec8.js:0
[  260006ms] [ERROR] Login: account-api error: [7] Maximum number of attempts reached. Try again later.. @ https://lf16-tiktok-web.tiktokcdn-us.com/obj/tiktok-web-tx/tiktok/webapp/main/react-v18/webapp-desktop/static/js/webapp-desktop.3bc76ec8.js:0
[  260199ms] [ERROR] Login: account-api error: [7] Maximum number of attempts reached. Try again later.. @ https://lf16-tiktok-web.tiktokcdn-us.com/obj/tiktok-web-tx/tiktok/webapp/main/react-v18/webapp-desktop/static/js/webapp-desktop.3bc76ec8.js:0
[  261559ms] [ERROR] Login: account-api error: [7] Maximum number of attempts reached. Try again later.. @ https://lf16-tiktok-web.tiktokcdn-us.com/obj/tiktok-web-tx/tiktok/webapp/main/react-v18/webapp-desktop/static/js/webapp-desktop.3bc76ec8.js:0
[  261923ms] [ERROR] Login: account-api error: [7] Maximum number of attempts reached. Try again later.. @ https://lf16-tiktok-web.tiktokcdn-us.com/obj/tiktok-web-tx/tiktok/webapp/main/react-v18/webapp-desktop/static/js/webapp-desktop.3bc76ec8.js:0
[  263315ms] [ERROR] Login: account-api error: [7] Maximum number of attempts reached. Try again later.. @ https://lf16-tiktok-web.tiktokcdn-us.com/obj/tiktok-web-tx/tiktok/webapp/main/react-v18/webapp-desktop/static/js/webapp-desktop.3bc76ec8.js:0
[  263589ms] [ERROR] Login: account-api error: [7] Maximum number of attempts reached. Try again later.. @ https://lf16-tiktok-web.tiktokcdn-us.com/obj/tiktok-web-tx/tiktok/webapp/main/react-v18/webapp-desktop/static/js/webapp-desktop.3bc76ec8.js:0
[  265071ms] [ERROR] Login: account-api error: [7] Maximum number of attempts reached. Try again later.. @ https://lf16-tiktok-web.tiktokcdn-us.com/obj/tiktok-web-tx/tiktok/webapp/main/react-v18/webapp-desktop/static/js/webapp-desktop.3bc76ec8.js:0
[  265498ms] [ERROR] Login: account-api error: [7] Maximum number of attempts reached. Try again later.. @ https://lf16-tiktok-web.tiktokcdn-us.com/obj/tiktok-web-tx/tiktok/webapp/main/react-v18/webapp-desktop/static/js/webapp-desktop.3bc76ec8.js:0
[  267005ms] [ERROR] Login: account-api error: [7] Maximum number of attempts reached. Try again later.. @ https://lf16-tiktok-web.tiktokcdn-us.com/obj/tiktok-web-tx/tiktok/webapp/main/react-v18/webapp-desktop/static/js/webapp-desktop.3bc76ec8.js:0
[  267689ms] [ERROR] Login: account-api error: [7] Maximum number of attempts reached. Try again later.. @ https://lf16-tiktok-web.tiktokcdn-us.com/obj/tiktok-web-tx/tiktok/webapp/main/react-v18/webapp-desktop/static/js/webapp-desktop.3bc76ec8.js:0
[  269263ms] [ERROR] Login: account-api error: [7] Maximum number of attempts reached. Try again later.. @ https://lf16-tiktok-web.tiktokcdn-us.com/obj/tiktok-web-tx/tiktok/webapp/main/react-v18/webapp-desktop/static/js/webapp-desktop.3bc76ec8.js:0
[  269340ms] [ERROR] Login: account-api error: [7] Maximum number of attempts reached. Try again later.. @ https://lf16-tiktok-web.tiktokcdn-us.com/obj/tiktok-web-tx/tiktok/webapp/main/react-v18/webapp-desktop/static/js/webapp-desktop.3bc76ec8.js:0
[  270986ms] [ERROR] Login: account-api error: [7] Maximum number of attempts reached. Try again later.. @ https://lf16-tiktok-web.tiktokcdn-us.com/obj/tiktok-web-tx/tiktok/webapp/main/react-v18/webapp-desktop/static/js/webapp-desktop.3bc76ec8.js:0
[  271172ms] [ERROR] Login: account-api error: [7] Maximum number of attempts reached. Try again later.. @ https://lf16-tiktok-web.tiktokcdn-us.com/obj/tiktok-web-tx/tiktok/webapp/main/react-v18/webapp-desktop/static/js/webapp-desktop.3bc76ec8.js:0
[  272554ms] [ERROR] Login: account-api error: [7] Maximum number of attempts reached. Try again later.. @ https://lf16-tiktok-web.tiktokcdn-us.com/obj/tiktok-web-tx/tiktok/webapp/main/react-v18/webapp-desktop/static/js/webapp-desktop.3bc76ec8.js:0
[  273126ms] [ERROR] Login: account-api error: [7] Maximum number of attempts reached. Try again later.. @ https://lf16-tiktok-web.tiktokcdn-us.com/obj/tiktok-web-tx/tiktok/webapp/main/react-v18/webapp-desktop/static/js/webapp-desktop.3bc76ec8.js:0
[  274628ms] [ERROR] Login: account-api error: [7] Maximum number of attempts reached. Try again later.. @ https://lf16-tiktok-web.tiktokcdn-us.com/obj/tiktok-web-tx/tiktok/webapp/main/react-v18/webapp-desktop/static/js/webapp-desktop.3bc76ec8.js:0
[  274845ms] [ERROR] Login: account-api error: [7] Maximum number of attempts reached. Try again later.. @ https://lf16-tiktok-web.tiktokcdn-us.com/obj/tiktok-web-tx/tiktok/webapp/main/react-v18/webapp-desktop/static/js/webapp-desktop.3bc76ec8.js:0
[  276294ms] [ERROR] Login: account-api error: [7] Maximum number of attempts reached. Try again later.. @ https://lf16-tiktok-web.tiktokcdn-us.com/obj/tiktok-web-tx/tiktok/webapp/main/react-v18/webapp-desktop/static/js/webapp-desktop.3bc76ec8.js:0
[  276415ms] [ERROR] Login: account-api error: [7] Maximum number of attempts reached. Try again later.. @ https://lf16-tiktok-web.tiktokcdn-us.com/obj/tiktok-web-tx/tiktok/webapp/main/react-v18/webapp-desktop/static/js/webapp-desktop.3bc76ec8.js:0
[  277773ms] [ERROR] Login: account-api error: [7] Maximum number of attempts reached. Try again later.. @ https://lf16-tiktok-web.tiktokcdn-us.com/obj/tiktok-web-tx/tiktok/webapp/main/react-v18/webapp-desktop/static/js/webapp-desktop.3bc76ec8.js:0
[  277989ms] [ERROR] Login: account-api error: [7] Maximum number of attempts reached. Try again later.. @ https://lf16-tiktok-web.tiktokcdn-us.com/obj/tiktok-web-tx/tiktok/webapp/main/react-v18/webapp-desktop/static/js/webapp-desktop.3bc76ec8.js:0
[  279338ms] [ERROR] Login: account-api error: [7] Maximum number of attempts reached. Try again later.. @ https://lf16-tiktok-web.tiktokcdn-us.com/obj/tiktok-web-tx/tiktok/webapp/main/react-v18/webapp-desktop/static/js/webapp-desktop.3bc76ec8.js:0
[  279599ms] [ERROR] Login: account-api error: [7] Maximum number of attempts reached. Try again later.. @ https://lf16-tiktok-web.tiktokcdn-us.com/obj/tiktok-web-tx/tiktok/webapp/main/react-v18/webapp-desktop/static/js/webapp-desktop.3bc76ec8.js:0
[  281142ms] [ERROR] Login: account-api error: [7] Maximum number of attempts reached. Try again later.. @ https://lf16-tiktok-web.tiktokcdn-us.com/obj/tiktok-web-tx/tiktok/webapp/main/react-v18/webapp-desktop/static/js/webapp-desktop.3bc76ec8.js:0
[  281852ms] [ERROR] Login: account-api error: [7] Maximum number of attempts reached. Try again later.. @ https://lf16-tiktok-web.tiktokcdn-us.com/obj/tiktok-web-tx/tiktok/webapp/main/react-v18/webapp-desktop/static/js/webapp-desktop.3bc76ec8.js:0
[  283237ms] [ERROR] Login: account-api error: [7] Maximum number of attempts reached. Try again later.. @ https://lf16-tiktok-web.tiktokcdn-us.com/obj/tiktok-web-tx/tiktok/webapp/main/react-v18/webapp-desktop/static/js/webapp-desktop.3bc76ec8.js:0
[  283426ms] [ERROR] Login: account-api error: [7] Maximum number of attempts reached. Try again later.. @ https://lf16-tiktok-web.tiktokcdn-us.com/obj/tiktok-web-tx/tiktok/webapp/main/react-v18/webapp-desktop/static/js/webapp-desktop.3bc76ec8.js:0
[  284868ms] [ERROR] Login: account-api error: [7] Maximum number of attempts reached. Try again later.. @ https://lf16-tiktok-web.tiktokcdn-us.com/obj/tiktok-web-tx/tiktok/webapp/main/react-v18/webapp-desktop/static/js/webapp-desktop.3bc76ec8.js:0
[  285133ms] [ERROR] Login: account-api error: [7] Maximum number of attempts reached. Try again later.. @ https://lf16-tiktok-web.tiktokcdn-us.com/obj/tiktok-web-tx/tiktok/webapp/main/react-v18/webapp-desktop/static/js/webapp-desktop.3bc76ec8.js:0
[  286656ms] [ERROR] Login: account-api error: [7] Maximum number of attempts reached. Try again later.. @ https://lf16-tiktok-web.tiktokcdn-us.com/obj/tiktok-web-tx/tiktok/webapp/main/react-v18/webapp-desktop/static/js/webapp-desktop.3bc76ec8.js:0
[  286750ms] [ERROR] Login: account-api error: [7] Maximum number of attempts reached. Try again later.. @ https://lf16-tiktok-web.tiktokcdn-us.com/obj/tiktok-web-tx/tiktok/webapp/main/react-v18/webapp-desktop/static/js/webapp-desktop.3bc76ec8.js:0
[  288672ms] [ERROR] Login: account-api error: [7] Maximum number of attempts reached. Try again later.. @ https://lf16-tiktok-web.tiktokcdn-us.com/obj/tiktok-web-tx/tiktok/webapp/main/react-v18/webapp-desktop/static/js/webapp-desktop.3bc76ec8.js:0
[  288787ms] [ERROR] Login: account-api error: [7] Maximum number of attempts reached. Try again later.. @ https://lf16-tiktok-web.tiktokcdn-us.com/obj/tiktok-web-tx/tiktok/webapp/main/react-v18/webapp-desktop/static/js/webapp-desktop.3bc76ec8.js:0
[  290241ms] [ERROR] Login: account-api error: [7] Maximum number of attempts reached. Try again later.. @ https://lf16-tiktok-web.tiktokcdn-us.com/obj/tiktok-web-tx/tiktok/webapp/main/react-v18/webapp-desktop/static/js/webapp-desktop.3bc76ec8.js:0
[  290765ms] [ERROR] Login: account-api error: [7] Maximum number of attempts reached. Try again later.. @ https://lf16-tiktok-web.tiktokcdn-us.com/obj/tiktok-web-tx/tiktok/webapp/main/react-v18/webapp-desktop/static/js/webapp-desktop.3bc76ec8.js:0
[  292339ms] [ERROR] Login: account-api error: [7] Maximum number of attempts reached. Try again later.. @ https://lf16-tiktok-web.tiktokcdn-us.com/obj/tiktok-web-tx/tiktok/webapp/main/react-v18/webapp-desktop/static/js/webapp-desktop.3bc76ec8.js:0
[  292488ms] [ERROR] Login: account-api error: [7] Maximum number of attempts reached. Try again later.. @ https://lf16-tiktok-web.tiktokcdn-us.com/obj/tiktok-web-tx/tiktok/webapp/main/react-v18/webapp-desktop/static/js/webapp-desktop.3bc76ec8.js:0
[  293915ms] [ERROR] Login: account-api error: [7] Maximum number of attempts reached. Try again later.. @ https://lf16-tiktok-web.tiktokcdn-us.com/obj/tiktok-web-tx/tiktok/webapp/main/react-v18/webapp-desktop/static/js/webapp-desktop.3bc76ec8.js:0
[  294127ms] [ERROR] Login: account-api error: [7] Maximum number of attempts reached. Try again later.. @ https://lf16-tiktok-web.tiktokcdn-us.com/obj/tiktok-web-tx/tiktok/webapp/main/react-v18/webapp-desktop/static/js/webapp-desktop.3bc76ec8.js:0
[  295530ms] [ERROR] Login: account-api error: [7] Maximum number of attempts reached. Try again later.. @ https://lf16-tiktok-web.tiktokcdn-us.com/obj/tiktok-web-tx/tiktok/webapp/main/react-v18/webapp-desktop/static/js/webapp-desktop.3bc76ec8.js:0
[  295625ms] [ERROR] Login: account-api error: [7] Maximum number of attempts reached. Try again later.. @ https://lf16-tiktok-web.tiktokcdn-us.com/obj/tiktok-web-tx/tiktok/webapp/main/react-v18/webapp-desktop/static/js/webapp-desktop.3bc76ec8.js:0
[  297215ms] [ERROR] Login: account-api error: [7] Maximum number of attempts reached. Try again later.. @ https://lf16-tiktok-web.tiktokcdn-us.com/obj/tiktok-web-tx/tiktok/webapp/main/react-v18/webapp-desktop/static/js/webapp-desktop.3bc76ec8.js:0
[  297579ms] [ERROR] Login: account-api error: [7] Maximum number of attempts reached. Try again later.. @ https://lf16-tiktok-web.tiktokcdn-us.com/obj/tiktok-web-tx/tiktok/webapp/main/react-v18/webapp-desktop/static/js/webapp-desktop.3bc76ec8.js:0
[  298964ms] [ERROR] Login: account-api error: [7] Maximum number of attempts reached. Try again later.. @ https://lf16-tiktok-web.tiktokcdn-us.com/obj/tiktok-web-tx/tiktok/webapp/main/react-v18/webapp-desktop/static/js/webapp-desktop.3bc76ec8.js:0
[  299155ms] [ERROR] Login: account-api error: [7] Maximum number of attempts reached. Try again later.. @ https://lf16-tiktok-web.tiktokcdn-us.com/obj/tiktok-web-tx/tiktok/webapp/main/react-v18/webapp-desktop/static/js/webapp-desktop.3bc76ec8.js:0
[  300536ms] [ERROR] Login: account-api error: [7] Maximum number of attempts reached. Try again later.. @ https://lf16-tiktok-web.tiktokcdn-us.com/obj/tiktok-web-tx/tiktok/webapp/main/react-v18/webapp-desktop/static/js/webapp-desktop.3bc76ec8.js:0
[  301254ms] [ERROR] Login: account-api error: [7] Maximum number of attempts reached. Try again later.. @ https://lf16-tiktok-web.tiktokcdn-us.com/obj/tiktok-web-tx/tiktok/webapp/main/react-v18/webapp-desktop/static/js/webapp-desktop.3bc76ec8.js:0
[  302644ms] [ERROR] Login: account-api error: [7] Maximum number of attempts reached. Try again later.. @ https://lf16-tiktok-web.tiktokcdn-us.com/obj/tiktok-web-tx/tiktok/webapp/main/react-v18/webapp-desktop/static/js/webapp-desktop.3bc76ec8.js:0
[  302877ms] [ERROR] Login: account-api error: [7] Maximum number of attempts reached. Try again later.. @ https://lf16-tiktok-web.tiktokcdn-us.com/obj/tiktok-web-tx/tiktok/webapp/main/react-v18/webapp-desktop/static/js/webapp-desktop.3bc76ec8.js:0
[  304228ms] [ERROR] Login: account-api error: [7] Maximum number of attempts reached. Try again later.. @ https://lf16-tiktok-web.tiktokcdn-us.com/obj/tiktok-web-tx/tiktok/webapp/main/react-v18/webapp-desktop/static/js/webapp-desktop.3bc76ec8.js:0
[  304815ms] [ERROR] Login: account-api error: [7] Maximum number of attempts reached. Try again later.. @ https://lf16-tiktok-web.tiktokcdn-us.com/obj/tiktok-web-tx/tiktok/webapp/main/react-v18/webapp-desktop/static/js/webapp-desktop.3bc76ec8.js:0
[  306370ms] [ERROR] Login: account-api error: [7] Maximum number of attempts reached. Try again later.. @ https://lf16-tiktok-web.tiktokcdn-us.com/obj/tiktok-web-tx/tiktok/webapp/main/react-v18/webapp-desktop/static/js/webapp-desktop.3bc76ec8.js:0
[  306572ms] [ERROR] Login: account-api error: [7] Maximum number of attempts reached. Try again later.. @ https://lf16-tiktok-web.tiktokcdn-us.com/obj/tiktok-web-tx/tiktok/webapp/main/react-v18/webapp-desktop/static/js/webapp-desktop.3bc76ec8.js:0
[  308056ms] [ERROR] Login: account-api error: [7] Maximum number of attempts reached. Try again later.. @ https://lf16-tiktok-web.tiktokcdn-us.com/obj/tiktok-web-tx/tiktok/webapp/main/react-v18/webapp-desktop/static/js/webapp-desktop.3bc76ec8.js:0
[  308296ms] [ERROR] Login: account-api error: [7] Maximum number of attempts reached. Try again later.. @ https://lf16-tiktok-web.tiktokcdn-us.com/obj/tiktok-web-tx/tiktok/webapp/main/react-v18/webapp-desktop/static/js/webapp-desktop.3bc76ec8.js:0
[  309782ms] [ERROR] Login: account-api error: [7] Maximum number of attempts reached. Try again later.. @ https://lf16-tiktok-web.tiktokcdn-us.com/obj/tiktok-web-tx/tiktok/webapp/main/react-v18/webapp-desktop/static/js/webapp-desktop.3bc76ec8.js:0
[  310102ms] [ERROR] Login: account-api error: [7] Maximum number of attempts reached. Try again later.. @ https://lf16-tiktok-web.tiktokcdn-us.com/obj/tiktok-web-tx/tiktok/webapp/main/react-v18/webapp-desktop/static/js/webapp-desktop.3bc76ec8.js:0
[  311821ms] [ERROR] Login: account-api error: [7] Maximum number of attempts reached. Try again later.. @ https://lf16-tiktok-web.tiktokcdn-us.com/obj/tiktok-web-tx/tiktok/webapp/main/react-v18/webapp-desktop/static/js/webapp-desktop.3bc76ec8.js:0
[  311933ms] [ERROR] Login: account-api error: [7] Maximum number of attempts reached. Try again later.. @ https://lf16-tiktok-web.tiktokcdn-us.com/obj/tiktok-web-tx/tiktok/webapp/main/react-v18/webapp-desktop/static/js/webapp-desktop.3bc76ec8.js:0
[  313370ms] [ERROR] Login: account-api error: [7] Maximum number of attempts reached. Try again later.. @ https://lf16-tiktok-web.tiktokcdn-us.com/obj/tiktok-web-tx/tiktok/webapp/main/react-v18/webapp-desktop/static/js/webapp-desktop.3bc76ec8.js:0
[  314194ms] [ERROR] Login: account-api error: [7] Maximum number of attempts reached. Try again later.. @ https://lf16-tiktok-web.tiktokcdn-us.com/obj/tiktok-web-tx/tiktok/webapp/main/react-v18/webapp-desktop/static/js/webapp-desktop.3bc76ec8.js:0
[  315539ms] [ERROR] Login: account-api error: [7] Maximum number of attempts reached. Try again later.. @ https://lf16-tiktok-web.tiktokcdn-us.com/obj/tiktok-web-tx/tiktok/webapp/main/react-v18/webapp-desktop/static/js/webapp-desktop.3bc76ec8.js:0
[  316344ms] [ERROR] Login: account-api error: [7] Maximum number of attempts reached. Try again later.. @ https://lf16-tiktok-web.tiktokcdn-us.com/obj/tiktok-web-tx/tiktok/webapp/main/react-v18/webapp-desktop/static/js/webapp-desktop.3bc76ec8.js:0
[  317703ms] [ERROR] Login: account-api error: [7] Maximum number of attempts reached. Try again later.. @ https://lf16-tiktok-web.tiktokcdn-us.com/obj/tiktok-web-tx/tiktok/webapp/main/react-v18/webapp-desktop/static/js/webapp-desktop.3bc76ec8.js:0
[  317888ms] [ERROR] Login: account-api error: [7] Maximum number of attempts reached. Try again later.. @ https://lf16-tiktok-web.tiktokcdn-us.com/obj/tiktok-web-tx/tiktok/webapp/main/react-v18/webapp-desktop/static/js/webapp-desktop.3bc76ec8.js:0
[  319240ms] [ERROR] Login: account-api error: [7] Maximum number of attempts reached. Try again later.. @ https://lf16-tiktok-web.tiktokcdn-us.com/obj/tiktok-web-tx/tiktok/webapp/main/react-v18/webapp-desktop/static/js/webapp-desktop.3bc76ec8.js:0
[  319409ms] [ERROR] Login: account-api error: [7] Maximum number of attempts reached. Try again later.. @ https://lf16-tiktok-web.tiktokcdn-us.com/obj/tiktok-web-tx/tiktok/webapp/main/react-v18/webapp-desktop/static/js/webapp-desktop.3bc76ec8.js:0
[  320754ms] [ERROR] Login: account-api error: [7] Maximum number of attempts reached. Try again later.. @ https://lf16-tiktok-web.tiktokcdn-us.com/obj/tiktok-web-tx/tiktok/webapp/main/react-v18/webapp-desktop/static/js/webapp-desktop.3bc76ec8.js:0
[  321175ms] [ERROR] Login: account-api error: [7] Maximum number of attempts reached. Try again later.. @ https://lf16-tiktok-web.tiktokcdn-us.com/obj/tiktok-web-tx/tiktok/webapp/main/react-v18/webapp-desktop/static/js/webapp-desktop.3bc76ec8.js:0
[  322562ms] [ERROR] Login: account-api error: [7] Maximum number of attempts reached. Try again later.. @ https://lf16-tiktok-web.tiktokcdn-us.com/obj/tiktok-web-tx/tiktok/webapp/main/react-v18/webapp-desktop/static/js/webapp-desktop.3bc76ec8.js:0
[  322965ms] [ERROR] Login: account-api error: [7] Maximum number of attempts reached. Try again later.. @ https://lf16-tiktok-web.tiktokcdn-us.com/obj/tiktok-web-tx/tiktok/webapp/main/react-v18/webapp-desktop/static/js/webapp-desktop.3bc76ec8.js:0
[  324325ms] [ERROR] Login: account-api error: [7] Maximum number of attempts reached. Try again later.. @ https://lf16-tiktok-web.tiktokcdn-us.com/obj/tiktok-web-tx/tiktok/webapp/main/react-v18/webapp-desktop/static/js/webapp-desktop.3bc76ec8.js:0
[  324654ms] [ERROR] Login: account-api error: [7] Maximum number of attempts reached. Try again later.. @ https://lf16-tiktok-web.tiktokcdn-us.com/obj/tiktok-web-tx/tiktok/webapp/main/react-v18/webapp-desktop/static/js/webapp-desktop.3bc76ec8.js:0
[  325978ms] [ERROR] Login: account-api error: [7] Maximum number of attempts reached. Try again later.. @ https://lf16-tiktok-web.tiktokcdn-us.com/obj/tiktok-web-tx/tiktok/webapp/main/react-v18/webapp-desktop/static/js/webapp-desktop.3bc76ec8.js:0
[  326293ms] [ERROR] Login: account-api error: [7] Maximum number of attempts reached. Try again later.. @ https://lf16-tiktok-web.tiktokcdn-us.com/obj/tiktok-web-tx/tiktok/webapp/main/react-v18/webapp-desktop/static/js/webapp-desktop.3bc76ec8.js:0
[  327654ms] [ERROR] Login: account-api error: [7] Maximum number of attempts reached. Try again later.. @ https://lf16-tiktok-web.tiktokcdn-us.com/obj/tiktok-web-tx/tiktok/webapp/main/react-v18/webapp-desktop/static/js/webapp-desktop.3bc76ec8.js:0
[  328533ms] [ERROR] Login: account-api error: [7] Maximum number of attempts reached. Try again later.. @ https://lf16-tiktok-web.tiktokcdn-us.com/obj/tiktok-web-tx/tiktok/webapp/main/react-v18/webapp-desktop/static/js/webapp-desktop.3bc76ec8.js:0
[  329909ms] [ERROR] Login: account-api error: [7] Maximum number of attempts reached. Try again later.. @ https://lf16-tiktok-web.tiktokcdn-us.com/obj/tiktok-web-tx/tiktok/webapp/main/react-v18/webapp-desktop/static/js/webapp-desktop.3bc76ec8.js:0
[  330462ms] [ERROR] Login: account-api error: [7] Maximum number of attempts reached. Try again later.. @ https://lf16-tiktok-web.tiktokcdn-us.com/obj/tiktok-web-tx/tiktok/webapp/main/react-v18/webapp-desktop/static/js/webapp-desktop.3bc76ec8.js:0
[  331814ms] [ERROR] Login: account-api error: [7] Maximum number of attempts reached. Try again later.. @ https://lf16-tiktok-web.tiktokcdn-us.com/obj/tiktok-web-tx/tiktok/webapp/main/react-v18/webapp-desktop/static/js/webapp-desktop.3bc76ec8.js:0
[  332082ms] [ERROR] Login: account-api error: [7] Maximum number of attempts reached. Try again later.. @ https://lf16-tiktok-web.tiktokcdn-us.com/obj/tiktok-web-tx/tiktok/webapp/main/react-v18/webapp-desktop/static/js/webapp-desktop.3bc76ec8.js:0
[  333456ms] [ERROR] Login: account-api error: [7] Maximum number of attempts reached. Try again later.. @ https://lf16-tiktok-web.tiktokcdn-us.com/obj/tiktok-web-tx/tiktok/webapp/main/react-v18/webapp-desktop/static/js/webapp-desktop.3bc76ec8.js:0
[  333796ms] [ERROR] Login: account-api error: [7] Maximum number of attempts reached. Try again later.. @ https://lf16-tiktok-web.tiktokcdn-us.com/obj/tiktok-web-tx/tiktok/webapp/main/react-v18/webapp-desktop/static/js/webapp-desktop.3bc76ec8.js:0
[  335174ms] [ERROR] Login: account-api error: [7] Maximum number of attempts reached. Try again later.. @ https://lf16-tiktok-web.tiktokcdn-us.com/obj/tiktok-web-tx/tiktok/webapp/main/react-v18/webapp-desktop/static/js/webapp-desktop.3bc76ec8.js:0
[  335667ms] [ERROR] Login: account-api error: [7] Maximum number of attempts reached. Try again later.. @ https://lf16-tiktok-web.tiktokcdn-us.com/obj/tiktok-web-tx/tiktok/webapp/main/react-v18/webapp-desktop/static/js/webapp-desktop.3bc76ec8.js:0
[  337121ms] [ERROR] Login: account-api error: [7] Maximum number of attempts reached. Try again later.. @ https://lf16-tiktok-web.tiktokcdn-us.com/obj/tiktok-web-tx/tiktok/webapp/main/react-v18/webapp-desktop/static/js/webapp-desktop.3bc76ec8.js:0
[  337239ms] [ERROR] Login: account-api error: [7] Maximum number of attempts reached. Try again later.. @ https://lf16-tiktok-web.tiktokcdn-us.com/obj/tiktok-web-tx/tiktok/webapp/main/react-v18/webapp-desktop/static/js/webapp-desktop.3bc76ec8.js:0
[  339140ms] [ERROR] Login: account-api error: [7] Maximum number of attempts reached. Try again later.. @ https://lf16-tiktok-web.tiktokcdn-us.com/obj/tiktok-web-tx/tiktok/webapp/main/react-v18/webapp-desktop/static/js/webapp-desktop.3bc76ec8.js:0
[  339339ms] [ERROR] Login: account-api error: [7] Maximum number of attempts reached. Try again later.. @ https://lf16-tiktok-web.tiktokcdn-us.com/obj/tiktok-web-tx/tiktok/webapp/main/react-v18/webapp-desktop/static/js/webapp-desktop.3bc76ec8.js:0
[  340731ms] [ERROR] Login: account-api error: [7] Maximum number of attempts reached. Try again later.. @ https://lf16-tiktok-web.tiktokcdn-us.com/obj/tiktok-web-tx/tiktok/webapp/main/react-v18/webapp-desktop/static/js/webapp-desktop.3bc76ec8.js:0
[  341165ms] [ERROR] Login: account-api error: [7] Maximum number of attempts reached. Try again later.. @ https://lf16-tiktok-web.tiktokcdn-us.com/obj/tiktok-web-tx/tiktok/webapp/main/react-v18/webapp-desktop/static/js/webapp-desktop.3bc76ec8.js:0
[  349560ms] [WARNING] InvalidCharacterError: Failed to execute 'atob' on 'Window': The string to be decoded is not correctly encoded.
    at i (https://lf16-tiktok-web.tiktokcdn-us.com/obj/tiktok-web-tx/tiktok/webapp/main/react-v18/webapp-desktop/static/js/async/24640.fe5b8c3d.js:1:125542)
    at t.getLoginContext (https://lf16-tiktok-web.tiktokcdn-us.com/obj/tiktok-web-tx/tiktok/webapp/main/react-v18/webapp-desktop/static/js/async/24640.fe5b8c3d.js:1:43339)
    at https://lf16-tiktok-web.tiktokcdn-us.com/obj/tiktok-web-tx/tiktok/webapp/main/react-v18/webapp-desktop/static/js/async/24640.fe5b8c3d.js:1:39317
    at v (https://lf16-tiktok-web.tiktokcdn-us.com/obj/tiktok-web-tx/tiktok/webapp/main/react-v18/webapp-desktop/static/js/npm-rxjs.142286d3.js:1:26341)
    at d (https://lf16-tiktok-web.tiktokcdn-us.com/obj/tiktok-web-tx/tiktok/webapp/main/react-v18/webapp-desktop/static/js/npm-rxjs.142286d3.js:1:26289)
    at c._next (https://lf16-tiktok-web.tiktokcdn-us.com/obj/tiktok-web-tx/tiktok/webapp/main/react-v18/webapp-desktop/static/js/npm-rxjs.142286d3.js:1:19650)
    at r.next (https://lf16-tiktok-web.tiktokcdn-us.com/obj/tiktok-web-tx/tiktok/webapp/main/react-v18/webapp-desktop/static/js/npm-rxjs.142286d3.js:1:7391)
    at https://lf16-tiktok-web.tiktokcdn-us.com/obj/tiktok-web-tx/tiktok/webapp/main/react-v18/webapp-desktop/static/js/npm-rxjs.142286d3.js:1:25643
    at c._next (https://lf16-tiktok-web.tiktokcdn-us.com/obj/tiktok-web-tx/tiktok/webapp/main/react-v18/webapp-desktop/static/js/npm-rxjs.142286d3.js:1:19650)
    at r.next (https://lf16-tiktok-web.tiktokcdn-us.com/obj/tiktok-web-tx/tiktok/webapp/main/react-v18/webapp-desktop/static/js/npm-rxjs.142286d3.js:1:7391) @ https://lf16-tiktok-web.tiktokcdn-us.com/obj/tiktok-web-tx/tiktok/webapp/main/react-v18/webapp-desktop/static/js/async/24640.fe5b8c3d.js:0
[  352976ms] [ERROR] Login: account-api error: [7] Maximum number of attempts reached. Try again later.. @ https://lf16-tiktok-web.tiktokcdn-us.com/obj/tiktok-web-tx/tiktok/webapp/main/react-v18/webapp-desktop/static/js/webapp-desktop.3bc76ec8.js:0
[  352977ms] [LOG] Error @ https://lf16-tiktok-web.tiktokcdn-us.com/obj/tiktok-web-tx/tiktok/webapp/main/react-v18/webapp-desktop/static/js/async/72039.3fff157a.js:1
[  353763ms] [ERROR] Login: account-api error: [7] Maximum number of attempts reached. Try again later.. @ https://lf16-tiktok-web.tiktokcdn-us.com/obj/tiktok-web-tx/tiktok/webapp/main/react-v18/webapp-desktop/static/js/webapp-desktop.3bc76ec8.js:0
[  354073ms] [ERROR] Login: account-api error: [7] Maximum number of attempts reached. Try again later.. @ https://lf16-tiktok-web.tiktokcdn-us.com/obj/tiktok-web-tx/tiktok/webapp/main/react-v18/webapp-desktop/static/js/webapp-desktop.3bc76ec8.js:0
[  354239ms] [ERROR] Login: account-api error: [7] Maximum number of attempts reached. Try again later.. @ https://lf16-tiktok-web.tiktokcdn-us.com/obj/tiktok-web-tx/tiktok/webapp/main/react-v18/webapp-desktop/static/js/webapp-desktop.3bc76ec8.js:0
[  354322ms] [ERROR] Login: account-api error: [7] Maximum number of attempts reached. Try again later.. @ https://lf16-tiktok-web.tiktokcdn-us.com/obj/tiktok-web-tx/tiktok/webapp/main/react-v18/webapp-desktop/static/js/webapp-desktop.3bc76ec8.js:0
[  355595ms] [ERROR] Login: account-api error: [7] Maximum number of attempts reached. Try again later.. @ https://lf16-tiktok-web.tiktokcdn-us.com/obj/tiktok-web-tx/tiktok/webapp/main/react-v18/webapp-desktop/static/js/webapp-desktop.3bc76ec8.js:0
[  355642ms] [ERROR] Login: account-api error: [7] Maximum number of attempts reached. Try again later.. @ https://lf16-tiktok-web.tiktokcdn-us.com/obj/tiktok-web-tx/tiktok/webapp/main/react-v18/webapp-desktop/static/js/webapp-desktop.3bc76ec8.js:0
[  355915ms] [ERROR] Login: account-api error: [7] Maximum number of attempts reached. Try again later.. @ https://lf16-tiktok-web.tiktokcdn-us.com/obj/tiktok-web-tx/tiktok/webapp/main/react-v18/webapp-desktop/static/js/webapp-desktop.3bc76ec8.js:0
[  356861ms] [ERROR] Login: account-api error: [7] Maximum number of attempts reached. Try again later.. @ https://lf16-tiktok-web.tiktokcdn-us.com/obj/tiktok-web-tx/tiktok/webapp/main/react-v18/webapp-desktop/static/js/webapp-desktop.3bc76ec8.js:0
[  356985ms] [ERROR] Login: account-api error: [7] Maximum number of attempts reached. Try again later.. @ https://lf16-tiktok-web.tiktokcdn-us.com/obj/tiktok-web-tx/tiktok/webapp/main/react-v18/webapp-desktop/static/js/webapp-desktop.3bc76ec8.js:0
[  357544ms] [ERROR] Login: account-api error: [7] Maximum number of attempts reached. Try again later.. @ https://lf16-tiktok-web.tiktokcdn-us.com/obj/tiktok-web-tx/tiktok/webapp/main/react-v18/webapp-desktop/static/js/webapp-desktop.3bc76ec8.js:0
[  357690ms] [ERROR] Login: account-api error: [7] Maximum number of attempts reached. Try again later.. @ https://lf16-tiktok-web.tiktokcdn-us.com/obj/tiktok-web-tx/tiktok/webapp/main/react-v18/webapp-desktop/static/js/webapp-desktop.3bc76ec8.js:0
[  358630ms] [ERROR] Login: account-api error: [7] Maximum number of attempts reached. Try again later.. @ https://lf16-tiktok-web.tiktokcdn-us.com/obj/tiktok-web-tx/tiktok/webapp/main/react-v18/webapp-desktop/static/js/webapp-desktop.3bc76ec8.js:0
[  358808ms] [ERROR] Login: account-api error: [7] Maximum number of attempts reached. Try again later.. @ https://lf16-tiktok-web.tiktokcdn-us.com/obj/tiktok-web-tx/tiktok/webapp/main/react-v18/webapp-desktop/static/js/webapp-desktop.3bc76ec8.js:0
[  358930ms] [ERROR] Login: account-api error: [7] Maximum number of attempts reached. Try again later.. @ https://lf16-tiktok-web.tiktokcdn-us.com/obj/tiktok-web-tx/tiktok/webapp/main/react-v18/webapp-desktop/static/js/webapp-desktop.3bc76ec8.js:0
[  359263ms] [ERROR] Login: account-api error: [7] Maximum number of attempts reached. Try again later.. @ https://lf16-tiktok-web.tiktokcdn-us.com/obj/tiktok-web-tx/tiktok/webapp/main/react-v18/webapp-desktop/static/js/webapp-desktop.3bc76ec8.js:0
[  359459ms] [ERROR] Login: account-api error: [7] Maximum number of attempts reached. Try again later.. @ https://lf16-tiktok-web.tiktokcdn-us.com/obj/tiktok-web-tx/tiktok/webapp/main/react-v18/webapp-desktop/static/js/webapp-desktop.3bc76ec8.js:0
[  359460ms] [ERROR] Login: account-api error: [7] Maximum number of attempts reached. Try again later.. @ https://lf16-tiktok-web.tiktokcdn-us.com/obj/tiktok-web-tx/tiktok/webapp/main/react-v18/webapp-desktop/static/js/webapp-desktop.3bc76ec8.js:0
[  360153ms] [ERROR] Login: account-api error: [7] Maximum number of attempts reached. Try again later.. @ https://lf16-tiktok-web.tiktokcdn-us.com/obj/tiktok-web-tx/tiktok/webapp/main/react-v18/webapp-desktop/static/js/webapp-desktop.3bc76ec8.js:0
[  360410ms] [ERROR] Login: account-api error: [7] Maximum number of attempts reached. Try again later.. @ https://lf16-tiktok-web.tiktokcdn-us.com/obj/tiktok-web-tx/tiktok/webapp/main/react-v18/webapp-desktop/static/js/webapp-desktop.3bc76ec8.js:0
[  360835ms] [ERROR] Login: account-api error: [7] Maximum number of attempts reached. Try again later.. @ https://lf16-tiktok-web.tiktokcdn-us.com/obj/tiktok-web-tx/tiktok/webapp/main/react-v18/webapp-desktop/static/js/webapp-desktop.3bc76ec8.js:0
[  360881ms] [ERROR] Login: account-api error: [7] Maximum number of attempts reached. Try again later.. @ https://lf16-tiktok-web.tiktokcdn-us.com/obj/tiktok-web-tx/tiktok/webapp/main/react-v18/webapp-desktop/static/js/webapp-desktop.3bc76ec8.js:0
[  361030ms] [ERROR] Login: account-api error: [7] Maximum number of attempts reached. Try again later.. @ https://lf16-tiktok-web.tiktokcdn-us.com/obj/tiktok-web-tx/tiktok/webapp/main/react-v18/webapp-desktop/static/js/webapp-desktop.3bc76ec8.js:0
[  361899ms] [ERROR] Login: account-api error: [7] Maximum number of attempts reached. Try again later.. @ https://lf16-tiktok-web.tiktokcdn-us.com/obj/tiktok-web-tx/tiktok/webapp/main/react-v18/webapp-desktop/static/js/webapp-desktop.3bc76ec8.js:0
[  361952ms] [ERROR] Login: account-api error: [7] Maximum number of attempts reached. Try again later.. @ https://lf16-tiktok-web.tiktokcdn-us.com/obj/tiktok-web-tx/tiktok/webapp/main/react-v18/webapp-desktop/static/js/webapp-desktop.3bc76ec8.js:0
[  362453ms] [ERROR] Login: account-api error: [7] Maximum number of attempts reached. Try again later.. @ https://lf16-tiktok-web.tiktokcdn-us.com/obj/tiktok-web-tx/tiktok/webapp/main/react-v18/webapp-desktop/static/js/webapp-desktop.3bc76ec8.js:0
[  362492ms] [ERROR] Login: account-api error: [7] Maximum number of attempts reached. Try again later.. @ https://lf16-tiktok-web.tiktokcdn-us.com/obj/tiktok-web-tx/tiktok/webapp/main/react-v18/webapp-desktop/static/js/webapp-desktop.3bc76ec8.js:0
[  362604ms] [ERROR] Login: account-api error: [7] Maximum number of attempts reached. Try again later.. @ https://lf16-tiktok-web.tiktokcdn-us.com/obj/tiktok-web-tx/tiktok/webapp/main/react-v18/webapp-desktop/static/js/webapp-desktop.3bc76ec8.js:0
[  362727ms] [ERROR] Login: account-api error: [7] Maximum number of attempts reached. Try again later.. @ https://lf16-tiktok-web.tiktokcdn-us.com/obj/tiktok-web-tx/tiktok/webapp/main/react-v18/webapp-desktop/static/js/webapp-desktop.3bc76ec8.js:0
[  363649ms] [ERROR] Login: account-api error: [7] Maximum number of attempts reached. Try again later.. @ https://lf16-tiktok-web.tiktokcdn-us.com/obj/tiktok-web-tx/tiktok/webapp/main/react-v18/webapp-desktop/static/js/webapp-desktop.3bc76ec8.js:0
[  363844ms] [ERROR] Login: account-api error: [7] Maximum number of attempts reached. Try again later.. @ https://lf16-tiktok-web.tiktokcdn-us.com/obj/tiktok-web-tx/tiktok/webapp/main/react-v18/webapp-desktop/static/js/webapp-desktop.3bc76ec8.js:0
[  364047ms] [ERROR] Login: account-api error: [7] Maximum number of attempts reached. Try again later.. @ https://lf16-tiktok-web.tiktokcdn-us.com/obj/tiktok-web-tx/tiktok/webapp/main/react-v18/webapp-desktop/static/js/webapp-desktop.3bc76ec8.js:0
[  364180ms] [ERROR] Login: account-api error: [7] Maximum number of attempts reached. Try again later.. @ https://lf16-tiktok-web.tiktokcdn-us.com/obj/tiktok-web-tx/tiktok/webapp/main/react-v18/webapp-desktop/static/js/webapp-desktop.3bc76ec8.js:0
[  364509ms] [ERROR] Login: account-api error: [7] Maximum number of attempts reached. Try again later.. @ https://lf16-tiktok-web.tiktokcdn-us.com/obj/tiktok-web-tx/tiktok/webapp/main/react-v18/webapp-desktop/static/js/webapp-desktop.3bc76ec8.js:0
[  364589ms] [ERROR] Login: account-api error: [7] Maximum number of attempts reached. Try again later.. @ https://lf16-tiktok-web.tiktokcdn-us.com/obj/tiktok-web-tx/tiktok/webapp/main/react-v18/webapp-desktop/static/js/webapp-desktop.3bc76ec8.js:0
[  364823ms] [ERROR] Login: account-api error: [7] Maximum number of attempts reached. Try again later.. @ https://lf16-tiktok-web.tiktokcdn-us.com/obj/tiktok-web-tx/tiktok/webapp/main/react-v18/webapp-desktop/static/js/webapp-desktop.3bc76ec8.js:0
[  365879ms] [ERROR] Login: account-api error: [7] Maximum number of attempts reached. Try again later.. @ https://lf16-tiktok-web.tiktokcdn-us.com/obj/tiktok-web-tx/tiktok/webapp/main/react-v18/webapp-desktop/static/js/webapp-desktop.3bc76ec8.js:0
[  365898ms] [ERROR] Login: account-api error: [7] Maximum number of attempts reached. Try again later.. @ https://lf16-tiktok-web.tiktokcdn-us.com/obj/tiktok-web-tx/tiktok/webapp/main/react-v18/webapp-desktop/static/js/webapp-desktop.3bc76ec8.js:0
[  366081ms] [ERROR] Login: account-api error: [7] Maximum number of attempts reached. Try again later.. @ https://lf16-tiktok-web.tiktokcdn-us.com/obj/tiktok-web-tx/tiktok/webapp/main/react-v18/webapp-desktop/static/js/webapp-desktop.3bc76ec8.js:0
[  366373ms] [ERROR] Login: account-api error: [7] Maximum number of attempts reached. Try again later.. @ https://lf16-tiktok-web.tiktokcdn-us.com/obj/tiktok-web-tx/tiktok/webapp/main/react-v18/webapp-desktop/static/js/webapp-desktop.3bc76ec8.js:0
[  366421ms] [ERROR] Login: account-api error: [7] Maximum number of attempts reached. Try again later.. @ https://lf16-tiktok-web.tiktokcdn-us.com/obj/tiktok-web-tx/tiktok/webapp/main/react-v18/webapp-desktop/static/js/webapp-desktop.3bc76ec8.js:0
[  367320ms] [ERROR] Login: account-api error: [7] Maximum number of attempts reached. Try again later.. @ https://lf16-tiktok-web.tiktokcdn-us.com/obj/tiktok-web-tx/tiktok/webapp/main/react-v18/webapp-desktop/static/js/webapp-desktop.3bc76ec8.js:0
[  367462ms] [ERROR] Login: account-api error: [7] Maximum number of attempts reached. Try again later.. @ https://lf16-tiktok-web.tiktokcdn-us.com/obj/tiktok-web-tx/tiktok/webapp/main/react-v18/webapp-desktop/static/js/webapp-desktop.3bc76ec8.js:0
[  367865ms] [ERROR] Login: account-api error: [7] Maximum number of attempts reached. Try again later.. @ https://lf16-tiktok-web.tiktokcdn-us.com/obj/tiktok-web-tx/tiktok/webapp/main/react-v18/webapp-desktop/static/js/webapp-desktop.3bc76ec8.js:0
[  367931ms] [ERROR] Login: account-api error: [7] Maximum number of attempts reached. Try again later.. @ https://lf16-tiktok-web.tiktokcdn-us.com/obj/tiktok-web-tx/tiktok/webapp/main/react-v18/webapp-desktop/static/js/webapp-desktop.3bc76ec8.js:0
[  367985ms] [ERROR] Login: account-api error: [7] Maximum number of attempts reached. Try again later.. @ https://lf16-tiktok-web.tiktokcdn-us.com/obj/tiktok-web-tx/tiktok/webapp/main/react-v18/webapp-desktop/static/js/webapp-desktop.3bc76ec8.js:0
[  368929ms] [ERROR] Login: account-api error: [7] Maximum number of attempts reached. Try again later.. @ https://lf16-tiktok-web.tiktokcdn-us.com/obj/tiktok-web-tx/tiktok/webapp/main/react-v18/webapp-desktop/static/js/webapp-desktop.3bc76ec8.js:0
[  369228ms] [ERROR] Login: account-api error: [7] Maximum number of attempts reached. Try again later.. @ https://lf16-tiktok-web.tiktokcdn-us.com/obj/tiktok-web-tx/tiktok/webapp/main/react-v18/webapp-desktop/static/js/webapp-desktop.3bc76ec8.js:0
[  369525ms] [ERROR] Login: account-api error: [7] Maximum number of attempts reached. Try again later.. @ https://lf16-tiktok-web.tiktokcdn-us.com/obj/tiktok-web-tx/tiktok/webapp/main/react-v18/webapp-desktop/static/js/webapp-desktop.3bc76ec8.js:0
[  369544ms] [ERROR] Login: account-api error: [7] Maximum number of attempts reached. Try again later.. @ https://lf16-tiktok-web.tiktokcdn-us.com/obj/tiktok-web-tx/tiktok/webapp/main/react-v18/webapp-desktop/static/js/webapp-desktop.3bc76ec8.js:0
[  369941ms] [ERROR] Login: account-api error: [7] Maximum number of attempts reached. Try again later.. @ https://lf16-tiktok-web.tiktokcdn-us.com/obj/tiktok-web-tx/tiktok/webapp/main/react-v18/webapp-desktop/static/js/webapp-desktop.3bc76ec8.js:0
[  369943ms] [ERROR] Login: account-api error: [7] Maximum number of attempts reached. Try again later.. @ https://lf16-tiktok-web.tiktokcdn-us.com/obj/tiktok-web-tx/tiktok/webapp/main/react-v18/webapp-desktop/static/js/webapp-desktop.3bc76ec8.js:0
[  370819ms] [ERROR] Login: account-api error: [7] Maximum number of attempts reached. Try again later.. @ https://lf16-tiktok-web.tiktokcdn-us.com/obj/tiktok-web-tx/tiktok/webapp/main/react-v18/webapp-desktop/static/js/webapp-desktop.3bc76ec8.js:0
[  370820ms] [ERROR] Login: account-api error: [7] Maximum number of attempts reached. Try again later.. @ https://lf16-tiktok-web.tiktokcdn-us.com/obj/tiktok-web-tx/tiktok/webapp/main/react-v18/webapp-desktop/static/js/webapp-desktop.3bc76ec8.js:0
[  371327ms] [ERROR] Login: account-api error: [7] Maximum number of attempts reached. Try again later.. @ https://lf16-tiktok-web.tiktokcdn-us.com/obj/tiktok-web-tx/tiktok/webapp/main/react-v18/webapp-desktop/static/js/webapp-desktop.3bc76ec8.js:0
[  371375ms] [ERROR] Login: account-api error: [7] Maximum number of attempts reached. Try again later.. @ https://lf16-tiktok-web.tiktokcdn-us.com/obj/tiktok-web-tx/tiktok/webapp/main/react-v18/webapp-desktop/static/js/webapp-desktop.3bc76ec8.js:0
[  371514ms] [ERROR] Login: account-api error: [7] Maximum number of attempts reached. Try again later.. @ https://lf16-tiktok-web.tiktokcdn-us.com/obj/tiktok-web-tx/tiktok/webapp/main/react-v18/webapp-desktop/static/js/webapp-desktop.3bc76ec8.js:0
[  371630ms] [ERROR] Login: account-api error: [7] Maximum number of attempts reached. Try again later.. @ https://lf16-tiktok-web.tiktokcdn-us.com/obj/tiktok-web-tx/tiktok/webapp/main/react-v18/webapp-desktop/static/js/webapp-desktop.3bc76ec8.js:0
[  372584ms] [ERROR] Login: account-api error: [7] Maximum number of attempts reached. Try again later.. @ https://lf16-tiktok-web.tiktokcdn-us.com/obj/tiktok-web-tx/tiktok/webapp/main/react-v18/webapp-desktop/static/js/webapp-desktop.3bc76ec8.js:0
[  372588ms] [ERROR] Login: account-api error: [7] Maximum number of attempts reached. Try again later.. @ https://lf16-tiktok-web.tiktokcdn-us.com/obj/tiktok-web-tx/tiktok/webapp/main/react-v18/webapp-desktop/static/js/webapp-desktop.3bc76ec8.js:0
[  373477ms] [ERROR] Login: account-api error: [7] Maximum number of attempts reached. Try again later.. @ https://lf16-tiktok-web.tiktokcdn-us.com/obj/tiktok-web-tx/tiktok/webapp/main/react-v18/webapp-desktop/static/js/webapp-desktop.3bc76ec8.js:0
[  374044ms] [ERROR] Login: account-api error: [7] Maximum number of attempts reached. Try again later.. @ https://lf16-tiktok-web.tiktokcdn-us.com/obj/tiktok-web-tx/tiktok/webapp/main/react-v18/webapp-desktop/static/js/webapp-desktop.3bc76ec8.js:0
[  374139ms] [ERROR] Login: account-api error: [7] Maximum number of attempts reached. Try again later.. @ https://lf16-tiktok-web.tiktokcdn-us.com/obj/tiktok-web-tx/tiktok/webapp/main/react-v18/webapp-desktop/static/js/webapp-desktop.3bc76ec8.js:0
[  374747ms] [ERROR] The Content Security Policy directive 'upgrade-insecure-requests' is ignored when delivered in a report-only policy. @ https://www.tiktok.com/foryou?lang=en:0
[  374875ms] [WARNING] Reflect is already polyfilled. @ https://lf16-tiktok-web.tiktokcdn-us.com/obj/tiktok-web-tx/tiktok/webapp/main/react-v18/webapp-desktop/static/js/webapp-desktop.3bc76ec8.js:0
[  374895ms] [WARNING] AppContext will be overwritten @ https://lf16-tiktok-web.tiktokcdn-us.com/obj/tiktok-web-tx/tiktok/webapp/main/react-v18/webapp-desktop/static/js/webapp-desktop.3bc76ec8.js:0
[  374896ms] [WARNING] AppContext will be overwritten @ https://lf16-tiktok-web.tiktokcdn-us.com/obj/tiktok-web-tx/tiktok/webapp/main/react-v18/webapp-desktop/static/js/webapp-desktop.3bc76ec8.js:0
[  374896ms] [WARNING] AppContext will be overwritten @ https://lf16-tiktok-web.tiktokcdn-us.com/obj/tiktok-web-tx/tiktok/webapp/main/react-v18/webapp-desktop/static/js/webapp-desktop.3bc76ec8.js:0
[  374896ms] [WARNING] AppContext will be overwritten @ https://lf16-tiktok-web.tiktokcdn-us.com/obj/tiktok-web-tx/tiktok/webapp/main/react-v18/webapp-desktop/static/js/webapp-desktop.3bc76ec8.js:0
[  374896ms] [WARNING] AppContext will be overwritten @ https://lf16-tiktok-web.tiktokcdn-us.com/obj/tiktok-web-tx/tiktok/webapp/main/react-v18/webapp-desktop/static/js/webapp-desktop.3bc76ec8.js:0
[  374896ms] [WARNING] AppContext will be overwritten @ https://lf16-tiktok-web.tiktokcdn-us.com/obj/tiktok-web-tx/tiktok/webapp/main/react-v18/webapp-desktop/static/js/webapp-desktop.3bc76ec8.js:0
[  374896ms] [WARNING] AppContext will be overwritten @ https://lf16-tiktok-web.tiktokcdn-us.com/obj/tiktok-web-tx/tiktok/webapp/main/react-v18/webapp-desktop/static/js/webapp-desktop.3bc76ec8.js:0
[  374896ms] [WARNING] AppContext will be overwritten @ https://lf16-tiktok-web.tiktokcdn-us.com/obj/tiktok-web-tx/tiktok/webapp/main/react-v18/webapp-desktop/static/js/webapp-desktop.3bc76ec8.js:0
[  374896ms] [WARNING] AppContext will be overwritten @ https://lf16-tiktok-web.tiktokcdn-us.com/obj/tiktok-web-tx/tiktok/webapp/main/react-v18/webapp-desktop/static/js/webapp-desktop.3bc76ec8.js:0
[  374905ms] [WARNING] AppContext will be overwritten @ https://lf16-tiktok-web.tiktokcdn-us.com/obj/tiktok-web-tx/tiktok/webapp/main/react-v18/webapp-desktop/static/js/webapp-desktop.3bc76ec8.js:0
[  374906ms] [WARNING] AppContext will be overwritten @ https://lf16-tiktok-web.tiktokcdn-us.com/obj/tiktok-web-tx/tiktok/webapp/main/react-v18/webapp-desktop/static/js/webapp-desktop.3bc76ec8.js:0
[  374906ms] [WARNING] loadable: `loadableReady()` requires state, please use `getScriptTags` or `getScriptElements` server-side @ https://lf16-tiktok-web.tiktokcdn-us.com/obj/tiktok-web-tx/tiktok/webapp/main/react-v18/webapp-desktop/static/js/80699.ff5f21df.js:1
[  375091ms] [INFO] . @ https://lf16-tiktok-web.tiktokcdn-us.com/obj/tiktok-web-tx/webmssdk/2.0.0.485/webmssdk.js:0
[  375331ms] [WARNING] [TikTok desktop app SDK Monitor]:   WARN:[printFirstFeedShow]The current environment is not inside the client. @ https://lf16-tiktok-web.tiktokcdn-us.com/obj/tiktok-web-tx/tiktok/webapp/main/react-v18/webapp-desktop/static/js/webapp-desktop.3bc76ec8.js:0
[  375421ms] [WARNING] filter merge event: sibyl_sdk_collector_init_result error, pls check Converting circular structure to JSON
    --> starting at object with constructor 'e'
    |     property 'pluginInstances' -> object with constructor 'Array'
    |     index 0 -> object with constructor 'e'
    --- property 'collect' closes the circle @ https://lf16-tiktok-web.tiktokcdn-us.com/obj/tiktok-web-tx/tiktok/webapp/main/react-v18/webapp-desktop/static/js/npm-dp-byted-tea-sdk-oversea.7e89fb32.js:0
[  375911ms] [LOG] ws.opened @ https://lf16-tiktok-web.tiktokcdn-us.com/obj/tiktok-web-tx/tiktok/webapp/main/react-v18/webapp-desktop/static/js/async/64887.aa44c2fe.js:1
[  376230ms] Uncaught (in promise) TypeError: a.init is not a function
    at <anonymous> (https://lf16-tiktok-web.tiktokcdn-us.com/obj/tiktok-web-tx/tiktok/webapp/main/react-v18/webapp-desktop/static/js/async/64887.aa44c2fe.js:1:544225)
    at l (https://lf16-tiktok-web.tiktokcdn-us.com/obj/tiktok-web-tx/tiktok/webapp/main/react-v18/webapp-desktop/static/js/async/64887.aa44c2fe.js:1:537319)
    at <anonymous> (https://lf16-tiktok-web.tiktokcdn-us.com/obj/tiktok-web-tx/tiktok/webapp/main/react-v18/webapp-desktop/static/js/async/64887.aa44c2fe.js:1:538676)
    at <anonymous> (https://lf16-tiktok-web.tiktokcdn-us.com/obj/tiktok-web-tx/tiktok/webapp/main/react-v18/webapp-desktop/static/js/async/64887.aa44c2fe.js:1:537712)
    at <anonymous> (https://lf16-tiktok-web.tiktokcdn-us.com/obj/tiktok-web-tx/tiktok/webapp/main/react-v18/webapp-desktop/static/js/80699.ff5f21df.js:4:182207)
    at p (https://lf16-tiktok-web.tiktokcdn-us.com/obj/tiktok-web-tx/tiktok/webapp/main/react-v18/webapp-desktop/static/js/80699.ff5f21df.js:4:182004)
    at value (https://lf16-tiktok-web.tiktokcdn-us.com/obj/tiktok-web-tx/tiktok/webapp/main/react-v18/webapp-desktop/static/js/async/64887.aa44c2fe.js:1:543765)
    at value (https://lf16-tiktok-web.tiktokcdn-us.com/obj/tiktok-web-tx/tiktok/webapp/main/react-v18/webapp-desktop/static/js/async/64887.aa44c2fe.js:1:543644)
    at <anonymous> (https://lf16-tiktok-web.tiktokcdn-us.com/obj/tiktok-web-tx/tiktok/webapp/main/react-v18/webapp-desktop/static/js/async/64887.aa44c2fe.js:1:616432)
    at l (https://lf16-tiktok-web.tiktokcdn-us.com/obj/tiktok-web-tx/tiktok/webapp/main/react-v18/webapp-desktop/static/js/async/64887.aa44c2fe.js:1:608621)
    at <anonymous> (https://lf16-tiktok-web.tiktokcdn-us.com/obj/tiktok-web-tx/tiktok/webapp/main/react-v18/webapp-desktop/static/js/async/64887.aa44c2fe.js:1:609978)
    at <anonymous> (https://lf16-tiktok-web.tiktokcdn-us.com/obj/tiktok-web-tx/tiktok/webapp/main/react-v18/webapp-desktop/static/js/async/64887.aa44c2fe.js:1:609014)
    at a (https://lf16-tiktok-web.tiktokcdn-us.com/obj/tiktok-web-tx/tiktok/webapp/main/react-v18/webapp-desktop/static/js/80699.ff5f21df.js:4:182060)
[  377503ms] [LOG] Error @ https://lf16-tiktok-web.tiktokcdn-us.com/obj/tiktok-web-tx/tiktok/webapp/main/react-v18/webapp-desktop/static/js/async/72039.3fff157a.js:1
[  377571ms] [ERROR] The Content Security Policy directive 'upgrade-insecure-requests' is ignored when delivered in a report-only policy. @ https://lf16-tiktok-web.tiktokcdn-us.com/obj/tiktok-web-tx/webmssdk/2.0.0.485/webmssdk.js:0
[  377572ms] [ERROR] The Content Security Policy directive 'upgrade-insecure-requests' is ignored when delivered in a report-only policy. @ https://lf16-tiktok-web.tiktokcdn-us.com/obj/tiktok-web-tx/webmssdk/2.0.0.485/webmssdk.js:0
[  377585ms] [ERROR] The Content Security Policy directive 'upgrade-insecure-requests' is ignored when delivered in a report-only policy. @ https://lf16-tiktok-web.tiktokcdn-us.com/obj/tiktok-web-tx/webmssdk/2.0.0.485/webmssdk.js:0
[  377586ms] [ERROR] The Content Security Policy directive 'upgrade-insecure-requests' is ignored when delivered in a report-only policy. @ https://lf16-tiktok-web.tiktokcdn-us.com/obj/tiktok-web-tx/webmssdk/2.0.0.485/webmssdk.js:0
[  377718ms] [LOG] %cAccountApi Version >>>>%O background: #222; color: #bada55 2.1.11-tiktokbeta.3 @ https://lf16-tiktok-web.tiktokcdn-us.com/obj/tiktok-web-tx/tiktok/webapp/main/react-v18/webapp-desktop/static/js/async/9462.481d1e45.js:0
[  377719ms] [LOG] >> lang en @ https://lf16-tiktok-web.tiktokcdn-us.com/obj/tiktok-web-tx/tiktok/webapp/main/react-v18/webapp-desktop/static/js/async/9462.481d1e45.js:0
[  377719ms] [LOG] >>> twv I18n isInitialized true @ https://lf16-tiktok-web.tiktokcdn-us.com/obj/tiktok-web-tx/tiktok/webapp/main/react-v18/webapp-desktop/static/js/async/9462.481d1e45.js:0
[  377724ms] [LOG] ===> verify_moz5p6qb_sQlBIDp2_iiMM_4TKv_8SdS_alNsCKNgk5tK @ https://lf16-tiktok-web.tiktokcdn-us.com/obj/tiktok-web-tx/tiktok/webapp/main/react-v18/webapp-desktop/static/js/async/9462.481d1e45.js:0
[  377732ms] [ERROR] The Content Security Policy directive 'upgrade-insecure-requests' is ignored when delivered in a report-only policy. @ https://lf16-tiktok-web.tiktokcdn-us.com/obj/tiktok-web-tx/webmssdk/2.0.0.485/webmssdk.js:0
[  377732ms] [ERROR] The Content Security Policy directive 'upgrade-insecure-requests' is ignored when delivered in a report-only policy. @ https://lf16-tiktok-web.tiktokcdn-us.com/obj/tiktok-web-tx/webmssdk/2.0.0.485/webmssdk.js:0
[  377752ms] [ERROR] The Content Security Policy directive 'upgrade-insecure-requests' is ignored when delivered in a report-only policy. @ https://lf16-tiktok-web.tiktokcdn-us.com/obj/tiktok-web-tx/webmssdk/2.0.0.485/webmssdk.js:0
[  377752ms] [ERROR] The Content Security Policy directive 'upgrade-insecure-requests' is ignored when delivered in a report-only policy. @ https://lf16-tiktok-web.tiktokcdn-us.com/obj/tiktok-web-tx/webmssdk/2.0.0.485/webmssdk.js:0
[  377780ms] [LOG] [browser check] %s, os:  Chrome Mac OS @ https://lf16-tiktok-web.tiktokcdn-us.com/obj/tiktok-web-tx/tiktok/webapp/main/react-v18/webapp-desktop/static/js/async/30382.177323cd.js:0
[  377780ms] [WARNING] InvalidCharacterError: Failed to execute 'atob' on 'Window': The string to be decoded is not correctly encoded.
    at i (https://lf16-tiktok-web.tiktokcdn-us.com/obj/tiktok-web-tx/tiktok/webapp/main/react-v18/webapp-desktop/static/js/async/24640.fe5b8c3d.js:1:125542)
    at t.getLoginContext (https://lf16-tiktok-web.tiktokcdn-us.com/obj/tiktok-web-tx/tiktok/webapp/main/react-v18/webapp-desktop/static/js/async/24640.fe5b8c3d.js:1:43339)
    at https://lf16-tiktok-web.tiktokcdn-us.com/obj/tiktok-web-tx/tiktok/webapp/main/react-v18/webapp-desktop/static/js/async/24640.fe5b8c3d.js:1:39317
    at v (https://lf16-tiktok-web.tiktokcdn-us.com/obj/tiktok-web-tx/tiktok/webapp/main/react-v18/webapp-desktop/static/js/npm-rxjs.142286d3.js:1:26341)
    at d (https://lf16-tiktok-web.tiktokcdn-us.com/obj/tiktok-web-tx/tiktok/webapp/main/react-v18/webapp-desktop/static/js/npm-rxjs.142286d3.js:1:26289)
    at c._next (https://lf16-tiktok-web.tiktokcdn-us.com/obj/tiktok-web-tx/tiktok/webapp/main/react-v18/webapp-desktop/static/js/npm-rxjs.142286d3.js:1:19650)
    at r.next (https://lf16-tiktok-web.tiktokcdn-us.com/obj/tiktok-web-tx/tiktok/webapp/main/react-v18/webapp-desktop/static/js/npm-rxjs.142286d3.js:1:7391)
    at https://lf16-tiktok-web.tiktokcdn-us.com/obj/tiktok-web-tx/tiktok/webapp/main/react-v18/webapp-desktop/static/js/npm-rxjs.142286d3.js:1:25643
    at c._next (https://lf16-tiktok-web.tiktokcdn-us.com/obj/tiktok-web-tx/tiktok/webapp/main/react-v18/webapp-desktop/static/js/npm-rxjs.142286d3.js:1:19650)
    at r.next (https://lf16-tiktok-web.tiktokcdn-us.com/obj/tiktok-web-tx/tiktok/webapp/main/react-v18/webapp-desktop/static/js/npm-rxjs.142286d3.js:1:7391) @ https://lf16-tiktok-web.tiktokcdn-us.com/obj/tiktok-web-tx/tiktok/webapp/main/react-v18/webapp-desktop/static/js/async/24640.fe5b8c3d.js:0
[  378888ms] [ERROR] The Content Security Policy directive 'upgrade-insecure-requests' is ignored when delivered in a report-only policy. @ https://lf16-tiktok-web.tiktokcdn-us.com/obj/tiktok-web-tx/webmssdk_ex/2.0.0.1444/webmssdk_ex.js:0
[  378888ms] [ERROR] The Content Security Policy directive 'upgrade-insecure-requests' is ignored when delivered in a report-only policy. @ https://lf16-tiktok-web.tiktokcdn-us.com/obj/tiktok-web-tx/webmssdk_ex/2.0.0.1444/webmssdk_ex.js:0
[  378904ms] [ERROR] The Content Security Policy directive 'upgrade-insecure-requests' is ignored when delivered in a report-only policy. @ https://lf16-tiktok-web.tiktokcdn-us.com/obj/tiktok-web-tx/webmssdk_ex/2.0.0.1444/webmssdk_ex.js:0
[  378905ms] [ERROR] The Content Security Policy directive 'upgrade-insecure-requests' is ignored when delivered in a report-only policy. @ https://lf16-tiktok-web.tiktokcdn-us.com/obj/tiktok-web-tx/webmssdk_ex/2.0.0.1444/webmssdk_ex.js:0
[  379034ms] [ERROR] The Content Security Policy directive 'upgrade-insecure-requests' is ignored when delivered in a report-only policy. @ https://lf16-tiktok-web.tiktokcdn-us.com/obj/tiktok-web-tx/webmssdk_ex/2.0.0.1444/webmssdk_ex.js:0
[  379034ms] [ERROR] The Content Security Policy directive 'upgrade-insecure-requests' is ignored when delivered in a report-only policy. @ https://lf16-tiktok-web.tiktokcdn-us.com/obj/tiktok-web-tx/webmssdk_ex/2.0.0.1444/webmssdk_ex.js:0
[  379046ms] [ERROR] The Content Security Policy directive 'upgrade-insecure-requests' is ignored when delivered in a report-only policy. @ https://lf16-tiktok-web.tiktokcdn-us.com/obj/tiktok-web-tx/webmssdk_ex/2.0.0.1444/webmssdk_ex.js:0
[  379047ms] [ERROR] The Content Security Policy directive 'upgrade-insecure-requests' is ignored when delivered in a report-only policy. @ https://lf16-tiktok-web.tiktokcdn-us.com/obj/tiktok-web-tx/webmssdk_ex/2.0.0.1444/webmssdk_ex.js:0
[  382992ms] Uncaught TypeError: Cannot read properties of undefined (reading 'call')
    at g (https://lf16-tiktok-web.tiktokcdn-us.com/obj/tiktok-web-tx/webmssdk/2.0.0.485/webmssdk.js:0:33643)
    at j (https://lf16-tiktok-web.tiktokcdn-us.com/obj/tiktok-web-tx/webmssdk/2.0.0.485/webmssdk.js:0:242634)
    at <anonymous> (https://lf16-tiktok-web.tiktokcdn-us.com/obj/tiktok-web-tx/webmssdk/2.0.0.485/webmssdk.js:0:50771)
    at w (https://lf16-tiktok-web.tiktokcdn-us.com/obj/tiktok-web-tx/webmssdk/2.0.0.485/webmssdk.js:0:14052)
    at <anonymous> (https://lf16-tiktok-web.tiktokcdn-us.com/obj/tiktok-web-tx/webmssdk/2.0.0.485/webmssdk.js:0:15422)
    at <anonymous> (https://lf16-tiktok-web.tiktokcdn-us.com/obj/tiktok-web-tx/webmssdk/2.0.0.485/webmssdk.js:0:14481)
    at g (https://lf16-tiktok-web.tiktokcdn-us.com/obj/tiktok-web-tx/webmssdk/2.0.0.485/webmssdk.js:0:60983)
    at j (https://lf16-tiktok-web.tiktokcdn-us.com/obj/tiktok-web-tx/webmssdk/2.0.0.485/webmssdk.js:0:242634)
    at v (https://lf16-tiktok-web.tiktokcdn-us.com/obj/tiktok-web-tx/webmssdk/2.0.0.485/webmssdk.js:0:136246)
    at c (https://lf16-tiktok-web.tiktokcdn-us.com/obj/tiktok-web-tx/webmssdk/2.0.0.485/webmssdk.js:0:31917)
