[     727ms] TypeError: Cannot read properties of undefined (reading 'uiConfig')
    at https://www.academy.com/p/glock-g48-mos-semi-auto-9mm-pistol:425:77
[    1500ms] [LOG] [QA] Raw categoryPageId value: [brands, brands > brands-e-l, brands > brands-e-l > glock, brands > brands-e-l > glock > glock-48-pistols, brands > brands-e-l > glock > glock-pistols, outdoors, outdoors > shooting, outdoors > shooting > firearms, outdoors > shooting > firearms > handguns, outdoors > shooting > firearms > handguns > concealed-carry-guns, outdoors > shooting > firearms > handguns > concealed-carry-guns > compact-handguns, outdoors > shooting > firearms > handguns > handgun-brands, outdoors > shooting > firearms > handguns > handgun-caliber, outdoors > shooting > firearms > handguns > optics-ready-handguns, outdoors > shooting > firearms > handguns > pistols, outdoors > shooting > firearms > handguns > pistols > centerfire-pistols, shops, shops > 9mm-shop, shops > 9mm-shop > 9mm-firearms, shops > 9mm-shop > 9mm-firearms > 9mm-pistols, shops > mktg-offers, shops > mktg-offers > out-offer-2, shops > mktg-offers > out-offer-3, shops > promo-offers, shops > promo-offers > out-promo-offer-1, shops > promo-offers > out-promo-offer-2, shops > thanksgiving-day-sale] @ :218
[    1501ms] [LOG] [QA] Checking '9mm-pistols': true @ :232
[    1501ms] [LOG] [QA] Element '.asoUI.swatchWrapperText--XtAXQ' not found. @ :239
[    1501ms] [LOG] [QA] Checking '380-gun': false @ :232
[    1501ms] [LOG] [QA] Checking 'rimfire-pistols': false @ :232
[    1501ms] [LOG] [QA] Checking '10mm-pistols': false @ :232
[    1501ms] [LOG] [QA] Checking '40-caliber-pistols': false @ :232
[    1501ms] [LOG] [QA] Checking '45-acp-pistol': false @ :232
[    1501ms] [LOG] [QA] Checking '357-revolvers': false @ :232
[    1501ms] [LOG] [QA] Checking '38-special-revolvers': false @ :232
[    1501ms] [LOG] [QA] Checking '9mm-revolvers': false @ :232
[    1501ms] [LOG] [QA] Checking '44-magnum-revolver': false @ :232
[    1501ms] [LOG] [QA] Checking '243-winchester': false @ :232
[    1501ms] [LOG] [QA] Checking '300-win-rifles': false @ :232
[    1501ms] [LOG] [QA] Checking '30-30-winchester': false @ :232
[    1501ms] [LOG] [QA] Checking '22-rifles': false @ :232
[    1501ms] [LOG] [QA] Checking '308-rifles': false @ :232
[    1501ms] [LOG] [QA] Checking '22-magnum': false @ :232
[    1501ms] [LOG] [QA] Checking '270-winchester-rifles': false @ :232
[    1501ms] [LOG] [QA] Checking '338-lapua': false @ :232
[    1501ms] [LOG] [QA] Checking '20-gauge-shotguns': false @ :232
[    1501ms] [LOG] [QA] Checking '12-gauge-shotguns': false @ :232
[    1501ms] [LOG] [QA] Checking '410-shotguns': false @ :232
[    1502ms] [LOG] [QA] categoryPageIds: [brands, brands > brands-e-l, brands > brands-e-l > glock, brands > brands-e-l > glock > glock-48-pistols, brands > brands-e-l > glock > glock-pistols, outdoors, outdoors > shooting, outdoors > shooting > firearms, outdoors > shooting > firearms > handguns, outdoors > shooting > firearms > handguns > concealed-carry-guns, outdoors > shooting > firearms > handguns > concealed-carry-guns > compact-handguns, outdoors > shooting > firearms > handguns > handgun-brands, outdoors > shooting > firearms > handguns > handgun-caliber, outdoors > shooting > firearms > handguns > optics-ready-handguns, outdoors > shooting > firearms > handguns > pistols, outdoors > shooting > firearms > handguns > pistols > centerfire-pistols, shops, shops > 9mm-shop, shops > 9mm-shop > 9mm-firearms, shops > 9mm-shop > 9mm-firearms > 9mm-pistols, shops > mktg-offers, shops > mktg-offers > out-offer-2, shops > mktg-offers > out-offer-3, shops > promo-offers, shops > promo-offers > out-promo-offer-1, shops > promo-offers > out-promo-offer-2, shops > thanksgiving-day-sale] @ :63
[    1502ms] [LOG] [QA] Rule 'mothers-day-gifts': no match @ :72
[    1506ms] [LOG] [A/B test] CONTROL: Signed-out Popup @ :1
[    1506ms] [LOG] categories: [Compact Handguns, Illinois Compliant Firearms, Our Top Brands, Shooting, GLOCK 48 Pistols, 9mm Shop, Outdoors, Handguns by Caliber, E - L Brands, Semi-Automatic Pistols, Maryland Compliant Firearms, Concealed Carry Guns, Thanksgiving Day Sale, 9mm Pistols, 9mm Firearms, Promo Offers, Marketing Offers, Optics-Ready Handguns, Handguns, Centerfire Pistols, GLOCK Pistols , Guns + Firearms , GLOCK, Shops] @ :8
[    1633ms] [LOG] %c EvalError
    at no (https://www.academy.com/qqxM841a/init.js:2:69190)
    at pr (https://www.academy.com/qqxM841a/init.js:3:165)
    at JL (https://www.academy.com/qqxM841a/init.js:5:15725)
    at JJ (https://www.academy.com/qqxM841a/init.js:5:15342)
    at https://www.academy.com/qqxM841a/init.js:5:17068
    at https://www.academy.com/qqxM841a/init.js:5:17074
    at https://www.academy.com/qqxM841a/init.js:5:17539 @ https://www.academy.com/qqxM841a/init.js:1
[    1728ms] [LOG] reset Store UI executed @ :82
[    1728ms] [LOG] resetStore UI @ :121
[    1820ms] [LOG] Success Modal with Recommendation Container @ :3
[    1827ms] [LOG] Item In Stock Somewhere @ :69
[    1835ms] [LOG] reset Store UI executed @ :82
[    1835ms] [LOG] resetStore UI @ :121
[    1838ms] [LOG] Version mismatch: stored null vs current 2.0. Clearing chat history. @ :216
[    1841ms] [LOG] [Feedback] Modal HTML injected successfully @ :2034
[    1858ms] [LOG] [FeedbackCheck] Excluding Welcome Message: msg_welcome_1778380550298 @ :2058
[    1858ms] [LOG] [Feedback] Vote system initialized @ :2448
[    1925ms] [LOG] reset Store UI executed @ :82
[    1925ms] [LOG] resetStore UI @ :121
[    1939ms] [LOG] [sp:na > ss:oos] @ https://tags.tiqcdn.com/utag/academysports/main/prod/utag.js:127
[    2075ms] [LOG] In Store selected! - Nearby Store Available @ :113
[    2076ms] [LOG] out of stock @ :25
[    2269ms] [LOG] In Store selected! - Nearby Store Available @ :113
[    2270ms] [LOG] out of stock @ :25
[    2286ms] [WARNING] Google Maps JavaScript API has been loaded directly without loading=async. This can result in suboptimal performance. For best-practice loading patterns please see https://goo.gle/js-api-loading @ https://maps.googleapis.com/maps/api/js?v=3.exp&key=AIzaSyAVN8TRCKU7qZ-wM3z8czCoDyQ4PAw-j3s:331
[    2295ms] [LOG] In Store selected! - Nearby Store Available @ :113
[    2295ms] [LOG] out of stock @ :25
[    2306ms] [LOG] In Store selected! - Nearby Store Available @ :113
[    2306ms] [LOG] out of stock @ :25
[    2905ms] [WARNING] [Stylitics]: API response does not satisfy the min results parameter. @ https://cdn.quantummetric.com/qscripts/quantum-academy.js:120
[    2946ms] [LOG] SignupCode @ https://cdn.quantummetric.com/qscripts/quantum-academy.js:120
[    2949ms] [LOG] 1 @ https://cdn.quantummetric.com/qscripts/quantum-academy.js:120
[    2994ms] [ERROR] Failed to load resource: the server responded with a status of 403 () @ https://www.academy.com/api/stores?lat=47.61&lon=-122.20&rad=20&bopisEnabledFlag=true:0
[    3043ms] [ERROR] Access to CSS stylesheet at 'https://web-assets.stylitics.com/style.css?base=grid&theme=academy&version=146f27f3c5' from origin 'https://www.academy.com' has been blocked by CORS policy: No 'Access-Control-Allow-Origin' header is present on the requested resource. @ about:blank:0
[    3043ms] [ERROR] Failed to load resource: net::ERR_FAILED @ https://web-assets.stylitics.com/style.css?base=grid&theme=academy&version=146f27f3c5:0
[    3595ms] [LOG] %c EvalError
    at no (https://client.px-cloud.net/PXqqxM841a/main.min.js:2:69190)
    at pr (https://client.px-cloud.net/PXqqxM841a/main.min.js:3:165)
    at JL (https://client.px-cloud.net/PXqqxM841a/main.min.js:5:15725)
    at JJ (https://client.px-cloud.net/PXqqxM841a/main.min.js:5:15342)
    at https://client.px-cloud.net/PXqqxM841a/main.min.js:5:17068
    at https://client.px-cloud.net/PXqqxM841a/main.min.js:5:17074
    at https://client.px-cloud.net/PXqqxM841a/main.min.js:5:17539 @ https://client.px-cloud.net/PXqqxM841a/main.min.js:1
[    4075ms] Uncaught TypeError: o is not iterable
    at shadowQuerySelectorAll (https://apps.bazaarvoice.com/bv.js:25:78149)
    at E (https://apps.bazaarvoice.com/bv.js:25:1638)
[    4079ms] Uncaught (in promise) TypeError: Cannot set properties of undefined (setting 'E')
    at <anonymous> (https://cdn.quantummetric.com/qscripts/quantum-academy.js:242:229)
[    4091ms] [ERROR] Failed to load resource: the server responded with a status of 403 () @ https://www.academy.com/qqxM841a/captcha/PXqqxM841a/captcha.js?a=c&u=f51a1790-4c18-11f1-bd8a-195654592d3a&v=f5048e05-4c18-11f1-b95b-ecc50bf4b0b0&m=0:0
[    4957ms] [LOG] 126737374 @ https://cdn.quantummetric.com/qscripts/quantum-academy.js:120
[   12421ms] [WARNING] [ATC Success Modal] Could not attach listener: Could not find ATC button. @ https://cdn.quantummetric.com/qscripts/quantum-academy.js:120
[   13248ms] [WARNING] The resource https://www.academy.com/static-assets/prod1east_component_registry_vol/assets/fonts/academy/academy.ttf?sz7yut was preloaded using link preload but not used within a few seconds from the window's load event. Please make sure it has an appropriate `as` value and it is preloaded intentionally. @ https://www.academy.com/p/glock-g48-mos-semi-auto-9mm-pistol:0
[   14770ms] [WARNING] [ATC Success Modal] Could not attach listener: Could not find ATC button. @ https://cdn.quantummetric.com/qscripts/quantum-academy.js:120
[   15541ms] [WARNING] [ATC Success Modal] Could not attach listener: Could not find ATC button. @ https://cdn.quantummetric.com/qscripts/quantum-academy.js:120
[   16828ms] [WARNING] The resource https://www.academy.com/static-assets/prod1east_component_registry_vol/assets/fonts/academy/academy.ttf?sz7yut was preloaded using link preload but not used within a few seconds from the window's load event. Please make sure it has an appropriate `as` value and it is preloaded intentionally. @ https://www.academy.com/p/glock-g48-mos-semi-auto-9mm-pistol:0
[   17575ms] [WARNING] [ATC Success Modal] Could not attach listener: Could not find ATC button. @ https://cdn.quantummetric.com/qscripts/quantum-academy.js:120
[   17582ms] [WARNING] [Recs] TIMEOUT: Data never loaded after 15 seconds. @ https://cdn.quantummetric.com/qscripts/quantum-academy.js:120
[   19845ms] [WARNING] [ATC Success Modal] Could not attach listener: Could not find ATC button. @ https://cdn.quantummetric.com/qscripts/quantum-academy.js:120
[   20255ms] [WARNING] The resource https://www.academy.com/static-assets/prod1east_component_registry_vol/assets/fonts/academy/academy.ttf?sz7yut was preloaded using link preload but not used within a few seconds from the window's load event. Please make sure it has an appropriate `as` value and it is preloaded intentionally. @ https://www.academy.com/p/glock-g48-mos-semi-auto-9mm-pistol:0
[   27321ms] [WARNING] The resource https://www.academy.com/static-assets/prod1east_component_registry_vol/assets/fonts/academy/academy.ttf?sz7yut was preloaded using link preload but not used within a few seconds from the window's load event. Please make sure it has an appropriate `as` value and it is preloaded intentionally. @ https://www.academy.com/p/glock-g48-mos-semi-auto-9mm-pistol:0
[   32528ms] [WARNING] [ATC Success Modal] Could not attach listener: Could not find ATC button. @ https://cdn.quantummetric.com/qscripts/quantum-academy.js:120
[   33697ms] [WARNING] [ATC Success Modal] Could not attach listener: Could not find ATC button. @ https://cdn.quantummetric.com/qscripts/quantum-academy.js:120
[   33946ms] Uncaught TypeError: o is not iterable
    at shadowQuerySelectorAll (https://apps.bazaarvoice.com/bv.js:25:78149)
    at E (https://apps.bazaarvoice.com/bv.js:25:1838)
[   34270ms] [LOG] reset Store UI executed @ https://cdn.quantummetric.com/qscripts/quantum-academy.js:120
[   34270ms] [LOG] resetStore UI @ https://cdn.quantummetric.com/qscripts/quantum-academy.js:120
[   34272ms] [LOG] reset Store UI executed @ https://cdn.quantummetric.com/qscripts/quantum-academy.js:120
[   34272ms] [LOG] resetStore UI @ https://cdn.quantummetric.com/qscripts/quantum-academy.js:120
[   34357ms] [LOG] reset Store UI executed @ https://cdn.quantummetric.com/qscripts/quantum-academy.js:120
[   34358ms] [LOG] resetStore UI @ https://cdn.quantummetric.com/qscripts/quantum-academy.js:120
[   34381ms] [LOG] In Store selected! - Nearby Store Available @ https://cdn.quantummetric.com/qscripts/quantum-academy.js:120
[   34381ms] [LOG] out of stock @ https://cdn.quantummetric.com/qscripts/quantum-academy.js:120
[   37811ms] [WARNING] The resource https://www.academy.com/static-assets/prod1east_component_registry_vol/assets/fonts/academy/academy.ttf?sz7yut was preloaded using link preload but not used within a few seconds from the window's load event. Please make sure it has an appropriate `as` value and it is preloaded intentionally. @ https://www.academy.com/p/glock-g48-mos-semi-auto-9mm-pistol:0
[   44449ms] [WARNING] [ATC Success Modal] Could not attach listener: Could not find ATC button. @ https://cdn.quantummetric.com/qscripts/quantum-academy.js:120
[   44885ms] [WARNING] [ATC Success Modal] Could not attach listener: Could not find ATC button. @ https://cdn.quantummetric.com/qscripts/quantum-academy.js:120
[   45094ms] [WARNING] The resource https://www.academy.com/static-assets/prod1east_component_registry_vol/assets/fonts/academy/academy.ttf?sz7yut was preloaded using link preload but not used within a few seconds from the window's load event. Please make sure it has an appropriate `as` value and it is preloaded intentionally. @ https://www.academy.com/p/glock-g48-mos-semi-auto-9mm-pistol:0
[   48285ms] [WARNING] The resource https://www.academy.com/static-assets/prod1east_component_registry_vol/assets/fonts/academy/academy.ttf?sz7yut was preloaded using link preload but not used within a few seconds from the window's load event. Please make sure it has an appropriate `as` value and it is preloaded intentionally. @ https://www.academy.com/p/glock-g48-mos-semi-auto-9mm-pistol:0
[   49299ms] Uncaught TypeError: Cannot read properties of null (reading 'textContent')
    at <anonymous> (https://tags.tiqcdn.com/utag/academysports/main/prod/utag.js:228:289)
[   50549ms] [WARNING] [ATC Success Modal] Could not attach listener: Could not find ATC button. @ https://cdn.quantummetric.com/qscripts/quantum-academy.js:120
[   52589ms] [WARNING] [ATC Success Modal] Could not attach listener: Could not find ATC button. @ https://cdn.quantummetric.com/qscripts/quantum-academy.js:120
[   60014ms] [WARNING] [ATC Success Modal] Could not attach listener: Could not find ATC button. @ https://cdn.quantummetric.com/qscripts/quantum-academy.js:120
[   62537ms] [WARNING] The resource https://www.academy.com/static-assets/prod1east_component_registry_vol/assets/fonts/academy/academy.ttf?sz7yut was preloaded using link preload but not used within a few seconds from the window's load event. Please make sure it has an appropriate `as` value and it is preloaded intentionally. @ https://www.academy.com/p/glock-g48-mos-semi-auto-9mm-pistol:0
[   65794ms] [WARNING] The resource https://www.academy.com/static-assets/prod1east_component_registry_vol/assets/fonts/academy/academy.ttf?sz7yut was preloaded using link preload but not used within a few seconds from the window's load event. Please make sure it has an appropriate `as` value and it is preloaded intentionally. @ https://www.academy.com/p/glock-g48-mos-semi-auto-9mm-pistol:0
[   66111ms] [WARNING] [ATC Success Modal] Could not attach listener: Could not find ATC button. @ https://cdn.quantummetric.com/qscripts/quantum-academy.js:120
[   68255ms] [WARNING] [ATC Success Modal] Could not attach listener: Could not find ATC button. @ https://cdn.quantummetric.com/qscripts/quantum-academy.js:120
[   69276ms] [WARNING] The resource https://www.academy.com/static-assets/prod1east_component_registry_vol/assets/fonts/academy/academy.ttf?sz7yut was preloaded using link preload but not used within a few seconds from the window's load event. Please make sure it has an appropriate `as` value and it is preloaded intentionally. @ https://www.academy.com/p/glock-g48-mos-semi-auto-9mm-pistol:0
[   70037ms] [WARNING] [ATC Success Modal] Could not attach listener: Could not find ATC button. @ https://cdn.quantummetric.com/qscripts/quantum-academy.js:120
[   72848ms] [WARNING] The resource https://www.academy.com/static-assets/prod1east_component_registry_vol/assets/fonts/academy/academy.ttf?sz7yut was preloaded using link preload but not used within a few seconds from the window's load event. Please make sure it has an appropriate `as` value and it is preloaded intentionally. @ https://www.academy.com/p/glock-g48-mos-semi-auto-9mm-pistol:0
[   76268ms] [WARNING] The resource https://www.academy.com/static-assets/prod1east_component_registry_vol/assets/fonts/academy/academy.ttf?sz7yut was preloaded using link preload but not used within a few seconds from the window's load event. Please make sure it has an appropriate `as` value and it is preloaded intentionally. @ https://www.academy.com/p/glock-g48-mos-semi-auto-9mm-pistol:0
[   79762ms] [WARNING] The resource https://www.academy.com/static-assets/prod1east_component_registry_vol/assets/fonts/academy/academy.ttf?sz7yut was preloaded using link preload but not used within a few seconds from the window's load event. Please make sure it has an appropriate `as` value and it is preloaded intentionally. @ https://www.academy.com/p/glock-g48-mos-semi-auto-9mm-pistol:0
[   83334ms] [WARNING] The resource https://www.academy.com/static-assets/prod1east_component_registry_vol/assets/fonts/academy/academy.ttf?sz7yut was preloaded using link preload but not used within a few seconds from the window's load event. Please make sure it has an appropriate `as` value and it is preloaded intentionally. @ https://www.academy.com/p/glock-g48-mos-semi-auto-9mm-pistol:0
[  107862ms] [WARNING] The resource https://www.academy.com/static-assets/prod1east_component_registry_vol/assets/fonts/academy/academy.ttf?sz7yut was preloaded using link preload but not used within a few seconds from the window's load event. Please make sure it has an appropriate `as` value and it is preloaded intentionally. @ https://www.academy.com/p/glock-g48-mos-semi-auto-9mm-pistol:0
[  111363ms] [WARNING] [ATC Success Modal] Could not attach listener: Could not find ATC button. @ https://cdn.quantummetric.com/qscripts/quantum-academy.js:120
[  112920ms] [WARNING] [ATC Success Modal] Could not attach listener: Could not find ATC button. @ https://cdn.quantummetric.com/qscripts/quantum-academy.js:120
[  114212ms] [WARNING] [ATC Success Modal] Could not attach listener: Could not find ATC button. @ https://cdn.quantummetric.com/qscripts/quantum-academy.js:120
[  114863ms] [WARNING] The resource https://www.academy.com/static-assets/prod1east_component_registry_vol/assets/fonts/academy/academy.ttf?sz7yut was preloaded using link preload but not used within a few seconds from the window's load event. Please make sure it has an appropriate `as` value and it is preloaded intentionally. @ https://www.academy.com/p/glock-g48-mos-semi-auto-9mm-pistol:0
[  115362ms] [WARNING] [ATC Success Modal] Could not attach listener: Could not find ATC button. @ https://cdn.quantummetric.com/qscripts/quantum-academy.js:120
[  119737ms] [WARNING] [ATC Success Modal] Could not attach listener: Could not find ATC button. @ https://cdn.quantummetric.com/qscripts/quantum-academy.js:120
[  121419ms] [WARNING] [ATC Success Modal] Could not attach listener: Could not find ATC button. @ https://cdn.quantummetric.com/qscripts/quantum-academy.js:120
[  121879ms] [WARNING] The resource https://www.academy.com/static-assets/prod1east_component_registry_vol/assets/fonts/academy/academy.ttf?sz7yut was preloaded using link preload but not used within a few seconds from the window's load event. Please make sure it has an appropriate `as` value and it is preloaded intentionally. @ https://www.academy.com/p/glock-g48-mos-semi-auto-9mm-pistol:0
[  126877ms] [WARNING] [ATC Success Modal] Could not attach listener: Could not find ATC button. @ https://cdn.quantummetric.com/qscripts/quantum-academy.js:120
[  153354ms] [WARNING] The resource https://www.academy.com/static-assets/prod1east_component_registry_vol/assets/fonts/academy/academy.ttf?sz7yut was preloaded using link preload but not used within a few seconds from the window's load event. Please make sure it has an appropriate `as` value and it is preloaded intentionally. @ https://www.academy.com/p/glock-g48-mos-semi-auto-9mm-pistol:0
[  184861ms] [WARNING] The resource https://www.academy.com/static-assets/prod1east_component_registry_vol/assets/fonts/academy/academy.ttf?sz7yut was preloaded using link preload but not used within a few seconds from the window's load event. Please make sure it has an appropriate `as` value and it is preloaded intentionally. @ https://www.academy.com/p/glock-g48-mos-semi-auto-9mm-pistol:0
[  216354ms] [WARNING] The resource https://www.academy.com/static-assets/prod1east_component_registry_vol/assets/fonts/academy/academy.ttf?sz7yut was preloaded using link preload but not used within a few seconds from the window's load event. Please make sure it has an appropriate `as` value and it is preloaded intentionally. @ https://www.academy.com/p/glock-g48-mos-semi-auto-9mm-pistol:0
[  247967ms] [WARNING] The resource https://www.academy.com/static-assets/prod1east_component_registry_vol/assets/fonts/academy/academy.ttf?sz7yut was preloaded using link preload but not used within a few seconds from the window's load event. Please make sure it has an appropriate `as` value and it is preloaded intentionally. @ https://www.academy.com/p/glock-g48-mos-semi-auto-9mm-pistol:0
[  279516ms] [WARNING] The resource https://www.academy.com/static-assets/prod1east_component_registry_vol/assets/fonts/academy/academy.ttf?sz7yut was preloaded using link preload but not used within a few seconds from the window's load event. Please make sure it has an appropriate `as` value and it is preloaded intentionally. @ https://www.academy.com/p/glock-g48-mos-semi-auto-9mm-pistol:0
[  310963ms] [WARNING] The resource https://www.academy.com/static-assets/prod1east_component_registry_vol/assets/fonts/academy/academy.ttf?sz7yut was preloaded using link preload but not used within a few seconds from the window's load event. Please make sure it has an appropriate `as` value and it is preloaded intentionally. @ https://www.academy.com/p/glock-g48-mos-semi-auto-9mm-pistol:0
[  342506ms] [WARNING] The resource https://www.academy.com/static-assets/prod1east_component_registry_vol/assets/fonts/academy/academy.ttf?sz7yut was preloaded using link preload but not used within a few seconds from the window's load event. Please make sure it has an appropriate `as` value and it is preloaded intentionally. @ https://www.academy.com/p/glock-g48-mos-semi-auto-9mm-pistol:0
[  374017ms] [WARNING] The resource https://www.academy.com/static-assets/prod1east_component_registry_vol/assets/fonts/academy/academy.ttf?sz7yut was preloaded using link preload but not used within a few seconds from the window's load event. Please make sure it has an appropriate `as` value and it is preloaded intentionally. @ https://www.academy.com/p/glock-g48-mos-semi-auto-9mm-pistol:0
[  405503ms] [WARNING] The resource https://www.academy.com/static-assets/prod1east_component_registry_vol/assets/fonts/academy/academy.ttf?sz7yut was preloaded using link preload but not used within a few seconds from the window's load event. Please make sure it has an appropriate `as` value and it is preloaded intentionally. @ https://www.academy.com/p/glock-g48-mos-semi-auto-9mm-pistol:0
[  437030ms] [WARNING] The resource https://www.academy.com/static-assets/prod1east_component_registry_vol/assets/fonts/academy/academy.ttf?sz7yut was preloaded using link preload but not used within a few seconds from the window's load event. Please make sure it has an appropriate `as` value and it is preloaded intentionally. @ https://www.academy.com/p/glock-g48-mos-semi-auto-9mm-pistol:0
[  468538ms] [WARNING] The resource https://www.academy.com/static-assets/prod1east_component_registry_vol/assets/fonts/academy/academy.ttf?sz7yut was preloaded using link preload but not used within a few seconds from the window's load event. Please make sure it has an appropriate `as` value and it is preloaded intentionally. @ https://www.academy.com/p/glock-g48-mos-semi-auto-9mm-pistol:0
[  486672ms] [WARNING] The resource https://www.academy.com/static-assets/prod1east_component_registry_vol/assets/fonts/academy/academy.ttf?sz7yut was preloaded using link preload but not used within a few seconds from the window's load event. Please make sure it has an appropriate `as` value and it is preloaded intentionally. @ https://www.academy.com/p/glock-g48-mos-semi-auto-9mm-pistol:0
[  500153ms] [WARNING] The resource https://www.academy.com/static-assets/prod1east_component_registry_vol/assets/fonts/academy/academy.ttf?sz7yut was preloaded using link preload but not used within a few seconds from the window's load event. Please make sure it has an appropriate `as` value and it is preloaded intentionally. @ https://www.academy.com/p/glock-g48-mos-semi-auto-9mm-pistol:0
[  531724ms] [WARNING] The resource https://www.academy.com/static-assets/prod1east_component_registry_vol/assets/fonts/academy/academy.ttf?sz7yut was preloaded using link preload but not used within a few seconds from the window's load event. Please make sure it has an appropriate `as` value and it is preloaded intentionally. @ https://www.academy.com/p/glock-g48-mos-semi-auto-9mm-pistol:0
[  563162ms] [WARNING] The resource https://www.academy.com/static-assets/prod1east_component_registry_vol/assets/fonts/academy/academy.ttf?sz7yut was preloaded using link preload but not used within a few seconds from the window's load event. Please make sure it has an appropriate `as` value and it is preloaded intentionally. @ https://www.academy.com/p/glock-g48-mos-semi-auto-9mm-pistol:0
[  594710ms] [WARNING] The resource https://www.academy.com/static-assets/prod1east_component_registry_vol/assets/fonts/academy/academy.ttf?sz7yut was preloaded using link preload but not used within a few seconds from the window's load event. Please make sure it has an appropriate `as` value and it is preloaded intentionally. @ https://www.academy.com/p/glock-g48-mos-semi-auto-9mm-pistol:0
[  606729ms] [WARNING] The resource https://www.academy.com/static-assets/prod1east_component_registry_vol/assets/fonts/academy/academy.ttf?sz7yut was preloaded using link preload but not used within a few seconds from the window's load event. Please make sure it has an appropriate `as` value and it is preloaded intentionally. @ https://www.academy.com/p/glock-g48-mos-semi-auto-9mm-pistol:0
[  626207ms] [WARNING] The resource https://www.academy.com/static-assets/prod1east_component_registry_vol/assets/fonts/academy/academy.ttf?sz7yut was preloaded using link preload but not used within a few seconds from the window's load event. Please make sure it has an appropriate `as` value and it is preloaded intentionally. @ https://www.academy.com/p/glock-g48-mos-semi-auto-9mm-pistol:0
[  657747ms] [WARNING] The resource https://www.academy.com/static-assets/prod1east_component_registry_vol/assets/fonts/academy/academy.ttf?sz7yut was preloaded using link preload but not used within a few seconds from the window's load event. Please make sure it has an appropriate `as` value and it is preloaded intentionally. @ https://www.academy.com/p/glock-g48-mos-semi-auto-9mm-pistol:0
[  689551ms] [WARNING] The resource https://www.academy.com/static-assets/prod1east_component_registry_vol/assets/fonts/academy/academy.ttf?sz7yut was preloaded using link preload but not used within a few seconds from the window's load event. Please make sure it has an appropriate `as` value and it is preloaded intentionally. @ https://www.academy.com/p/glock-g48-mos-semi-auto-9mm-pistol:0
[  721011ms] [WARNING] The resource https://www.academy.com/static-assets/prod1east_component_registry_vol/assets/fonts/academy/academy.ttf?sz7yut was preloaded using link preload but not used within a few seconds from the window's load event. Please make sure it has an appropriate `as` value and it is preloaded intentionally. @ https://www.academy.com/p/glock-g48-mos-semi-auto-9mm-pistol:0
[  727004ms] [WARNING] The resource https://www.academy.com/static-assets/prod1east_component_registry_vol/assets/fonts/academy/academy.ttf?sz7yut was preloaded using link preload but not used within a few seconds from the window's load event. Please make sure it has an appropriate `as` value and it is preloaded intentionally. @ https://www.academy.com/p/glock-g48-mos-semi-auto-9mm-pistol:0
[  752495ms] [WARNING] The resource https://www.academy.com/static-assets/prod1east_component_registry_vol/assets/fonts/academy/academy.ttf?sz7yut was preloaded using link preload but not used within a few seconds from the window's load event. Please make sure it has an appropriate `as` value and it is preloaded intentionally. @ https://www.academy.com/p/glock-g48-mos-semi-auto-9mm-pistol:0
[  784041ms] [WARNING] The resource https://www.academy.com/static-assets/prod1east_component_registry_vol/assets/fonts/academy/academy.ttf?sz7yut was preloaded using link preload but not used within a few seconds from the window's load event. Please make sure it has an appropriate `as` value and it is preloaded intentionally. @ https://www.academy.com/p/glock-g48-mos-semi-auto-9mm-pistol:0
[  815557ms] [WARNING] The resource https://www.academy.com/static-assets/prod1east_component_registry_vol/assets/fonts/academy/academy.ttf?sz7yut was preloaded using link preload but not used within a few seconds from the window's load event. Please make sure it has an appropriate `as` value and it is preloaded intentionally. @ https://www.academy.com/p/glock-g48-mos-semi-auto-9mm-pistol:0
[  847108ms] [WARNING] The resource https://www.academy.com/static-assets/prod1east_component_registry_vol/assets/fonts/academy/academy.ttf?sz7yut was preloaded using link preload but not used within a few seconds from the window's load event. Please make sure it has an appropriate `as` value and it is preloaded intentionally. @ https://www.academy.com/p/glock-g48-mos-semi-auto-9mm-pistol:0
[  878611ms] [WARNING] The resource https://www.academy.com/static-assets/prod1east_component_registry_vol/assets/fonts/academy/academy.ttf?sz7yut was preloaded using link preload but not used within a few seconds from the window's load event. Please make sure it has an appropriate `as` value and it is preloaded intentionally. @ https://www.academy.com/p/glock-g48-mos-semi-auto-9mm-pistol:0
[  910216ms] [WARNING] The resource https://www.academy.com/static-assets/prod1east_component_registry_vol/assets/fonts/academy/academy.ttf?sz7yut was preloaded using link preload but not used within a few seconds from the window's load event. Please make sure it has an appropriate `as` value and it is preloaded intentionally. @ https://www.academy.com/p/glock-g48-mos-semi-auto-9mm-pistol:0
[  941668ms] [WARNING] The resource https://www.academy.com/static-assets/prod1east_component_registry_vol/assets/fonts/academy/academy.ttf?sz7yut was preloaded using link preload but not used within a few seconds from the window's load event. Please make sure it has an appropriate `as` value and it is preloaded intentionally. @ https://www.academy.com/p/glock-g48-mos-semi-auto-9mm-pistol:0
[  967199ms] [WARNING] The resource https://www.academy.com/static-assets/prod1east_component_registry_vol/assets/fonts/academy/academy.ttf?sz7yut was preloaded using link preload but not used within a few seconds from the window's load event. Please make sure it has an appropriate `as` value and it is preloaded intentionally. @ https://www.academy.com/p/glock-g48-mos-semi-auto-9mm-pistol:0
[  973238ms] [WARNING] The resource https://www.academy.com/static-assets/prod1east_component_registry_vol/assets/fonts/academy/academy.ttf?sz7yut was preloaded using link preload but not used within a few seconds from the window's load event. Please make sure it has an appropriate `as` value and it is preloaded intentionally. @ https://www.academy.com/p/glock-g48-mos-semi-auto-9mm-pistol:0
[ 1004664ms] [WARNING] The resource https://www.academy.com/static-assets/prod1east_component_registry_vol/assets/fonts/academy/academy.ttf?sz7yut was preloaded using link preload but not used within a few seconds from the window's load event. Please make sure it has an appropriate `as` value and it is preloaded intentionally. @ https://www.academy.com/p/glock-g48-mos-semi-auto-9mm-pistol:0
[ 1036195ms] [WARNING] The resource https://www.academy.com/static-assets/prod1east_component_registry_vol/assets/fonts/academy/academy.ttf?sz7yut was preloaded using link preload but not used within a few seconds from the window's load event. Please make sure it has an appropriate `as` value and it is preloaded intentionally. @ https://www.academy.com/p/glock-g48-mos-semi-auto-9mm-pistol:0
[ 1067720ms] [WARNING] The resource https://www.academy.com/static-assets/prod1east_component_registry_vol/assets/fonts/academy/academy.ttf?sz7yut was preloaded using link preload but not used within a few seconds from the window's load event. Please make sure it has an appropriate `as` value and it is preloaded intentionally. @ https://www.academy.com/p/glock-g48-mos-semi-auto-9mm-pistol:0
[ 1099240ms] [WARNING] The resource https://www.academy.com/static-assets/prod1east_component_registry_vol/assets/fonts/academy/academy.ttf?sz7yut was preloaded using link preload but not used within a few seconds from the window's load event. Please make sure it has an appropriate `as` value and it is preloaded intentionally. @ https://www.academy.com/p/glock-g48-mos-semi-auto-9mm-pistol:0
[ 1130759ms] [WARNING] The resource https://www.academy.com/static-assets/prod1east_component_registry_vol/assets/fonts/academy/academy.ttf?sz7yut was preloaded using link preload but not used within a few seconds from the window's load event. Please make sure it has an appropriate `as` value and it is preloaded intentionally. @ https://www.academy.com/p/glock-g48-mos-semi-auto-9mm-pistol:0
[ 1162269ms] [WARNING] The resource https://www.academy.com/static-assets/prod1east_component_registry_vol/assets/fonts/academy/academy.ttf?sz7yut was preloaded using link preload but not used within a few seconds from the window's load event. Please make sure it has an appropriate `as` value and it is preloaded intentionally. @ https://www.academy.com/p/glock-g48-mos-semi-auto-9mm-pistol:0
[ 1193863ms] [WARNING] The resource https://www.academy.com/static-assets/prod1east_component_registry_vol/assets/fonts/academy/academy.ttf?sz7yut was preloaded using link preload but not used within a few seconds from the window's load event. Please make sure it has an appropriate `as` value and it is preloaded intentionally. @ https://www.academy.com/p/glock-g48-mos-semi-auto-9mm-pistol:0
[ 1207384ms] [WARNING] The resource https://www.academy.com/static-assets/prod1east_component_registry_vol/assets/fonts/academy/academy.ttf?sz7yut was preloaded using link preload but not used within a few seconds from the window's load event. Please make sure it has an appropriate `as` value and it is preloaded intentionally. @ https://www.academy.com/p/glock-g48-mos-semi-auto-9mm-pistol:0
[ 1225315ms] [WARNING] The resource https://www.academy.com/static-assets/prod1east_component_registry_vol/assets/fonts/academy/academy.ttf?sz7yut was preloaded using link preload but not used within a few seconds from the window's load event. Please make sure it has an appropriate `as` value and it is preloaded intentionally. @ https://www.academy.com/p/glock-g48-mos-semi-auto-9mm-pistol:0
[ 1256852ms] [WARNING] The resource https://www.academy.com/static-assets/prod1east_component_registry_vol/assets/fonts/academy/academy.ttf?sz7yut was preloaded using link preload but not used within a few seconds from the window's load event. Please make sure it has an appropriate `as` value and it is preloaded intentionally. @ https://www.academy.com/p/glock-g48-mos-semi-auto-9mm-pistol:0
[ 1288344ms] [WARNING] The resource https://www.academy.com/static-assets/prod1east_component_registry_vol/assets/fonts/academy/academy.ttf?sz7yut was preloaded using link preload but not used within a few seconds from the window's load event. Please make sure it has an appropriate `as` value and it is preloaded intentionally. @ https://www.academy.com/p/glock-g48-mos-semi-auto-9mm-pistol:0
[ 1319851ms] [WARNING] The resource https://www.academy.com/static-assets/prod1east_component_registry_vol/assets/fonts/academy/academy.ttf?sz7yut was preloaded using link preload but not used within a few seconds from the window's load event. Please make sure it has an appropriate `as` value and it is preloaded intentionally. @ https://www.academy.com/p/glock-g48-mos-semi-auto-9mm-pistol:0
[ 1351379ms] [WARNING] The resource https://www.academy.com/static-assets/prod1east_component_registry_vol/assets/fonts/academy/academy.ttf?sz7yut was preloaded using link preload but not used within a few seconds from the window's load event. Please make sure it has an appropriate `as` value and it is preloaded intentionally. @ https://www.academy.com/p/glock-g48-mos-semi-auto-9mm-pistol:0
[ 1382901ms] [WARNING] The resource https://www.academy.com/static-assets/prod1east_component_registry_vol/assets/fonts/academy/academy.ttf?sz7yut was preloaded using link preload but not used within a few seconds from the window's load event. Please make sure it has an appropriate `as` value and it is preloaded intentionally. @ https://www.academy.com/p/glock-g48-mos-semi-auto-9mm-pistol:0
[ 1414433ms] [WARNING] The resource https://www.academy.com/static-assets/prod1east_component_registry_vol/assets/fonts/academy/academy.ttf?sz7yut was preloaded using link preload but not used within a few seconds from the window's load event. Please make sure it has an appropriate `as` value and it is preloaded intentionally. @ https://www.academy.com/p/glock-g48-mos-semi-auto-9mm-pistol:0
[ 1445954ms] [WARNING] The resource https://www.academy.com/static-assets/prod1east_component_registry_vol/assets/fonts/academy/academy.ttf?sz7yut was preloaded using link preload but not used within a few seconds from the window's load event. Please make sure it has an appropriate `as` value and it is preloaded intentionally. @ https://www.academy.com/p/glock-g48-mos-semi-auto-9mm-pistol:0
[ 1477503ms] [WARNING] The resource https://www.academy.com/static-assets/prod1east_component_registry_vol/assets/fonts/academy/academy.ttf?sz7yut was preloaded using link preload but not used within a few seconds from the window's load event. Please make sure it has an appropriate `as` value and it is preloaded intentionally. @ https://www.academy.com/p/glock-g48-mos-semi-auto-9mm-pistol:0
[ 1509055ms] [WARNING] The resource https://www.academy.com/static-assets/prod1east_component_registry_vol/assets/fonts/academy/academy.ttf?sz7yut was preloaded using link preload but not used within a few seconds from the window's load event. Please make sure it has an appropriate `as` value and it is preloaded intentionally. @ https://www.academy.com/p/glock-g48-mos-semi-auto-9mm-pistol:0
[ 1540533ms] [WARNING] The resource https://www.academy.com/static-assets/prod1east_component_registry_vol/assets/fonts/academy/academy.ttf?sz7yut was preloaded using link preload but not used within a few seconds from the window's load event. Please make sure it has an appropriate `as` value and it is preloaded intentionally. @ https://www.academy.com/p/glock-g48-mos-semi-auto-9mm-pistol:0
[ 1572017ms] [WARNING] The resource https://www.academy.com/static-assets/prod1east_component_registry_vol/assets/fonts/academy/academy.ttf?sz7yut was preloaded using link preload but not used within a few seconds from the window's load event. Please make sure it has an appropriate `as` value and it is preloaded intentionally. @ https://www.academy.com/p/glock-g48-mos-semi-auto-9mm-pistol:0
[ 1603601ms] [WARNING] The resource https://www.academy.com/static-assets/prod1east_component_registry_vol/assets/fonts/academy/academy.ttf?sz7yut was preloaded using link preload but not used within a few seconds from the window's load event. Please make sure it has an appropriate `as` value and it is preloaded intentionally. @ https://www.academy.com/p/glock-g48-mos-semi-auto-9mm-pistol:0
[ 1635113ms] [WARNING] The resource https://www.academy.com/static-assets/prod1east_component_registry_vol/assets/fonts/academy/academy.ttf?sz7yut was preloaded using link preload but not used within a few seconds from the window's load event. Please make sure it has an appropriate `as` value and it is preloaded intentionally. @ https://www.academy.com/p/glock-g48-mos-semi-auto-9mm-pistol:0
[ 1666661ms] [WARNING] The resource https://www.academy.com/static-assets/prod1east_component_registry_vol/assets/fonts/academy/academy.ttf?sz7yut was preloaded using link preload but not used within a few seconds from the window's load event. Please make sure it has an appropriate `as` value and it is preloaded intentionally. @ https://www.academy.com/p/glock-g48-mos-semi-auto-9mm-pistol:0
[ 1699519ms] [WARNING] The resource https://www.academy.com/static-assets/prod1east_component_registry_vol/assets/fonts/academy/academy.ttf?sz7yut was preloaded using link preload but not used within a few seconds from the window's load event. Please make sure it has an appropriate `as` value and it is preloaded intentionally. @ https://www.academy.com/p/glock-g48-mos-semi-auto-9mm-pistol:0
[ 1731008ms] [WARNING] The resource https://www.academy.com/static-assets/prod1east_component_registry_vol/assets/fonts/academy/academy.ttf?sz7yut was preloaded using link preload but not used within a few seconds from the window's load event. Please make sure it has an appropriate `as` value and it is preloaded intentionally. @ https://www.academy.com/p/glock-g48-mos-semi-auto-9mm-pistol:0
[ 1762534ms] [WARNING] The resource https://www.academy.com/static-assets/prod1east_component_registry_vol/assets/fonts/academy/academy.ttf?sz7yut was preloaded using link preload but not used within a few seconds from the window's load event. Please make sure it has an appropriate `as` value and it is preloaded intentionally. @ https://www.academy.com/p/glock-g48-mos-semi-auto-9mm-pistol:0
[ 1794077ms] [WARNING] The resource https://www.academy.com/static-assets/prod1east_component_registry_vol/assets/fonts/academy/academy.ttf?sz7yut was preloaded using link preload but not used within a few seconds from the window's load event. Please make sure it has an appropriate `as` value and it is preloaded intentionally. @ https://www.academy.com/p/glock-g48-mos-semi-auto-9mm-pistol:0
[ 1806772ms] [WARNING] The resource https://www.academy.com/static-assets/prod1east_component_registry_vol/assets/fonts/academy/academy.ttf?sz7yut was preloaded using link preload but not used within a few seconds from the window's load event. Please make sure it has an appropriate `as` value and it is preloaded intentionally. @ https://www.academy.com/p/glock-g48-mos-semi-auto-9mm-pistol:0
[ 1825643ms] [WARNING] The resource https://www.academy.com/static-assets/prod1east_component_registry_vol/assets/fonts/academy/academy.ttf?sz7yut was preloaded using link preload but not used within a few seconds from the window's load event. Please make sure it has an appropriate `as` value and it is preloaded intentionally. @ https://www.academy.com/p/glock-g48-mos-semi-auto-9mm-pistol:0
[ 1857203ms] [WARNING] The resource https://www.academy.com/static-assets/prod1east_component_registry_vol/assets/fonts/academy/academy.ttf?sz7yut was preloaded using link preload but not used within a few seconds from the window's load event. Please make sure it has an appropriate `as` value and it is preloaded intentionally. @ https://www.academy.com/p/glock-g48-mos-semi-auto-9mm-pistol:0
[ 1888644ms] [WARNING] The resource https://www.academy.com/static-assets/prod1east_component_registry_vol/assets/fonts/academy/academy.ttf?sz7yut was preloaded using link preload but not used within a few seconds from the window's load event. Please make sure it has an appropriate `as` value and it is preloaded intentionally. @ https://www.academy.com/p/glock-g48-mos-semi-auto-9mm-pistol:0
[ 1920341ms] [WARNING] The resource https://www.academy.com/static-assets/prod1east_component_registry_vol/assets/fonts/academy/academy.ttf?sz7yut was preloaded using link preload but not used within a few seconds from the window's load event. Please make sure it has an appropriate `as` value and it is preloaded intentionally. @ https://www.academy.com/p/glock-g48-mos-semi-auto-9mm-pistol:0
[ 2406702ms] [WARNING] The resource https://www.academy.com/static-assets/prod1east_component_registry_vol/assets/fonts/academy/academy.ttf?sz7yut was preloaded using link preload but not used within a few seconds from the window's load event. Please make sure it has an appropriate `as` value and it is preloaded intentionally. @ https://www.academy.com/p/glock-g48-mos-semi-auto-9mm-pistol:0
[ 3006708ms] [WARNING] The resource https://www.academy.com/static-assets/prod1east_component_registry_vol/assets/fonts/academy/academy.ttf?sz7yut was preloaded using link preload but not used within a few seconds from the window's load event. Please make sure it has an appropriate `as` value and it is preloaded intentionally. @ https://www.academy.com/p/glock-g48-mos-semi-auto-9mm-pistol:0
[ 3606803ms] [WARNING] The resource https://www.academy.com/static-assets/prod1east_component_registry_vol/assets/fonts/academy/academy.ttf?sz7yut was preloaded using link preload but not used within a few seconds from the window's load event. Please make sure it has an appropriate `as` value and it is preloaded intentionally. @ https://www.academy.com/p/glock-g48-mos-semi-auto-9mm-pistol:0
[ 4206838ms] [WARNING] The resource https://www.academy.com/static-assets/prod1east_component_registry_vol/assets/fonts/academy/academy.ttf?sz7yut was preloaded using link preload but not used within a few seconds from the window's load event. Please make sure it has an appropriate `as` value and it is preloaded intentionally. @ https://www.academy.com/p/glock-g48-mos-semi-auto-9mm-pistol:0
[ 4806848ms] [WARNING] The resource https://www.academy.com/static-assets/prod1east_component_registry_vol/assets/fonts/academy/academy.ttf?sz7yut was preloaded using link preload but not used within a few seconds from the window's load event. Please make sure it has an appropriate `as` value and it is preloaded intentionally. @ https://www.academy.com/p/glock-g48-mos-semi-auto-9mm-pistol:0
[ 5406763ms] [WARNING] The resource https://www.academy.com/static-assets/prod1east_component_registry_vol/assets/fonts/academy/academy.ttf?sz7yut was preloaded using link preload but not used within a few seconds from the window's load event. Please make sure it has an appropriate `as` value and it is preloaded intentionally. @ https://www.academy.com/p/glock-g48-mos-semi-auto-9mm-pistol:0
[ 6006846ms] [WARNING] The resource https://www.academy.com/static-assets/prod1east_component_registry_vol/assets/fonts/academy/academy.ttf?sz7yut was preloaded using link preload but not used within a few seconds from the window's load event. Please make sure it has an appropriate `as` value and it is preloaded intentionally. @ https://www.academy.com/p/glock-g48-mos-semi-auto-9mm-pistol:0
[ 6606780ms] [WARNING] The resource https://www.academy.com/static-assets/prod1east_component_registry_vol/assets/fonts/academy/academy.ttf?sz7yut was preloaded using link preload but not used within a few seconds from the window's load event. Please make sure it has an appropriate `as` value and it is preloaded intentionally. @ https://www.academy.com/p/glock-g48-mos-semi-auto-9mm-pistol:0
[ 7206739ms] [WARNING] The resource https://www.academy.com/static-assets/prod1east_component_registry_vol/assets/fonts/academy/academy.ttf?sz7yut was preloaded using link preload but not used within a few seconds from the window's load event. Please make sure it has an appropriate `as` value and it is preloaded intentionally. @ https://www.academy.com/p/glock-g48-mos-semi-auto-9mm-pistol:0
[ 7806851ms] [WARNING] The resource https://www.academy.com/static-assets/prod1east_component_registry_vol/assets/fonts/academy/academy.ttf?sz7yut was preloaded using link preload but not used within a few seconds from the window's load event. Please make sure it has an appropriate `as` value and it is preloaded intentionally. @ https://www.academy.com/p/glock-g48-mos-semi-auto-9mm-pistol:0
[ 8406743ms] [WARNING] The resource https://www.academy.com/static-assets/prod1east_component_registry_vol/assets/fonts/academy/academy.ttf?sz7yut was preloaded using link preload but not used within a few seconds from the window's load event. Please make sure it has an appropriate `as` value and it is preloaded intentionally. @ https://www.academy.com/p/glock-g48-mos-semi-auto-9mm-pistol:0
[ 9824087ms] [WARNING] The resource https://www.academy.com/static-assets/prod1east_component_registry_vol/assets/fonts/academy/academy.ttf?sz7yut was preloaded using link preload but not used within a few seconds from the window's load event. Please make sure it has an appropriate `as` value and it is preloaded intentionally. @ https://www.academy.com/p/glock-g48-mos-semi-auto-9mm-pistol:0
[14261315ms] [WARNING] The resource https://www.academy.com/static-assets/prod1east_component_registry_vol/assets/fonts/academy/academy.ttf?sz7yut was preloaded using link preload but not used within a few seconds from the window's load event. Please make sure it has an appropriate `as` value and it is preloaded intentionally. @ https://www.academy.com/p/glock-g48-mos-semi-auto-9mm-pistol:0
[16227392ms] [WARNING] The resource https://www.academy.com/static-assets/prod1east_component_registry_vol/assets/fonts/academy/academy.ttf?sz7yut was preloaded using link preload but not used within a few seconds from the window's load event. Please make sure it has an appropriate `as` value and it is preloaded intentionally. @ https://www.academy.com/p/glock-g48-mos-semi-auto-9mm-pistol:0
[16827407ms] [WARNING] The resource https://www.academy.com/static-assets/prod1east_component_registry_vol/assets/fonts/academy/academy.ttf?sz7yut was preloaded using link preload but not used within a few seconds from the window's load event. Please make sure it has an appropriate `as` value and it is preloaded intentionally. @ https://www.academy.com/p/glock-g48-mos-semi-auto-9mm-pistol:0
[16902439ms] [WARNING] The resource https://www.academy.com/static-assets/prod1east_component_registry_vol/assets/fonts/academy/academy.ttf?sz7yut was preloaded using link preload but not used within a few seconds from the window's load event. Please make sure it has an appropriate `as` value and it is preloaded intentionally. @ https://www.academy.com/p/glock-g48-mos-semi-auto-9mm-pistol:0
[16905849ms] [WARNING] The resource https://www.academy.com/static-assets/prod1east_component_registry_vol/assets/fonts/academy/academy.ttf?sz7yut was preloaded using link preload but not used within a few seconds from the window's load event. Please make sure it has an appropriate `as` value and it is preloaded intentionally. @ https://www.academy.com/p/glock-g48-mos-semi-auto-9mm-pistol:0
[16952605ms] [WARNING] The resource https://www.academy.com/static-assets/prod1east_component_registry_vol/assets/fonts/academy/academy.ttf?sz7yut was preloaded using link preload but not used within a few seconds from the window's load event. Please make sure it has an appropriate `as` value and it is preloaded intentionally. @ https://www.academy.com/p/glock-g48-mos-semi-auto-9mm-pistol:0
[16956773ms] [WARNING] The resource https://www.academy.com/static-assets/prod1east_component_registry_vol/assets/fonts/academy/academy.ttf?sz7yut was preloaded using link preload but not used within a few seconds from the window's load event. Please make sure it has an appropriate `as` value and it is preloaded intentionally. @ https://www.academy.com/p/glock-g48-mos-semi-auto-9mm-pistol:0
[16987687ms] [WARNING] The resource https://www.academy.com/static-assets/prod1east_component_registry_vol/assets/fonts/academy/academy.ttf?sz7yut was preloaded using link preload but not used within a few seconds from the window's load event. Please make sure it has an appropriate `as` value and it is preloaded intentionally. @ https://www.academy.com/p/glock-g48-mos-semi-auto-9mm-pistol:0
[17019129ms] [WARNING] The resource https://www.academy.com/static-assets/prod1east_component_registry_vol/assets/fonts/academy/academy.ttf?sz7yut was preloaded using link preload but not used within a few seconds from the window's load event. Please make sure it has an appropriate `as` value and it is preloaded intentionally. @ https://www.academy.com/p/glock-g48-mos-semi-auto-9mm-pistol:0
[17050807ms] [WARNING] The resource https://www.academy.com/static-assets/prod1east_component_registry_vol/assets/fonts/academy/academy.ttf?sz7yut was preloaded using link preload but not used within a few seconds from the window's load event. Please make sure it has an appropriate `as` value and it is preloaded intentionally. @ https://www.academy.com/p/glock-g48-mos-semi-auto-9mm-pistol:0
[17082311ms] [WARNING] The resource https://www.academy.com/static-assets/prod1east_component_registry_vol/assets/fonts/academy/academy.ttf?sz7yut was preloaded using link preload but not used within a few seconds from the window's load event. Please make sure it has an appropriate `as` value and it is preloaded intentionally. @ https://www.academy.com/p/glock-g48-mos-semi-auto-9mm-pistol:0
[17114203ms] [WARNING] The resource https://www.academy.com/static-assets/prod1east_component_registry_vol/assets/fonts/academy/academy.ttf?sz7yut was preloaded using link preload but not used within a few seconds from the window's load event. Please make sure it has an appropriate `as` value and it is preloaded intentionally. @ https://www.academy.com/p/glock-g48-mos-semi-auto-9mm-pistol:0
[17145898ms] [WARNING] The resource https://www.academy.com/static-assets/prod1east_component_registry_vol/assets/fonts/academy/academy.ttf?sz7yut was preloaded using link preload but not used within a few seconds from the window's load event. Please make sure it has an appropriate `as` value and it is preloaded intentionally. @ https://www.academy.com/p/glock-g48-mos-semi-auto-9mm-pistol:0
[17177455ms] [WARNING] The resource https://www.academy.com/static-assets/prod1east_component_registry_vol/assets/fonts/academy/academy.ttf?sz7yut was preloaded using link preload but not used within a few seconds from the window's load event. Please make sure it has an appropriate `as` value and it is preloaded intentionally. @ https://www.academy.com/p/glock-g48-mos-semi-auto-9mm-pistol:0
[17208951ms] [WARNING] The resource https://www.academy.com/static-assets/prod1east_component_registry_vol/assets/fonts/academy/academy.ttf?sz7yut was preloaded using link preload but not used within a few seconds from the window's load event. Please make sure it has an appropriate `as` value and it is preloaded intentionally. @ https://www.academy.com/p/glock-g48-mos-semi-auto-9mm-pistol:0
[17240486ms] [WARNING] The resource https://www.academy.com/static-assets/prod1east_component_registry_vol/assets/fonts/academy/academy.ttf?sz7yut was preloaded using link preload but not used within a few seconds from the window's load event. Please make sure it has an appropriate `as` value and it is preloaded intentionally. @ https://www.academy.com/p/glock-g48-mos-semi-auto-9mm-pistol:0
[17272001ms] [WARNING] The resource https://www.academy.com/static-assets/prod1east_component_registry_vol/assets/fonts/academy/academy.ttf?sz7yut was preloaded using link preload but not used within a few seconds from the window's load event. Please make sure it has an appropriate `as` value and it is preloaded intentionally. @ https://www.academy.com/p/glock-g48-mos-semi-auto-9mm-pistol:0
[17303634ms] [WARNING] The resource https://www.academy.com/static-assets/prod1east_component_registry_vol/assets/fonts/academy/academy.ttf?sz7yut was preloaded using link preload but not used within a few seconds from the window's load event. Please make sure it has an appropriate `as` value and it is preloaded intentionally. @ https://www.academy.com/p/glock-g48-mos-semi-auto-9mm-pistol:0
[17335130ms] [WARNING] The resource https://www.academy.com/static-assets/prod1east_component_registry_vol/assets/fonts/academy/academy.ttf?sz7yut was preloaded using link preload but not used within a few seconds from the window's load event. Please make sure it has an appropriate `as` value and it is preloaded intentionally. @ https://www.academy.com/p/glock-g48-mos-semi-auto-9mm-pistol:0
[17366744ms] [WARNING] The resource https://www.academy.com/static-assets/prod1east_component_registry_vol/assets/fonts/academy/academy.ttf?sz7yut was preloaded using link preload but not used within a few seconds from the window's load event. Please make sure it has an appropriate `as` value and it is preloaded intentionally. @ https://www.academy.com/p/glock-g48-mos-semi-auto-9mm-pistol:0
[17398217ms] [WARNING] The resource https://www.academy.com/static-assets/prod1east_component_registry_vol/assets/fonts/academy/academy.ttf?sz7yut was preloaded using link preload but not used within a few seconds from the window's load event. Please make sure it has an appropriate `as` value and it is preloaded intentionally. @ https://www.academy.com/p/glock-g48-mos-semi-auto-9mm-pistol:0
[17429698ms] [WARNING] The resource https://www.academy.com/static-assets/prod1east_component_registry_vol/assets/fonts/academy/academy.ttf?sz7yut was preloaded using link preload but not used within a few seconds from the window's load event. Please make sure it has an appropriate `as` value and it is preloaded intentionally. @ https://www.academy.com/p/glock-g48-mos-semi-auto-9mm-pistol:0
[17461214ms] [WARNING] The resource https://www.academy.com/static-assets/prod1east_component_registry_vol/assets/fonts/academy/academy.ttf?sz7yut was preloaded using link preload but not used within a few seconds from the window's load event. Please make sure it has an appropriate `as` value and it is preloaded intentionally. @ https://www.academy.com/p/glock-g48-mos-semi-auto-9mm-pistol:0
[17493113ms] [WARNING] The resource https://www.academy.com/static-assets/prod1east_component_registry_vol/assets/fonts/academy/academy.ttf?sz7yut was preloaded using link preload but not used within a few seconds from the window's load event. Please make sure it has an appropriate `as` value and it is preloaded intentionally. @ https://www.academy.com/p/glock-g48-mos-semi-auto-9mm-pistol:0
[17524729ms] [WARNING] The resource https://www.academy.com/static-assets/prod1east_component_registry_vol/assets/fonts/academy/academy.ttf?sz7yut was preloaded using link preload but not used within a few seconds from the window's load event. Please make sure it has an appropriate `as` value and it is preloaded intentionally. @ https://www.academy.com/p/glock-g48-mos-semi-auto-9mm-pistol:0
[17557111ms] [WARNING] The resource https://www.academy.com/static-assets/prod1east_component_registry_vol/assets/fonts/academy/academy.ttf?sz7yut was preloaded using link preload but not used within a few seconds from the window's load event. Please make sure it has an appropriate `as` value and it is preloaded intentionally. @ https://www.academy.com/p/glock-g48-mos-semi-auto-9mm-pistol:0
[17588469ms] [WARNING] The resource https://www.academy.com/static-assets/prod1east_component_registry_vol/assets/fonts/academy/academy.ttf?sz7yut was preloaded using link preload but not used within a few seconds from the window's load event. Please make sure it has an appropriate `as` value and it is preloaded intentionally. @ https://www.academy.com/p/glock-g48-mos-semi-auto-9mm-pistol:0
[17619948ms] [WARNING] The resource https://www.academy.com/static-assets/prod1east_component_registry_vol/assets/fonts/academy/academy.ttf?sz7yut was preloaded using link preload but not used within a few seconds from the window's load event. Please make sure it has an appropriate `as` value and it is preloaded intentionally. @ https://www.academy.com/p/glock-g48-mos-semi-auto-9mm-pistol:0
[17651461ms] [WARNING] The resource https://www.academy.com/static-assets/prod1east_component_registry_vol/assets/fonts/academy/academy.ttf?sz7yut was preloaded using link preload but not used within a few seconds from the window's load event. Please make sure it has an appropriate `as` value and it is preloaded intentionally. @ https://www.academy.com/p/glock-g48-mos-semi-auto-9mm-pistol:0
[17682976ms] [WARNING] The resource https://www.academy.com/static-assets/prod1east_component_registry_vol/assets/fonts/academy/academy.ttf?sz7yut was preloaded using link preload but not used within a few seconds from the window's load event. Please make sure it has an appropriate `as` value and it is preloaded intentionally. @ https://www.academy.com/p/glock-g48-mos-semi-auto-9mm-pistol:0
[17714514ms] [WARNING] The resource https://www.academy.com/static-assets/prod1east_component_registry_vol/assets/fonts/academy/academy.ttf?sz7yut was preloaded using link preload but not used within a few seconds from the window's load event. Please make sure it has an appropriate `as` value and it is preloaded intentionally. @ https://www.academy.com/p/glock-g48-mos-semi-auto-9mm-pistol:0
[17746016ms] [WARNING] The resource https://www.academy.com/static-assets/prod1east_component_registry_vol/assets/fonts/academy/academy.ttf?sz7yut was preloaded using link preload but not used within a few seconds from the window's load event. Please make sure it has an appropriate `as` value and it is preloaded intentionally. @ https://www.academy.com/p/glock-g48-mos-semi-auto-9mm-pistol:0
[17777598ms] [WARNING] The resource https://www.academy.com/static-assets/prod1east_component_registry_vol/assets/fonts/academy/academy.ttf?sz7yut was preloaded using link preload but not used within a few seconds from the window's load event. Please make sure it has an appropriate `as` value and it is preloaded intentionally. @ https://www.academy.com/p/glock-g48-mos-semi-auto-9mm-pistol:0
[17809236ms] [WARNING] The resource https://www.academy.com/static-assets/prod1east_component_registry_vol/assets/fonts/academy/academy.ttf?sz7yut was preloaded using link preload but not used within a few seconds from the window's load event. Please make sure it has an appropriate `as` value and it is preloaded intentionally. @ https://www.academy.com/p/glock-g48-mos-semi-auto-9mm-pistol:0
[17840998ms] [WARNING] The resource https://www.academy.com/static-assets/prod1east_component_registry_vol/assets/fonts/academy/academy.ttf?sz7yut was preloaded using link preload but not used within a few seconds from the window's load event. Please make sure it has an appropriate `as` value and it is preloaded intentionally. @ https://www.academy.com/p/glock-g48-mos-semi-auto-9mm-pistol:0
[17872767ms] [WARNING] The resource https://www.academy.com/static-assets/prod1east_component_registry_vol/assets/fonts/academy/academy.ttf?sz7yut was preloaded using link preload but not used within a few seconds from the window's load event. Please make sure it has an appropriate `as` value and it is preloaded intentionally. @ https://www.academy.com/p/glock-g48-mos-semi-auto-9mm-pistol:0
[17904233ms] [WARNING] The resource https://www.academy.com/static-assets/prod1east_component_registry_vol/assets/fonts/academy/academy.ttf?sz7yut was preloaded using link preload but not used within a few seconds from the window's load event. Please make sure it has an appropriate `as` value and it is preloaded intentionally. @ https://www.academy.com/p/glock-g48-mos-semi-auto-9mm-pistol:0
[17936290ms] [WARNING] The resource https://www.academy.com/static-assets/prod1east_component_registry_vol/assets/fonts/academy/academy.ttf?sz7yut was preloaded using link preload but not used within a few seconds from the window's load event. Please make sure it has an appropriate `as` value and it is preloaded intentionally. @ https://www.academy.com/p/glock-g48-mos-semi-auto-9mm-pistol:0
[17967793ms] [WARNING] The resource https://www.academy.com/static-assets/prod1east_component_registry_vol/assets/fonts/academy/academy.ttf?sz7yut was preloaded using link preload but not used within a few seconds from the window's load event. Please make sure it has an appropriate `as` value and it is preloaded intentionally. @ https://www.academy.com/p/glock-g48-mos-semi-auto-9mm-pistol:0
[17999336ms] [WARNING] The resource https://www.academy.com/static-assets/prod1east_component_registry_vol/assets/fonts/academy/academy.ttf?sz7yut was preloaded using link preload but not used within a few seconds from the window's load event. Please make sure it has an appropriate `as` value and it is preloaded intentionally. @ https://www.academy.com/p/glock-g48-mos-semi-auto-9mm-pistol:0
[18027347ms] [WARNING] The resource https://www.academy.com/static-assets/prod1east_component_registry_vol/assets/fonts/academy/academy.ttf?sz7yut was preloaded using link preload but not used within a few seconds from the window's load event. Please make sure it has an appropriate `as` value and it is preloaded intentionally. @ https://www.academy.com/p/glock-g48-mos-semi-auto-9mm-pistol:0
[18030829ms] [WARNING] The resource https://www.academy.com/static-assets/prod1east_component_registry_vol/assets/fonts/academy/academy.ttf?sz7yut was preloaded using link preload but not used within a few seconds from the window's load event. Please make sure it has an appropriate `as` value and it is preloaded intentionally. @ https://www.academy.com/p/glock-g48-mos-semi-auto-9mm-pistol:0
[18062343ms] [WARNING] The resource https://www.academy.com/static-assets/prod1east_component_registry_vol/assets/fonts/academy/academy.ttf?sz7yut was preloaded using link preload but not used within a few seconds from the window's load event. Please make sure it has an appropriate `as` value and it is preloaded intentionally. @ https://www.academy.com/p/glock-g48-mos-semi-auto-9mm-pistol:0
[18094348ms] [WARNING] The resource https://www.academy.com/static-assets/prod1east_component_registry_vol/assets/fonts/academy/academy.ttf?sz7yut was preloaded using link preload but not used within a few seconds from the window's load event. Please make sure it has an appropriate `as` value and it is preloaded intentionally. @ https://www.academy.com/p/glock-g48-mos-semi-auto-9mm-pistol:0
[18126249ms] [WARNING] The resource https://www.academy.com/static-assets/prod1east_component_registry_vol/assets/fonts/academy/academy.ttf?sz7yut was preloaded using link preload but not used within a few seconds from the window's load event. Please make sure it has an appropriate `as` value and it is preloaded intentionally. @ https://www.academy.com/p/glock-g48-mos-semi-auto-9mm-pistol:0
[18157768ms] [WARNING] The resource https://www.academy.com/static-assets/prod1east_component_registry_vol/assets/fonts/academy/academy.ttf?sz7yut was preloaded using link preload but not used within a few seconds from the window's load event. Please make sure it has an appropriate `as` value and it is preloaded intentionally. @ https://www.academy.com/p/glock-g48-mos-semi-auto-9mm-pistol:0
