[   85112ms] [WARNING] A matching frame for #user-profile-frame was missing from the response, transforming into full-page Visit. @ https://github.githubassets.com/assets/26533-f22c29ae5e9b1ed2.js:15
[   86365ms] [WARNING] A matching frame for #user-profile-frame was missing from the response, transforming into full-page Visit. @ https://github.githubassets.com/assets/26533-f22c29ae5e9b1ed2.js:15
[   88854ms] [ERROR] undefined @ https://github.githubassets.com/assets/26533-f22c29ae5e9b1ed2.js:15
[  109546ms] [ERROR] Failed to load resource: the server responded with a status of 404 () @ https://github.com/michaelcolenso/recall-radar/pull/19/partials/unread_timeline?since=2026-05-09T14%3A35%3A44.000000000-07%3A00:0
[  111182ms] [ERROR] Failed to load resource: the server responded with a status of 404 () @ https://github.com/michaelcolenso/recall-radar/pull/19/partials/unread_timeline?since=2026-05-09T14%3A35%3A44.000000000-07%3A00:0
[  205716ms] IndexSizeError: Failed to execute 'setEnd' on 'Range': There is no child at offset 71.
    at nl (https://github.githubassets.com/assets/46502-5047fe309bf37d8e.js:2:68767)
    at https://github.githubassets.com/assets/46502-5047fe309bf37d8e.js:2:61166
    at https://github.githubassets.com/assets/46502-5047fe309bf37d8e.js:2:64233
    at https://github.githubassets.com/assets/46502-5047fe309bf37d8e.js:2:60321
    at r4 (https://github.githubassets.com/assets/46502-5047fe309bf37d8e.js:2:60327)
    at r7 (https://github.githubassets.com/assets/46502-5047fe309bf37d8e.js:2:64307)
    at iP (https://github.githubassets.com/assets/46502-5047fe309bf37d8e.js:2:111751)
    at deleteLine (https://github.githubassets.com/assets/46502-5047fe309bf37d8e.js:2:115087)
    at i8.execCommand (https://github.githubassets.com/assets/46502-5047fe309bf37d8e.js:2:164145)
    at HTMLButtonElement.<anonymous> (https://github.githubassets.com/assets/editor-47ddaa3327868082.js:2:32780)
[  236552ms] [ERROR] Failed to load resource: the server responded with a status of 404 () @ https://github.com/michaelcolenso/recall-radar/pull/19/partials/unread_timeline?since=2026-05-09T14%3A37%3A44.000000000-07%3A00:0
[  255326ms] [ERROR] Failed to load resource: the server responded with a status of 404 () @ https://github.com/michaelcolenso/recall-radar/pull/19/partials/unread_timeline?since=2026-05-09T14%3A37%3A44.000000000-07%3A00:0
[12067993ms] [INFO] Autofocus processing was blocked because a document already has a focused element. @ https://github.com/michaelcolenso/recall-radar:0
[12131888ms] [ERROR] Failed to load resource: the server responded with a status of 404 () @ https://github.com/michaelcolenso/recall-radar/pull/19/partials/unread_timeline?since=2026-05-09T17%3A56%3A06.000000000-07%3A00:0
